Component: ARM Compiler 5.06 update 1 (build 61) Tool: armlink [4d35a8]

==============================================================================

Section Cross References

    startup_stm32f407xx.o(RESET) refers to startup_stm32f407xx.o(STACK) for __initial_sp
    startup_stm32f407xx.o(RESET) refers to startup_stm32f407xx.o(.text) for Reset_Handler
    startup_stm32f407xx.o(RESET) refers to stm32f4xx_it.o(i.SVC_Handler) for SVC_Handler
    startup_stm32f407xx.o(RESET) refers to stm32f4xx_it.o(i.PendSV_Handler) for PendSV_Handler
    startup_stm32f407xx.o(RESET) refers to stm32f4xx_it.o(i.SysTick_Handler) for SysTick_Handler
    startup_stm32f407xx.o(RESET) refers to stm32f4xx_it.o(i.USART1_IRQHandler) for USART1_IRQHandler
    startup_stm32f407xx.o(RESET) refers to stm32f4xx_it.o(i.OTG_HS_IRQHandler) for OTG_HS_IRQHandler
    startup_stm32f407xx.o(.text) refers to system_stm32f4xx.o(i.SystemInit) for SystemInit
    startup_stm32f407xx.o(.text) refers to entry.o(.ARM.Collect$$$$00000000) for __main
    diskio.o(i.disk_initialize) refers to ff_gen_drv.o(.bss) for disk
    diskio.o(i.disk_ioctl) refers to ff_gen_drv.o(.bss) for disk
    diskio.o(i.disk_read) refers to ff_gen_drv.o(.bss) for disk
    diskio.o(i.disk_status) refers to ff_gen_drv.o(.bss) for disk
    diskio.o(i.disk_write) refers to ff_gen_drv.o(.bss) for disk
    ff_gen_drv.o(i.FATFS_GetAttachedDriversNbr) refers to ff_gen_drv.o(.bss) for .bss
    ff_gen_drv.o(i.FATFS_LinkDriver) refers to ff_gen_drv.o(i.FATFS_LinkDriverEx) for FATFS_LinkDriverEx
    ff_gen_drv.o(i.FATFS_LinkDriverEx) refers to ff_gen_drv.o(.bss) for .bss
    ff_gen_drv.o(i.FATFS_UnLinkDriver) refers to ff_gen_drv.o(i.FATFS_UnLinkDriverEx) for FATFS_UnLinkDriverEx
    ff_gen_drv.o(i.FATFS_UnLinkDriverEx) refers to ff_gen_drv.o(.bss) for .bss
    ff.o(i.check_fs) refers to ff.o(i.move_window) for move_window
    ff.o(i.chk_lock) refers to ff.o(.bss) for .bss
    ff.o(i.clear_lock) refers to ff.o(.bss) for .bss
    ff.o(i.create_chain) refers to ff.o(i.get_fat) for get_fat
    ff.o(i.create_chain) refers to ff.o(i.put_fat) for put_fat
    ff.o(i.create_name) refers to ff.o(i.mem_set) for mem_set
    ff.o(i.create_name) refers to ff.o(.constdata) for .constdata
    ff.o(i.dec_lock) refers to ff.o(.bss) for .bss
    ff.o(i.dir_next) refers to ff.o(i.get_fat) for get_fat
    ff.o(i.dir_next) refers to ff.o(i.create_chain) for create_chain
    ff.o(i.dir_next) refers to ff.o(i.sync_window) for sync_window
    ff.o(i.dir_next) refers to ff.o(i.mem_set) for mem_set
    ff.o(i.dir_next) refers to ff.o(i.clust2sect) for clust2sect
    ff.o(i.dir_read) refers to ff.o(i.move_window) for move_window
    ff.o(i.dir_read) refers to ff.o(i.dir_next) for dir_next
    ff.o(i.dir_register) refers to ff.o(i.dir_sdi) for dir_sdi
    ff.o(i.dir_register) refers to ff.o(i.move_window) for move_window
    ff.o(i.dir_register) refers to ff.o(i.dir_next) for dir_next
    ff.o(i.dir_register) refers to ff.o(i.mem_set) for mem_set
    ff.o(i.dir_register) refers to ff.o(i.mem_cpy) for mem_cpy
    ff.o(i.dir_remove) refers to ff.o(i.dir_sdi) for dir_sdi
    ff.o(i.dir_remove) refers to ff.o(i.move_window) for move_window
    ff.o(i.dir_remove) refers to ff.o(i.mem_set) for mem_set
    ff.o(i.dir_sdi) refers to ff.o(i.get_fat) for get_fat
    ff.o(i.dir_sdi) refers to ff.o(i.clust2sect) for clust2sect
    ff.o(i.f_chmod) refers to ff.o(i.find_volume) for find_volume
    ff.o(i.f_chmod) refers to ff.o(i.follow_path) for follow_path
    ff.o(i.f_chmod) refers to ff.o(i.sync_fs) for sync_fs
    ff.o(i.f_close) refers to ff.o(i.f_sync) for f_sync
    ff.o(i.f_close) refers to ff.o(i.validate) for validate
    ff.o(i.f_close) refers to ff.o(i.dec_lock) for dec_lock
    ff.o(i.f_closedir) refers to ff.o(i.validate) for validate
    ff.o(i.f_closedir) refers to ff.o(i.dec_lock) for dec_lock
    ff.o(i.f_getfree) refers to ff.o(i.find_volume) for find_volume
    ff.o(i.f_getfree) refers to ff.o(i.get_fat) for get_fat
    ff.o(i.f_getfree) refers to ff.o(i.move_window) for move_window
    ff.o(i.f_gets) refers to ff.o(i.f_read) for f_read
    ff.o(i.f_lseek) refers to ff.o(i.validate) for validate
    ff.o(i.f_lseek) refers to ff.o(i.clmt_clust) for clmt_clust
    ff.o(i.f_lseek) refers to ff.o(i.clust2sect) for clust2sect
    ff.o(i.f_lseek) refers to diskio.o(i.disk_write) for disk_write
    ff.o(i.f_lseek) refers to ff.o(i.get_fat) for get_fat
    ff.o(i.f_lseek) refers to diskio.o(i.disk_read) for disk_read
    ff.o(i.f_lseek) refers to ff.o(i.create_chain) for create_chain
    ff.o(i.f_mkdir) refers to fatfs.o(i.get_fattime) for get_fattime
    ff.o(i.f_mkdir) refers to ff.o(i.find_volume) for find_volume
    ff.o(i.f_mkdir) refers to ff.o(i.follow_path) for follow_path
    ff.o(i.f_mkdir) refers to ff.o(i.create_chain) for create_chain
    ff.o(i.f_mkdir) refers to ff.o(i.sync_window) for sync_window
    ff.o(i.f_mkdir) refers to ff.o(i.clust2sect) for clust2sect
[...]
    Removing stm32f4xx_hal_pwr.o(i.HAL_PWR_EnterSTANDBYMode), (32 bytes).
    Removing stm32f4xx_hal_pwr.o(i.HAL_PWR_EnterSTOPMode), (56 bytes).
    Removing stm32f4xx_hal_pwr.o(i.HAL_PWR_PVDCallback), (2 bytes).
    Removing stm32f4xx_hal_pwr.o(i.HAL_PWR_PVD_IRQHandler), (28 bytes).
    Removing stm32f4xx_hal_dma.o(.rev16_text), (4 bytes).
    Removing stm32f4xx_hal_dma.o(.revsh_text), (4 bytes).
    Removing stm32f4xx_hal_dma.o(.rrx_text), (6 bytes).
    Removing stm32f4xx_hal_dma.o(i.DMA_CalcBaseAndBitshift), (40 bytes).
    Removing stm32f4xx_hal_dma.o(i.DMA_CheckFifoParam), (84 bytes).
    Removing stm32f4xx_hal_dma.o(i.DMA_SetConfig), (40 bytes).
    Removing stm32f4xx_hal_dma.o(i.HAL_DMA_Abort), (142 bytes).
    Removing stm32f4xx_hal_dma.o(i.HAL_DMA_DeInit), (86 bytes).
    Removing stm32f4xx_hal_dma.o(i.HAL_DMA_GetError), (4 bytes).
    Removing stm32f4xx_hal_dma.o(i.HAL_DMA_GetState), (6 bytes).
    Removing stm32f4xx_hal_dma.o(i.HAL_DMA_IRQHandler), (424 bytes).
    Removing stm32f4xx_hal_dma.o(i.HAL_DMA_Init), (208 bytes).
    Removing stm32f4xx_hal_dma.o(i.HAL_DMA_PollForTransfer), (300 bytes).
    Removing stm32f4xx_hal_dma.o(i.HAL_DMA_RegisterCallback), (80 bytes).
    Removing stm32f4xx_hal_dma.o(i.HAL_DMA_Start), (70 bytes).
    Removing stm32f4xx_hal_dma.o(i.HAL_DMA_Start_IT), (120 bytes).
    Removing stm32f4xx_hal_dma.o(i.HAL_DMA_UnRegisterCallback), (96 bytes).
    Removing stm32f4xx_hal_dma.o(.constdata), (8 bytes).

788 unused section(s) (total 62251 bytes) removed from the image.

==============================================================================

Image Symbol Table

    Local Symbols

    Symbol Name                              Value     Ov Type        Size  Object(Section)

    ../Drivers/CMSIS/Device/ST/STM32F4xx/Source/Templates/system_stm32f4xx.c 0x00000000   Number         0  system_stm32f4xx.o ABSOLUTE
    ../Drivers/STM32F4xx_HAL_Driver/Src/stm32f4xx_hal.c 0x00000000   Number         0  stm32f4xx_hal.o ABSOLUTE
    ../Drivers/STM32F4xx_HAL_Driver/Src/stm32f4xx_hal_cortex.c 0x00000000   Number         0  stm32f4xx_hal_cortex.o ABSOLUTE
    ../Drivers/STM32F4xx_HAL_Driver/Src/stm32f4xx_hal_dma.c 0x00000000   Number         0  stm32f4xx_hal_dma.o ABSOLUTE
    ../Drivers/STM32F4xx_HAL_Driver/Src/stm32f4xx_hal_dma_ex.c 0x00000000   Number         0  stm32f4xx_hal_dma_ex.o ABSOLUTE
    ../Drivers/STM32F4xx_HAL_Driver/Src/stm32f4xx_hal_flash.c 0x00000000   Number         0  stm32f4xx_hal_flash.o ABSOLUTE
    ../Drivers/STM32F4xx_HAL_Driver/Src/stm32f4xx_hal_flash_ex.c 0x00000000   Number         0  stm32f4xx_hal_flash_ex.o ABSOLUTE
    ../Drivers/STM32F4xx_HAL_Driver/Src/stm32f4xx_hal_flash_ramfunc.c 0x00000000   Number         0  stm32f4xx_hal_flash_ramfunc.o ABSOLUTE
    ../Drivers/STM32F4xx_HAL_Driver/Src/stm32f4xx_hal_gpio.c 0x00000000   Number         0  stm32f4xx_hal_gpio.o ABSOLUTE
    ../Drivers/STM32F4xx_HAL_Driver/Src/stm32f4xx_hal_i2c.c 0x00000000   Number         0  stm32f4xx_hal_i2c.o ABSOLUTE
    ../Drivers/STM32F4xx_HAL_Driver/Src/stm32f4xx_hal_i2c_ex.c 0x00000000   Number         0  stm32f4xx_hal_i2c_ex.o ABSOLUTE
    ../Drivers/STM32F4xx_HAL_Driver/Src/stm32f4xx_hal_pcd.c 0x00000000   Number         0  stm32f4xx_hal_pcd.o ABSOLUTE
    ../Drivers/STM32F4xx_HAL_Driver/Src/stm32f4xx_hal_pcd_ex.c 0x00000000   Number         0  stm32f4xx_hal_pcd_ex.o ABSOLUTE
    ../Drivers/STM32F4xx_HAL_Driver/Src/stm32f4xx_hal_pwr.c 0x00000000   Number         0  stm32f4xx_hal_pwr.o ABSOLUTE
    ../Drivers/STM32F4xx_HAL_Driver/Src/stm32f4xx_hal_pwr_ex.c 0x00000000   Number         0  stm32f4xx_hal_pwr_ex.o ABSOLUTE
    ../Drivers/STM32F4xx_HAL_Driver/Src/stm32f4xx_hal_rcc.c 0x00000000   Number         0  stm32f4xx_hal_rcc.o ABSOLUTE
    ../Drivers/STM32F4xx_HAL_Driver/Src/stm32f4xx_hal_rcc_ex.c 0x00000000   Number         0  stm32f4xx_hal_rcc_ex.o ABSOLUTE
    ../Drivers/STM32F4xx_HAL_Driver/Src/stm32f4xx_hal_sd.c 0x00000000   Number         0  stm32f4xx_hal_sd.o ABSOLUTE
    ../Drivers/STM32F4xx_HAL_Driver/Src/stm32f4xx_hal_spi.c 0x00000000   Number         0  stm32f4xx_hal_spi.o ABSOLUTE
    ../Drivers/STM32F4xx_HAL_Driver/Src/stm32f4xx_hal_sram.c 0x00000000   Number         0  stm32f4xx_hal_sram.o ABSOLUTE
    ../Drivers/STM32F4xx_HAL_Driver/Src/stm32f4xx_hal_tim.c 0x00000000   Number         0  stm32f4xx_hal_tim.o ABSOLUTE
    ../Drivers/STM32F4xx_HAL_Driver/Src/stm32f4xx_hal_tim_ex.c 0x00000000   Number         0  stm32f4xx_hal_tim_ex.o ABSOLUTE
    ../Drivers/STM32F4xx_HAL_Driver/Src/stm32f4xx_hal_uart.c 0x00000000   Number         0  stm32f4xx_hal_uart.o ABSOLUTE
    ../Drivers/STM32F4xx_HAL_Driver/Src/stm32f4xx_ll_fsmc.c 0x00000000   Number         0  stm32f4xx_ll_fsmc.o ABSOLUTE
    ../Drivers/STM32F4xx_HAL_Driver/Src/stm32f4xx_ll_sdmmc.c 0x00000000   Number         0  stm32f4xx_ll_sdmmc.o ABSOLUTE
    ../Drivers/STM32F4xx_HAL_Driver/Src/stm32f4xx_ll_usb.c 0x00000000   Number         0  stm32f4xx_ll_usb.o ABSOLUTE
    ../Middlewares/ST/STM32_USB_Device_Library/Class/MSC/Src/usbd_msc.c 0x00000000   Number         0  usbd_msc.o ABSOLUTE
    ../Middlewares/ST/STM32_USB_Device_Library/Class/MSC/Src/usbd_msc_bot.c 0x00000000   Number         0  usbd_msc_bot.o ABSOLUTE
    ../Middlewares/ST/STM32_USB_Device_Library/Class/MSC/Src/usbd_msc_data.c 0x00000000   Number         0  usbd_msc_data.o ABSOLUTE
    ../Middlewares/ST/STM32_USB_Device_Library/Class/MSC/Src/usbd_msc_scsi.c 0x00000000   Number         0  usbd_msc_scsi.o ABSOLUTE
    ../Middlewares/ST/STM32_USB_Device_Library/Core/Src/usbd_core.c 0x00000000   Number         0  usbd_core.o ABSOLUTE
    ../Middlewares/ST/STM32_USB_Device_Library/Core/Src/usbd_ctlreq.c 0x00000000   Number         0  usbd_ctlreq.o ABSOLUTE
    ../Middlewares/ST/STM32_USB_Device_Library/Core/Src/usbd_ioreq.c 0x00000000   Number         0  usbd_ioreq.o ABSOLUTE
    ../Middlewares/Third_Party/FatFs/src/diskio.c 0x00000000   Number         0  diskio.o ABSOLUTE
    ../Middlewares/Third_Party/FatFs/src/drivers/sd_diskio.c 0x00000000   Number         0  sd_diskio.o ABSOLUTE
    ../Middlewares/Third_Party/FatFs/src/ff.c 0x00000000   Number         0  ff.o ABSOLUTE
    ../Middlewares/Third_Party/FatFs/src/ff_gen_drv.c 0x00000000   Number         0  ff_gen_drv.o ABSOLUTE
    ../Middlewares/Third_Party/FatFs/src/option/syscall.c 0x00000000   Number         0  syscall.o ABSOLUTE
    ../Src/bsp_driver_sd.c                   0x00000000   Number         0  bsp_driver_sd.o ABSOLUTE
    ../Src/fatfs.c                           0x00000000   Number         0  fatfs.o ABSOLUTE
    ../Src/main.c                            0x00000000   Number         0  main.o ABSOLUTE
    ../Src/stm32f4xx_hal_msp.c               0x00000000   Number         0  stm32f4xx_hal_msp.o ABSOLUTE
    ../Src/stm32f4xx_it.c                    0x00000000   Number         0  stm32f4xx_it.o ABSOLUTE
    ../Src/usb_device.c                      0x00000000   Number         0  usb_device.o ABSOLUTE
    ../Src/usbd_conf.c                       0x00000000   Number         0  usbd_conf.o ABSOLUTE
    ../Src/usbd_desc.c                       0x00000000   Number         0  usbd_desc.o ABSOLUTE
    ../Src/usbd_storage_if.c                 0x00000000   Number         0  usbd_storage_if.o ABSOLUTE
    ../Src/user_diskio.c                     0x00000000   Number         0  user_diskio.o ABSOLUTE
    ../clib/microlib/division.c              0x00000000   Number         0  uldiv.o ABSOLUTE
    ../clib/microlib/division.c              0x00000000   Number         0  uidiv.o ABSOLUTE
    ../clib/microlib/init/entry.s            0x00000000   Number         0  entry8b.o ABSOLUTE
    ../clib/microlib/init/entry.s            0x00000000   Number         0  entry2.o ABSOLUTE
    ../clib/microlib/init/entry.s            0x00000000   Number         0  entry5.o ABSOLUTE
    ../clib/microlib/init/entry.s            0x00000000   Number         0  entry7a.o ABSOLUTE
    ../clib/microlib/init/entry.s            0x00000000   Number         0  entry7b.o ABSOLUTE
    ../clib/microlib/init/entry.s            0x00000000   Number         0  entry.o ABSOLUTE
    ../clib/microlib/init/entry.s            0x00000000   Number         0  entry8a.o ABSOLUTE
    ../clib/microlib/init/entry.s            0x00000000   Number         0  entry11b.o ABSOLUTE
    ../clib/microlib/init/entry.s            0x00000000   Number         0  entry9a.o ABSOLUTE
    ../clib/microlib/init/entry.s            0x00000000   Number         0  entry11a.o ABSOLUTE
    ../clib/microlib/init/entry.s            0x00000000   Number         0  entry10b.o ABSOLUTE
    ../clib/microlib/init/entry.s            0x00000000   Number         0  entry10a.o ABSOLUTE
    ../clib/microlib/init/entry.s            0x00000000   Number         0  entry9b.o ABSOLUTE
    ../clib/microlib/longlong.c              0x00000000   Number         0  llsshr.o ABSOLUTE
    ../clib/microlib/longlong.c              0x00000000   Number         0  llushr.o ABSOLUTE
    ../clib/microlib/longlong.c              0x00000000   Number         0  llshl.o ABSOLUTE
    ../clib/microlib/malloc/malloc.c         0x00000000   Number         0  mallocra.o ABSOLUTE
    ../clib/microlib/malloc/malloc.c         0x00000000   Number         0  malloca.o ABSOLUTE
    ../clib/microlib/malloc/malloc.c         0x00000000   Number         0  mallocr.o ABSOLUTE
    ../clib/microlib/malloc/malloc.c         0x00000000   Number         0  malloc.o ABSOLUTE
    ../clib/microlib/malloc/mvars.c          0x00000000   Number         0  mvars.o ABSOLUTE
    ../clib/microlib/printf/printf.c         0x00000000   Number         0  printf2.o ABSOLUTE
    ../clib/microlib/printf/printf.c         0x00000000   Number         0  printf3.o ABSOLUTE
    ../clib/microlib/printf/printf.c         0x00000000   Number         0  printf4.o ABSOLUTE
    ../clib/microlib/printf/printf.c         0x00000000   Number         0  printf5.o ABSOLUTE
    ../clib/microlib/printf/printf.c         0x00000000   Number         0  printf6.o ABSOLUTE
    ../clib/microlib/printf/printf.c         0x00000000   Number         0  printf7.o ABSOLUTE
    ../clib/microlib/printf/printf.c         0x00000000   Number         0  printf8.o ABSOLUTE
    ../clib/microlib/printf/printf.c         0x00000000   Number         0  printfa.o ABSOLUTE
    ../clib/microlib/printf/printf.c         0x00000000   Number         0  printfb.o ABSOLUTE
    ../clib/microlib/printf/printf.c         0x00000000   Number         0  printf0.o ABSOLUTE
    ../clib/microlib/printf/printf.c         0x00000000   Number         0  printf1.o ABSOLUTE
    ../clib/microlib/printf/stubs.s          0x00000000   Number         0  stubs.o ABSOLUTE
    ../clib/microlib/stdio/streams.c         0x00000000   Number         0  stdout.o ABSOLUTE
    ../clib/microlib/string/memcpy.c         0x00000000   Number         0  memcpya.o ABSOLUTE
    ../clib/microlib/string/memcpy.c         0x00000000   Number         0  memcpyb.o ABSOLUTE
    ../clib/microlib/string/memset.c         0x00000000   Number         0  memseta.o ABSOLUTE
    ../clib/microlib/stubs.s                 0x00000000   Number         0  iusefp.o ABSOLUTE
    ../fplib/microlib/fpadd.c                0x00000000   Number         0  dadd.o ABSOLUTE
    ../fplib/microlib/fpdiv.c                0x00000000   Number         0  ddiv.o ABSOLUTE
    ../fplib/microlib/fpepilogue.c           0x00000000   Number         0  depilogue.o ABSOLUTE
    ../fplib/microlib/fpfix.c                0x00000000   Number         0  dfixul.o ABSOLUTE
    ../fplib/microlib/fpmul.c                0x00000000   Number         0  dmul.o ABSOLUTE
    ..\Drivers\CMSIS\Device\ST\STM32F4xx\Source\Templates\system_stm32f4xx.c 0x00000000   Number         0  system_stm32f4xx.o ABSOLUTE
    ..\Drivers\STM32F4xx_HAL_Driver\Src\stm32f4xx_hal.c 0x00000000   Number         0  stm32f4xx_hal.o ABSOLUTE
    ..\Drivers\STM32F4xx_HAL_Driver\Src\stm32f4xx_hal_cortex.c 0x00000000   Number         0  stm32f4xx_hal_cortex.o ABSOLUTE
    ..\Drivers\STM32F4xx_HAL_Driver\Src\stm32f4xx_hal_dma.c 0x00000000   Number         0  stm32f4xx_hal_dma.o ABSOLUTE
    ..\Drivers\STM32F4xx_HAL_Driver\Src\stm32f4xx_hal_dma_ex.c 0x00000000   Number         0  stm32f4xx_hal_dma_ex.o ABSOLUTE
    ..\Drivers\STM32F4xx_HAL_Driver\Src\stm32f4xx_hal_flash.c 0x00000000   Number         0  stm32f4xx_hal_flash.o ABSOLUTE
    ..\Drivers\STM32F4xx_HAL_Driver\Src\stm32f4xx_hal_flash_ex.c 0x00000000   Number         0  stm32f4xx_hal_flash_ex.o ABSOLUTE
    ..\Drivers\STM32F4xx_HAL_Driver\Src\stm32f4xx_hal_flash_ramfunc.c 0x00000000   Number         0  stm32f4xx_hal_flash_ramfunc.o ABSOLUTE
    ..\Drivers\STM32F4xx_HAL_Driver\Src\stm32f4xx_hal_gpio.c 0x00000000   Number         0  stm32f4xx_hal_gpio.o ABSOLUTE
    ..\Drivers\STM32F4xx_HAL_Driver\Src\stm32f4xx_hal_i2c.c 0x00000000   Number         0  stm32f4xx_hal_i2c.o ABSOLUTE
    ..\Drivers\STM32F4xx_HAL_Driver\Src\stm32f4xx_hal_i2c_ex.c 0x00000000   Number         0  stm32f4xx_hal_i2c_ex.o ABSOLUTE
    ..\Drivers\STM32F4xx_HAL_Driver\Src\stm32f4xx_hal_pcd.c 0x00000000   Number         0  stm32f4xx_hal_pcd.o ABSOLUTE
    ..\Drivers\STM32F4xx_HAL_Driver\Src\stm32f4xx_hal_pcd_ex.c 0x00000000   Number         0  stm32f4xx_hal_pcd_ex.o ABSOLUTE
    ..\Drivers\STM32F4xx_HAL_Driver\Src\stm32f4xx_hal_pwr.c 0x00000000   Number         0  stm32f4xx_hal_pwr.o ABSOLUTE
    ..\Drivers\STM32F4xx_HAL_Driver\Src\stm32f4xx_hal_pwr_ex.c 0x00000000   Number         0  stm32f4xx_hal_pwr_ex.o ABSOLUTE
    ..\Drivers\STM32F4xx_HAL_Driver\Src\stm32f4xx_hal_rcc.c 0x00000000   Number         0  stm32f4xx_hal_rcc.o ABSOLUTE
    ..\Drivers\STM32F4xx_HAL_Driver\Src\stm32f4xx_hal_rcc_ex.c 0x00000000   Number         0  stm32f4xx_hal_rcc_ex.o ABSOLUTE
    ..\Drivers\STM32F4xx_HAL_Driver\Src\stm32f4xx_hal_sd.c 0x00000000   Number         0  stm32f4xx_hal_sd.o ABSOLUTE
    ..\Drivers\STM32F4xx_HAL_Driver\Src\stm32f4xx_hal_spi.c 0x00000000   Number         0  stm32f4xx_hal_spi.o ABSOLUTE
    ..\Drivers\STM32F4xx_HAL_Driver\Src\stm32f4xx_hal_sram.c 0x00000000   Number         0  stm32f4xx_hal_sram.o ABSOLUTE
    ..\Drivers\STM32F4xx_HAL_Driver\Src\stm32f4xx_hal_tim.c 0x00000000   Number         0  stm32f4xx_hal_tim.o ABSOLUTE
    ..\Drivers\STM32F4xx_HAL_Driver\Src\stm32f4xx_hal_tim_ex.c 0x00000000   Number         0  stm32f4xx_hal_tim_ex.o ABSOLUTE
    ..\Drivers\STM32F4xx_HAL_Driver\Src\stm32f4xx_hal_uart.c 0x00000000   Number         0  stm32f4xx_hal_uart.o ABSOLUTE
    ..\Drivers\STM32F4xx_HAL_Driver\Src\stm32f4xx_ll_fsmc.c 0x00000000   Number         0  stm32f4xx_ll_fsmc.o ABSOLUTE
    ..\Drivers\STM32F4xx_HAL_Driver\Src\stm32f4xx_ll_sdmmc.c 0x00000000   Number         0  stm32f4xx_ll_sdmmc.o ABSOLUTE
    ..\Drivers\STM32F4xx_HAL_Driver\Src\stm32f4xx_ll_usb.c 0x00000000   Number         0  stm32f4xx_ll_usb.o ABSOLUTE
    ..\Middlewares\ST\STM32_USB_Device_Library\Class\MSC\Src\usbd_msc.c 0x00000000   Number         0  usbd_msc.o ABSOLUTE
    ..\Middlewares\ST\STM32_USB_Device_Library\Class\MSC\Src\usbd_msc_bot.c 0x00000000   Number         0  usbd_msc_bot.o ABSOLUTE
    ..\Middlewares\ST\STM32_USB_Device_Library\Class\MSC\Src\usbd_msc_data.c 0x00000000   Number         0  usbd_msc_data.o ABSOLUTE
    ..\Middlewares\ST\STM32_USB_Device_Library\Class\MSC\Src\usbd_msc_scsi.c 0x00000000   Number         0  usbd_msc_scsi.o ABSOLUTE
    ..\Middlewares\ST\STM32_USB_Device_Library\Core\Src\usbd_core.c 0x00000000   Number         0  usbd_core.o ABSOLUTE
    ..\Middlewares\ST\STM32_USB_Device_Library\Core\Src\usbd_ctlreq.c 0x00000000   Number         0  usbd_ctlreq.o ABSOLUTE
    ..\Middlewares\ST\STM32_USB_Device_Library\Core\Src\usbd_ioreq.c 0x00000000   Number         0  usbd_ioreq.o ABSOLUTE
    ..\Middlewares\Third_Party\FatFs\src\diskio.c 0x00000000   Number         0  diskio.o ABSOLUTE
    ..\Middlewares\Third_Party\FatFs\src\drivers\sd_diskio.c 0x00000000   Number         0  sd_diskio.o ABSOLUTE
    ..\Middlewares\Third_Party\FatFs\src\ff.c 0x00000000   Number         0  ff.o ABSOLUTE
    ..\Middlewares\Third_Party\FatFs\src\ff_gen_drv.c 0x00000000   Number         0  ff_gen_drv.o ABSOLUTE
    ..\Middlewares\Third_Party\FatFs\src\option\syscall.c 0x00000000   Number         0  syscall.o ABSOLUTE
    ..\Src\APP_COG.c                         0x00000000   Number         0  app_cog.o ABSOLUTE
    ..\Src\APP_W25Q128.c                     0x00000000   Number         0  app_w25q128.o ABSOLUTE
    ..\Src\DRI_COG.c                         0x00000000   Number         0  dri_cog.o ABSOLUTE
    ..\Src\DRI_FPGA.c                        0x00000000   Number         0  dri_fpga.o ABSOLUTE
    ..\Src\DRI_SPI.c                         0x00000000   Number         0  dri_spi.o ABSOLUTE
    ..\Src\bsp_driver_sd.c                   0x00000000   Number         0  bsp_driver_sd.o ABSOLUTE
    ..\Src\fatfs.c                           0x00000000   Number         0  fatfs.o ABSOLUTE
    ..\Src\main.c                            0x00000000   Number         0  main.o ABSOLUTE
    ..\Src\stm32f4xx_hal_msp.c               0x00000000   Number         0  stm32f4xx_hal_msp.o ABSOLUTE
    ..\Src\stm32f4xx_it.c                    0x00000000   Number         0  stm32f4xx_it.o ABSOLUTE
    ..\Src\usb_device.c                      0x00000000   Number         0  usb_device.o ABSOLUTE
    ..\Src\usbd_conf.c                       0x00000000   Number         0  usbd_conf.o ABSOLUTE
    ..\Src\usbd_desc.c                       0x00000000   Number         0  usbd_desc.o ABSOLUTE
    ..\Src\usbd_storage_if.c                 0x00000000   Number         0  usbd_storage_if.o ABSOLUTE
    ..\Src\user_diskio.c                     0x00000000   Number         0  user_diskio.o ABSOLUTE
    ..\\Src\\APP_COG.c                       0x00000000   Number         0  app_cog.o ABSOLUTE
    ..\\Src\\APP_W25Q128.c                   0x00000000   Number         0  app_w25q128.o ABSOLUTE
    ..\\Src\\DRI_COG.c                       0x00000000   Number         0  dri_cog.o ABSOLUTE
    ..\\Src\\DRI_FPGA.c                      0x00000000   Number         0  dri_fpga.o ABSOLUTE
    ..\\Src\\DRI_SPI.c                       0x00000000   Number         0  dri_spi.o ABSOLUTE
    cdrcmple.s                               0x00000000   Number         0  cdrcmple.o ABSOLUTE
    dc.s                                     0x00000000   Number         0  dc.o ABSOLUTE
    handlers.s                               0x00000000   Number         0  handlers.o ABSOLUTE
    init.s                                   0x00000000   Number         0  init.o ABSOLUTE
    startup_stm32f407xx.s                    0x00000000   Number         0  startup_stm32f407xx.o ABSOLUTE
    RESET                                    0x08040000   Section      392  startup_stm32f407xx.o(RESET)
    .ARM.Collect$$$$00000000                 0x08040188   Section        0  entry.o(.ARM.Collect$$$$00000000)
    .ARM.Collect$$$$00000001                 0x08040188   Section        4  entry2.o(.ARM.Collect$$$$00000001)
    .ARM.Collect$$$$00000004                 0x0804018c   Section        4  entry5.o(.ARM.Collect$$$$00000004)
    .ARM.Collect$$$$00000008                 0x08040190   Section        0  entry7b.o(.ARM.Collect$$$$00000008)
    .ARM.Collect$$$$0000000A                 0x08040190   Section        0  entry8b.o(.ARM.Collect$$$$0000000A)
    .ARM.Collect$$$$0000000B                 0x08040190   Section        8  entry9a.o(.ARM.Collect$$$$0000000B)
    .ARM.Collect$$$$0000000D                 0x08040198   Section        0  entry10a.o(.ARM.Collect$$$$0000000D)
    .ARM.Collect$$$$0000000F                 0x08040198   Section        0  entry11a.o(.ARM.Collect$$$$0000000F)
    .ARM.Collect$$$$00002712                 0x08040198   Section        4  entry2.o(.ARM.Collect$$$$00002712)
    __lit__00000000                          0x08040198   Data           4  entry2.o(.ARM.Collect$$$$00002712)
    .text                                    0x0804019c   Section       36  startup_stm32f407xx.o(.text)
    $v0                                      0x0804019c   Number         0  startup_stm32f407xx.o(.text)
    .text                                    0x080401c0   Section        0  uidiv.o(.text)
    .text                                    0x080401ec   Section        0  uldiv.o(.text)
    .text                                    0x0804024e   Section        0  dadd.o(.text)
    .text                                    0x0804024e   Section        0  iusefp.o(.text)
    .text                                    0x0804039c   Section        0  dmul.o(.text)
    .text                                    0x08040480   Section        0  ddiv.o(.text)
    .text                                    0x0804055e   Section        0  dfixul.o(.text)
    .text                                    0x08040590   Section       48  cdrcmple.o(.text)
    .text                                    0x080405c0   Section       36  init.o(.text)
    .text                                    0x080405e4   Section        0  llshl.o(.text)
    .text                                    0x08040602   Section        0  llushr.o(.text)
    .text                                    0x08040622   Section        0  llsshr.o(.text)
    .text                                    0x08040646   Section        0  depilogue.o(.text)
    i.FSMC_NORSRAM_Extended_Timing_Init      0x08040700   Section        0  stm32f4xx_ll_fsmc.o(i.FSMC_NORSRAM_Extended_Timing_Init)
    i.FSMC_NORSRAM_Init                      0x08040740   Section        0  stm32f4xx_ll_fsmc.o(i.FSMC_NORSRAM_Init)
    i.FSMC_NORSRAM_Timing_Init               0x08040794   Section        0  stm32f4xx_ll_fsmc.o(i.FSMC_NORSRAM_Timing_Init)
    i.HAL_DMA_Abort_IT                       0x080407d8   Section        0  stm32f4xx_hal_dma.o(i.HAL_DMA_Abort_IT)
    i.HAL_FSMC_MspInit                       0x080407fc   Section        0  stm32f4xx_hal_msp.o(i.HAL_FSMC_MspInit)
    HAL_FSMC_MspInit                         0x080407fd   Thumb Code    90  stm32f4xx_hal_msp.o(i.HAL_FSMC_MspInit)
    i.HAL_GPIO_Init                          0x08040868   Section        0  stm32f4xx_hal_gpio.o(i.HAL_GPIO_Init)
    i.HAL_GPIO_WritePin                      0x08040a18   Section        0  stm32f4xx_hal_gpio.o(i.HAL_GPIO_WritePin)
    i.HAL_GetTick                            0x08040a24   Section        0  stm32f4xx_hal.o(i.HAL_GetTick)
    i.HAL_IncTick                            0x08040a30   Section        0  stm32f4xx_hal.o(i.HAL_IncTick)
    i.HAL_Init                               0x08040a40   Section        0  stm32f4xx_hal.o(i.HAL_Init)
    i.HAL_InitTick                           0x08040a74   Section        0  stm32f4xx_hal.o(i.HAL_InitTick)
    i.HAL_MspInit                            0x08040a9c   Section        0  stm32f4xx_hal_msp.o(i.HAL_MspInit)
    i.HAL_NVIC_EnableIRQ                     0x08040af4   Section        0  stm32f4xx_hal_cortex.o(i.HAL_NVIC_EnableIRQ)
    i.HAL_NVIC_SetPriority                   0x08040b0c   Section        0  stm32f4xx_hal_cortex.o(i.HAL_NVIC_SetPriority)
    i.HAL_NVIC_SetPriorityGrouping           0x08040b4c   Section        0  stm32f4xx_hal_cortex.o(i.HAL_NVIC_SetPriorityGrouping)
    i.HAL_PCD_ConnectCallback                0x08040b70   Section        0  usbd_conf.o(i.HAL_PCD_ConnectCallback)
    i.HAL_PCD_DataInStageCallback            0x08040b78   Section        0  usbd_conf.o(i.HAL_PCD_DataInStageCallback)
    i.HAL_PCD_DataOutStageCallback           0x08040b8a   Section        0  usbd_conf.o(i.HAL_PCD_DataOutStageCallback)
    i.HAL_PCD_DisconnectCallback             0x08040b9e   Section        0  usbd_conf.o(i.HAL_PCD_DisconnectCallback)
    i.HAL_PCD_EP_ClrStall                    0x08040ba6   Section        0  stm32f4xx_hal_pcd.o(i.HAL_PCD_EP_ClrStall)
    i.HAL_PCD_EP_Open                        0x08040bf6   Section        0  stm32f4xx_hal_pcd.o(i.HAL_PCD_EP_Open)
    i.HAL_PCD_EP_Receive                     0x08040c4c   Section        0  stm32f4xx_hal_pcd.o(i.HAL_PCD_EP_Receive)
    i.HAL_PCD_EP_SetStall                    0x08040caa   Section        0  stm32f4xx_hal_pcd.o(i.HAL_PCD_EP_SetStall)
    i.HAL_PCD_EP_Transmit                    0x08040d0a   Section        0  stm32f4xx_hal_pcd.o(i.HAL_PCD_EP_Transmit)
    i.HAL_PCD_IRQHandler                     0x08040d60   Section        0  stm32f4xx_hal_pcd.o(i.HAL_PCD_IRQHandler)
    i.HAL_PCD_ISOINIncompleteCallback        0x0804115e   Section        0  usbd_conf.o(i.HAL_PCD_ISOINIncompleteCallback)
    i.HAL_PCD_ISOOUTIncompleteCallback       0x08041166   Section        0  usbd_conf.o(i.HAL_PCD_ISOOUTIncompleteCallback)
    i.HAL_PCD_ResetCallback                  0x0804116e   Section        0  usbd_conf.o(i.HAL_PCD_ResetCallback)
    i.HAL_PCD_ResumeCallback                 0x0804118e   Section        0  usbd_conf.o(i.HAL_PCD_ResumeCallback)
    i.HAL_PCD_SOFCallback                    0x08041196   Section        0  usbd_conf.o(i.HAL_PCD_SOFCallback)
    i.HAL_PCD_SetAddress                     0x0804119e   Section        0  stm32f4xx_hal_pcd.o(i.HAL_PCD_SetAddress)
    i.HAL_PCD_SetupStageCallback             0x080411c2   Section        0  usbd_conf.o(i.HAL_PCD_SetupStageCallback)
    i.HAL_PCD_SuspendCallback                0x080411d0   Section        0  usbd_conf.o(i.HAL_PCD_SuspendCallback)
    i.HAL_RCC_ClockConfig                    0x08041200   Section        0  stm32f4xx_hal_rcc.o(i.HAL_RCC_ClockConfig)
    i.HAL_RCC_GetHCLKFreq                    0x0804137c   Section        0  stm32f4xx_hal_rcc.o(i.HAL_RCC_GetHCLKFreq)
    i.HAL_RCC_GetPCLK1Freq                   0x08041388   Section        0  stm32f4xx_hal_rcc.o(i.HAL_RCC_GetPCLK1Freq)
    i.HAL_RCC_GetPCLK2Freq                   0x080413b8   Section        0  stm32f4xx_hal_rcc.o(i.HAL_RCC_GetPCLK2Freq)
    i.HAL_RCC_GetSysClockFreq                0x080413e8   Section        0  stm32f4xx_hal_rcc.o(i.HAL_RCC_GetSysClockFreq)
    i.HAL_RCC_OscConfig                      0x0804145c   Section        0  stm32f4xx_hal_rcc.o(i.HAL_RCC_OscConfig)
    i.HAL_SPI_Init                           0x08041770   Section        0  stm32f4xx_hal_spi.o(i.HAL_SPI_Init)
    i.HAL_SPI_MspInit                        0x080417f0   Section        0  stm32f4xx_hal_msp.o(i.HAL_SPI_MspInit)
    i.HAL_SRAM_Init                          0x08041854   Section        0  stm32f4xx_hal_sram.o(i.HAL_SRAM_Init)
    i.HAL_SRAM_MspInit                       0x080418aa   Section        0  stm32f4xx_hal_msp.o(i.HAL_SRAM_MspInit)
    i.HAL_SYSTICK_CLKSourceConfig            0x080418ae   Section        0  stm32f4xx_hal_cortex.o(i.HAL_SYSTICK_CLKSourceConfig)
    i.HAL_SYSTICK_Callback                   0x080418c6   Section        0  stm32f4xx_hal_cortex.o(i.HAL_SYSTICK_Callback)
    i.HAL_SYSTICK_Config                     0x080418c8   Section        0  stm32f4xx_hal_cortex.o(i.HAL_SYSTICK_Config)
    i.HAL_SYSTICK_IRQHandler                 0x080418f0   Section        0  stm32f4xx_hal_cortex.o(i.HAL_SYSTICK_IRQHandler)
    i.HAL_UART_ErrorCallback                 0x080418f8   Section        0  stm32f4xx_hal_uart.o(i.HAL_UART_ErrorCallback)
    i.HAL_UART_IRQHandler                    0x080418fc   Section        0  stm32f4xx_hal_uart.o(i.HAL_UART_IRQHandler)
    i.HAL_UART_Init                          0x08041a0c   Section        0  stm32f4xx_hal_uart.o(i.HAL_UART_Init)
    i.HAL_UART_MspInit                       0x08041a70   Section        0  stm32f4xx_hal_msp.o(i.HAL_UART_MspInit)
    i.HAL_UART_Receive_IT                    0x08041acc   Section        0  stm32f4xx_hal_uart.o(i.HAL_UART_Receive_IT)
    i.HAL_UART_RxCpltCallback                0x08041b14   Section        0  main.o(i.HAL_UART_RxCpltCallback)
    i.HAL_UART_Transmit                      0x08041b78   Section        0  stm32f4xx_hal_uart.o(i.HAL_UART_Transmit)
    i.HAL_UART_TxCpltCallback                0x08041c32   Section        0  stm32f4xx_hal_uart.o(i.HAL_UART_TxCpltCallback)
    i.MX_FSMC_Init                           0x08041c34   Section        0  main.o(i.MX_FSMC_Init)
    MX_FSMC_Init                             0x08041c35   Thumb Code    92  main.o(i.MX_FSMC_Init)
    i.MX_GPIO_Init                           0x08041c98   Section        0  main.o(i.MX_GPIO_Init)
    MX_GPIO_Init                             0x08041c99   Thumb Code   264  main.o(i.MX_GPIO_Init)
    i.MX_SPI1_Init                           0x08041db8   Section        0  main.o(i.MX_SPI1_Init)
    MX_SPI1_Init                             0x08041db9   Thumb Code    54  main.o(i.MX_SPI1_Init)
    i.NVIC_SetPriority                       0x08041df8   Section        0  stm32f4xx_hal_cortex.o(i.NVIC_SetPriority)
    NVIC_SetPriority                         0x08041df9   Thumb Code    32  stm32f4xx_hal_cortex.o(i.NVIC_SetPriority)
    i.OTG_HS_IRQHandler                      0x08041e18   Section        0  stm32f4xx_it.o(i.OTG_HS_IRQHandler)
    i.PCD_WriteEmptyTxFifo                   0x08041e24   Section        0  stm32f4xx_hal_pcd.o(i.PCD_WriteEmptyTxFifo)
    PCD_WriteEmptyTxFifo                     0x08041e25   Thumb Code   136  stm32f4xx_hal_pcd.o(i.PCD_WriteEmptyTxFifo)
    i.PendSV_Handler                         0x08041eac   Section        0  stm32f4xx_it.o(i.PendSV_Handler)
    i.SVC_Handler                            0x08041eae   Section        0  stm32f4xx_it.o(i.SVC_Handler)
    i.SysTick_Handler                        0x08041eb0   Section        0  stm32f4xx_it.o(i.SysTick_Handler)
    i.SystemClock_Config                     0x08041ec0   Section        0  main.o(i.SystemClock_Config)
    i.SystemInit                             0x08041f60   Section        0  system_stm32f4xx.o(i.SystemInit)
    i.UART_DMAAbortOnError                   0x08041fb4   Section        0  stm32f4xx_hal_uart.o(i.UART_DMAAbortOnError)
    UART_DMAAbortOnError                     0x08041fb5   Thumb Code    16  stm32f4xx_hal_uart.o(i.UART_DMAAbortOnError)
    i.UART_EndRxTransfer                     0x08041fc4   Section        0  stm32f4xx_hal_uart.o(i.UART_EndRxTransfer)
    UART_EndRxTransfer                       0x08041fc5   Thumb Code    28  stm32f4xx_hal_uart.o(i.UART_EndRxTransfer)
    i.UART_Receive_IT                        0x08041fe0   Section        0  stm32f4xx_hal_uart.o(i.UART_Receive_IT)
    UART_Receive_IT                          0x08041fe1   Thumb Code   140  stm32f4xx_hal_uart.o(i.UART_Receive_IT)
    i.UART_SetConfig                         0x0804206c   Section        0  stm32f4xx_hal_uart.o(i.UART_SetConfig)
    UART_SetConfig                           0x0804206d   Thumb Code   676  stm32f4xx_hal_uart.o(i.UART_SetConfig)
    i.UART_Transmit_IT                       0x08042318   Section        0  stm32f4xx_hal_uart.o(i.UART_Transmit_IT)
    UART_Transmit_IT                         0x08042319   Thumb Code    98  stm32f4xx_hal_uart.o(i.UART_Transmit_IT)
    i.UART_WaitOnFlagUntilTimeout            0x0804237a   Section        0  stm32f4xx_hal_uart.o(i.UART_WaitOnFlagUntilTimeout)
    UART_WaitOnFlagUntilTimeout              0x0804237b   Thumb Code   100  stm32f4xx_hal_uart.o(i.UART_WaitOnFlagUntilTimeout)
    i.USART1_IRQHandler                      0x080423e0   Section        0  stm32f4xx_it.o(i.USART1_IRQHandler)
    i.USBD_ClrClassConfig                    0x080423ec   Section        0  usbd_core.o(i.USBD_ClrClassConfig)
    i.USBD_CtlContinueRx                     0x080423fa   Section        0  usbd_ioreq.o(i.USBD_CtlContinueRx)
    i.USBD_CtlContinueSendData               0x0804240a   Section        0  usbd_ioreq.o(i.USBD_CtlContinueSendData)
    i.USBD_CtlError                          0x0804241a   Section        0  usbd_ctlreq.o(i.USBD_CtlError)
    i.USBD_CtlReceiveStatus                  0x08042430   Section        0  usbd_ioreq.o(i.USBD_CtlReceiveStatus)
    i.USBD_CtlSendData                       0x08042446   Section        0  usbd_ioreq.o(i.USBD_CtlSendData)
    i.USBD_CtlSendStatus                     0x08042460   Section        0  usbd_ioreq.o(i.USBD_CtlSendStatus)
    i.USBD_GetDescriptor                     0x08042476   Section        0  usbd_ctlreq.o(i.USBD_GetDescriptor)
    USBD_GetDescriptor                       0x08042477   Thumb Code   224  usbd_ctlreq.o(i.USBD_GetDescriptor)
    i.USBD_LL_ClearStallEP                   0x08042556   Section        0  usbd_conf.o(i.USBD_LL_ClearStallEP)
    i.USBD_LL_DataInStage                    0x08042576   Section        0  usbd_core.o(i.USBD_LL_DataInStage)
    i.USBD_LL_DataOutStage                   0x08042620   Section        0  usbd_core.o(i.USBD_LL_DataOutStage)
    i.USBD_LL_DevConnected                   0x0804268a   Section        0  usbd_core.o(i.USBD_LL_DevConnected)
    i.USBD_LL_DevDisconnected                0x0804268e   Section        0  usbd_core.o(i.USBD_LL_DevDisconnected)
    i.USBD_LL_IsStallEP                      0x080426a4   Section        0  usbd_conf.o(i.USBD_LL_IsStallEP)
    i.USBD_LL_IsoINIncomplete                0x080426c4   Section        0  usbd_core.o(i.USBD_LL_IsoINIncomplete)
    i.USBD_LL_IsoOUTIncomplete               0x080426c8   Section        0  usbd_core.o(i.USBD_LL_IsoOUTIncomplete)
    i.USBD_LL_OpenEP                         0x080426cc   Section        0  usbd_conf.o(i.USBD_LL_OpenEP)
    i.USBD_LL_PrepareReceive                 0x080426f2   Section        0  usbd_conf.o(i.USBD_LL_PrepareReceive)
    i.USBD_LL_Reset                          0x08042712   Section        0  usbd_core.o(i.USBD_LL_Reset)
    i.USBD_LL_Resume                         0x08042750   Section        0  usbd_core.o(i.USBD_LL_Resume)
    i.USBD_LL_SOF                            0x0804275c   Section        0  usbd_core.o(i.USBD_LL_SOF)
    i.USBD_LL_SetSpeed                       0x08042774   Section        0  usbd_core.o(i.USBD_LL_SetSpeed)
    i.USBD_LL_SetUSBAddress                  0x0804277a   Section        0  usbd_conf.o(i.USBD_LL_SetUSBAddress)
    i.USBD_LL_SetupStage                     0x0804279a   Section        0  usbd_core.o(i.USBD_LL_SetupStage)
    i.USBD_LL_StallEP                        0x080427f4   Section        0  usbd_conf.o(i.USBD_LL_StallEP)
    i.USBD_LL_Suspend                        0x08042814   Section        0  usbd_core.o(i.USBD_LL_Suspend)
    i.USBD_LL_Transmit                       0x08042826   Section        0  usbd_conf.o(i.USBD_LL_Transmit)
    i.USBD_ParseSetupRequest                 0x08042846   Section        0  usbd_ctlreq.o(i.USBD_ParseSetupRequest)
    i.USBD_SetClassConfig                    0x0804286e   Section        0  usbd_core.o(i.USBD_SetClassConfig)
    i.USBD_SetConfig                         0x08042884   Section        0  usbd_ctlreq.o(i.USBD_SetConfig)
    USBD_SetConfig                           0x08042885   Thumb Code   110  usbd_ctlreq.o(i.USBD_SetConfig)
    i.USBD_StdDevReq                         0x080428f8   Section        0  usbd_ctlreq.o(i.USBD_StdDevReq)
    i.USBD_StdEPReq                          0x080429ea   Section        0  usbd_ctlreq.o(i.USBD_StdEPReq)
    i.USBD_StdItfReq                         0x08042ac6   Section        0  usbd_ctlreq.o(i.USBD_StdItfReq)
    i.USB_ActivateEndpoint                   0x08042afc   Section        0  stm32f4xx_ll_usb.o(i.USB_ActivateEndpoint)
    i.USB_ActivateSetup                      0x08042b7c   Section        0  stm32f4xx_ll_usb.o(i.USB_ActivateSetup)
    i.USB_EP0StartXfer                       0x08042bb0   Section        0  stm32f4xx_ll_usb.o(i.USB_EP0StartXfer)
    i.USB_EP0_OutStart                       0x08042cf0   Section        0  stm32f4xx_ll_usb.o(i.USB_EP0_OutStart)
    i.USB_EPClearStall                       0x08042d2e   Section        0  stm32f4xx_ll_usb.o(i.USB_EPClearStall)
    i.USB_EPSetStall                         0x08042d92   Section        0  stm32f4xx_ll_usb.o(i.USB_EPSetStall)
    i.USB_EPStartXfer                        0x08042df0   Section        0  stm32f4xx_ll_usb.o(i.USB_EPStartXfer)
    i.USB_FlushTxFifo                        0x0804300c   Section        0  stm32f4xx_ll_usb.o(i.USB_FlushTxFifo)
    i.USB_GetDevSpeed                        0x08043030   Section        0  stm32f4xx_ll_usb.o(i.USB_GetDevSpeed)
    i.USB_GetMode                            0x0804306c   Section        0  stm32f4xx_ll_usb.o(i.USB_GetMode)
    i.USB_ReadDevAllInEpInterrupt            0x08043074   Section        0  stm32f4xx_ll_usb.o(i.USB_ReadDevAllInEpInterrupt)
    i.USB_ReadDevAllOutEpInterrupt           0x08043082   Section        0  stm32f4xx_ll_usb.o(i.USB_ReadDevAllOutEpInterrupt)
    i.USB_ReadDevInEPInterrupt               0x08043090   Section        0  stm32f4xx_ll_usb.o(i.USB_ReadDevInEPInterrupt)
    i.USB_ReadDevOutEPInterrupt              0x080430ae   Section        0  stm32f4xx_ll_usb.o(i.USB_ReadDevOutEPInterrupt)
    i.USB_ReadInterrupts                     0x080430be   Section        0  stm32f4xx_ll_usb.o(i.USB_ReadInterrupts)
    i.USB_ReadPacket                         0x080430c6   Section        0  stm32f4xx_ll_usb.o(i.USB_ReadPacket)
    i.USB_SetDevAddress                      0x080430e6   Section        0  stm32f4xx_ll_usb.o(i.USB_SetDevAddress)
    i.USB_WritePacket                        0x08043108   Section        0  stm32f4xx_ll_usb.o(i.USB_WritePacket)
    i.__0printf                              0x08043130   Section        0  printfa.o(i.__0printf)
    i.__scatterload_copy                     0x08043150   Section       14  handlers.o(i.__scatterload_copy)
    i.__scatterload_null                     0x0804315e   Section        2  handlers.o(i.__scatterload_null)
    i.__scatterload_zeroinit                 0x08043160   Section       14  handlers.o(i.__scatterload_zeroinit)
    i._fp_digits                             0x08043170   Section        0  printfa.o(i._fp_digits)
    _fp_digits                               0x08043171   Thumb Code   334  printfa.o(i._fp_digits)
    i._printf_core                           0x080432d4   Section        0  printfa.o(i._printf_core)
    _printf_core                             0x080432d5   Thumb Code  1744  printfa.o(i._printf_core)
    i._printf_post_padding                   0x080439b0   Section        0  printfa.o(i._printf_post_padding)
    _printf_post_padding                     0x080439b1   Thumb Code    36  printfa.o(i._printf_post_padding)
    i._printf_pre_padding                    0x080439d4   Section        0  printfa.o(i._printf_pre_padding)
    _printf_pre_padding                      0x080439d5   Thumb Code    46  printfa.o(i._printf_pre_padding)
    i.fputc                                  0x08043a04   Section        0  main.o(i.fputc)
    i.main                                   0x08043a1c   Section        0  main.o(i.main)
    .constdata                               0x08043b1c   Section       16  stm32f4xx_hal_rcc.o(.constdata)
    .data                                    0x20000000   Section        8  stm32f4xx_hal_msp.o(.data)
    FSMC_Initialized                         0x20000000   Data           4  stm32f4xx_hal_msp.o(.data)
    FSMC_DeInitialized                       0x20000004   Data           4  stm32f4xx_hal_msp.o(.data)
    .data                                    0x20000008   Section        4  main.o(.data)
    .data                                    0x2000000c   Section        4  system_stm32f4xx.o(.data)
    .data                                    0x20000010   Section        1  usbd_ctlreq.o(.data)
    cfgidx                                   0x20000010   Data           1  usbd_ctlreq.o(.data)
    .data                                    0x20000014   Section        4  stm32f4xx_hal.o(.data)
    .data                                    0x20000018   Section        4  stdout.o(.data)
    .bss                                     0x2000001c   Section     1008  usbd_conf.o(.bss)
    .bss                                     0x2000040c   Section      332  main.o(.bss)
    STACK                                    0x20000558   Section      512  startup_stm32f407xx.o(STACK)

    Global Symbols

    Symbol Name                              Value     Ov Type        Size  Object(Section)

    BuildAttributes$$THM_ISAv4$E$P$D$K$B$S$7EM$VFPi3$EXTD16$VFPS$VFMA$PE$A:L22UL41UL21$X:L11$S22US41US21$IEEE1$IW$USESV6$~STKCKD$USESV7$~SHL$OSPACE$ROPI$EBA8$MICROLIB$REQ8$PRES8$EABIv2 0x00000000   Number         0  anon$$obj.o ABSOLUTE
    __ARM_use_no_argv                        0x00000000   Number         0  main.o ABSOLUTE
    _printf_a                                0x00000000   Number         0  stubs.o ABSOLUTE
    _printf_c                                0x00000000   Number         0  stubs.o ABSOLUTE
    _printf_charcount                        0x00000000   Number         0  stubs.o ABSOLUTE
    _printf_d                                0x00000000   Number         0  stubs.o ABSOLUTE
    _printf_e                                0x00000000   Number         0  stubs.o ABSOLUTE
    _printf_f                                0x00000000   Number         0  stubs.o ABSOLUTE
    _printf_flags                            0x00000000   Number         0  stubs.o ABSOLUTE
    _printf_fp_dec                           0x00000000   Number         0  stubs.o ABSOLUTE
    _printf_fp_hex                           0x00000000   Number         0  stubs.o ABSOLUTE
    _printf_g                                0x00000000   Number         0  stubs.o ABSOLUTE
    _printf_i                                0x00000000   Number         0  stubs.o ABSOLUTE
    _printf_int_dec                          0x00000000   Number         0  stubs.o ABSOLUTE
    _printf_l                                0x00000000   Number         0  stubs.o ABSOLUTE
    _printf_lc                               0x00000000   Number         0  stubs.o ABSOLUTE
    _printf_ll                               0x00000000   Number         0  stubs.o ABSOLUTE
    _printf_lld                              0x00000000   Number         0  stubs.o ABSOLUTE
    _printf_lli                              0x00000000   Number         0  stubs.o ABSOLUTE
    _printf_llo                              0x00000000   Number         0  stubs.o ABSOLUTE
    _printf_llu                              0x00000000   Number         0  stubs.o ABSOLUTE
    _printf_llx                              0x00000000   Number         0  stubs.o ABSOLUTE
    _printf_longlong_dec                     0x00000000   Number         0  stubs.o ABSOLUTE
    _printf_longlong_hex                     0x00000000   Number         0  stubs.o ABSOLUTE
    _printf_longlong_oct                     0x00000000   Number         0  stubs.o ABSOLUTE
    _printf_ls                               0x00000000   Number         0  stubs.o ABSOLUTE
    _printf_mbtowc                           0x00000000   Number         0  stubs.o ABSOLUTE
    _printf_n                                0x00000000   Number         0  stubs.o ABSOLUTE
    _printf_o                                0x00000000   Number         0  stubs.o ABSOLUTE
    _printf_p                                0x00000000   Number         0  stubs.o ABSOLUTE
    _printf_percent                          0x00000000   Number         0  stubs.o ABSOLUTE
    _printf_pre_padding                      0x00000000   Number         0  stubs.o ABSOLUTE
    _printf_return_value                     0x00000000   Number         0  stubs.o ABSOLUTE
    _printf_s                                0x00000000   Number         0  stubs.o ABSOLUTE
    _printf_sizespec                         0x00000000   Number         0  stubs.o ABSOLUTE
    _printf_str                              0x00000000   Number         0  stubs.o ABSOLUTE
    _printf_truncate_signed                  0x00000000   Number         0  stubs.o ABSOLUTE
    _printf_truncate_unsigned                0x00000000   Number         0  stubs.o ABSOLUTE
    _printf_u                                0x00000000   Number         0  stubs.o ABSOLUTE
    _printf_wc                               0x00000000   Number         0  stubs.o ABSOLUTE
    _printf_wctomb                           0x00000000   Number         0  stubs.o ABSOLUTE
    _printf_widthprec                        0x00000000   Number         0  stubs.o ABSOLUTE
    _printf_x                                0x00000000   Number         0  stubs.o ABSOLUTE
    __cpp_initialize__aeabi_                  - Undefined Weak Reference
    __cxa_finalize                            - Undefined Weak Reference
    __decompress                              - Undefined Weak Reference
    _clock_init                               - Undefined Weak Reference
    _microlib_exit                            - Undefined Weak Reference
    __Vectors_Size                           0x00000188   Number         0  startup_stm32f407xx.o ABSOLUTE
    __Vectors                                0x08040000   Data           4  startup_stm32f407xx.o(RESET)
    __Vectors_End                            0x08040188   Data           0  startup_stm32f407xx.o(RESET)
    __main                                   0x08040189   Thumb Code     0  entry.o(.ARM.Collect$$$$00000000)
    _main_stk                                0x08040189   Thumb Code     0  entry2.o(.ARM.Collect$$$$00000001)
    _main_scatterload                        0x0804018d   Thumb Code     0  entry5.o(.ARM.Collect$$$$00000004)
    __main_after_scatterload                 0x08040191   Thumb Code     0  entry5.o(.ARM.Collect$$$$00000004)
    _main_clock                              0x08040191   Thumb Code     0  entry7b.o(.ARM.Collect$$$$00000008)
    _main_cpp_init                           0x08040191   Thumb Code     0  entry8b.o(.ARM.Collect$$$$0000000A)
    _main_init                               0x08040191   Thumb Code     0  entry9a.o(.ARM.Collect$$$$0000000B)
    __rt_final_cpp                           0x08040199   Thumb Code     0  entry10a.o(.ARM.Collect$$$$0000000D)
    __rt_final_exit                          0x08040199   Thumb Code     0  entry11a.o(.ARM.Collect$$$$0000000F)
    Reset_Handler                            0x0804019d   Thumb Code     8  startup_stm32f407xx.o(.text)
    NMI_Handler                              0x080401a5   Thumb Code     2  startup_stm32f407xx.o(.text)
    HardFault_Handler                        0x080401a7   Thumb Code     2  startup_stm32f407xx.o(.text)
    MemManage_Handler                        0x080401a9   Thumb Code     2  startup_stm32f407xx.o(.text)
    BusFault_Handler                         0x080401ab   Thumb Code     2  startup_stm32f407xx.o(.text)
    UsageFault_Handler                       0x080401ad   Thumb Code     2  startup_stm32f407xx.o(.text)
    DebugMon_Handler                         0x080401b1   Thumb Code     2  startup_stm32f407xx.o(.text)
    ADC_IRQHandler                           0x080401b7   Thumb Code     0  startup_stm32f407xx.o(.text)
    CAN1_RX0_IRQHandler                      0x080401b7   Thumb Code     0  startup_stm32f407xx.o(.text)
    CAN1_RX1_IRQHandler                      0x080401b7   Thumb Code     0  startup_stm32f407xx.o(.text)
    CAN1_SCE_IRQHandler                      0x080401b7   Thumb Code     0  startup_stm32f407xx.o(.text)
    CAN1_TX_IRQHandler                       0x080401b7   Thumb Code     0  startup_stm32f407xx.o(.text)
    CAN2_RX0_IRQHandler                      0x080401b7   Thumb Code     0  startup_stm32f407xx.o(.text)
    CAN2_RX1_IRQHandler                      0x080401b7   Thumb Code     0  startup_stm32f407xx.o(.text)
    CAN2_SCE_IRQHandler                      0x080401b7   Thumb Code     0  startup_stm32f407xx.o(.text)
    CAN2_TX_IRQHandler                       0x080401b7   Thumb Code     0  startup_stm32f407xx.o(.text)
    DCMI_IRQHandler                          0x080401b7   Thumb Code     0  startup_stm32f407xx.o(.text)
    DMA1_Stream0_IRQHandler                  0x080401b7   Thumb Code     0  startup_stm32f407xx.o(.text)
    DMA1_Stream1_IRQHandler                  0x080401b7   Thumb Code     0  startup_stm32f407xx.o(.text)
    DMA1_Stream2_IRQHandler                  0x080401b7   Thumb Code     0  startup_stm32f407xx.o(.text)
    DMA1_Stream3_IRQHandler                  0x080401b7   Thumb Code     0  startup_stm32f407xx.o(.text)
    DMA1_Stream4_IRQHandler                  0x080401b7   Thumb Code     0  startup_stm32f407xx.o(.text)
    DMA1_Stream5_IRQHandler                  0x080401b7   Thumb Code     0  startup_stm32f407xx.o(.text)
    DMA1_Stream6_IRQHandler                  0x080401b7   Thumb Code     0  startup_stm32f407xx.o(.text)
    DMA1_Stream7_IRQHandler                  0x080401b7   Thumb Code     0  startup_stm32f407xx.o(.text)
    DMA2_Stream0_IRQHandler                  0x080401b7   Thumb Code     0  startup_stm32f407xx.o(.text)
    DMA2_Stream1_IRQHandler                  0x080401b7   Thumb Code     0  startup_stm32f407xx.o(.text)
    DMA2_Stream2_IRQHandler                  0x080401b7   Thumb Code     0  startup_stm32f407xx.o(.text)
    DMA2_Stream3_IRQHandler                  0x080401b7   Thumb Code     0  startup_stm32f407xx.o(.text)
    DMA2_Stream4_IRQHandler                  0x080401b7   Thumb Code     0  startup_stm32f407xx.o(.text)
    DMA2_Stream5_IRQHandler                  0x080401b7   Thumb Code     0  startup_stm32f407xx.o(.text)
    DMA2_Stream6_IRQHandler                  0x080401b7   Thumb Code     0  startup_stm32f407xx.o(.text)
    DMA2_Stream7_IRQHandler                  0x080401b7   Thumb Code     0  startup_stm32f407xx.o(.text)
    ETH_IRQHandler                           0x080401b7   Thumb Code     0  startup_stm32f407xx.o(.text)
    ETH_WKUP_IRQHandler                      0x080401b7   Thumb Code     0  startup_stm32f407xx.o(.text)
    EXTI0_IRQHandler                         0x080401b7   Thumb Code     0  startup_stm32f407xx.o(.text)
    EXTI15_10_IRQHandler                     0x080401b7   Thumb Code     0  startup_stm32f407xx.o(.text)
    EXTI1_IRQHandler                         0x080401b7   Thumb Code     0  startup_stm32f407xx.o(.text)
    EXTI2_IRQHandler                         0x080401b7   Thumb Code     0  startup_stm32f407xx.o(.text)
    EXTI3_IRQHandler                         0x080401b7   Thumb Code     0  startup_stm32f407xx.o(.text)
    EXTI4_IRQHandler                         0x080401b7   Thumb Code     0  startup_stm32f407xx.o(.text)
    EXTI9_5_IRQHandler                       0x080401b7   Thumb Code     0  startup_stm32f407xx.o(.text)
    FLASH_IRQHandler                         0x080401b7   Thumb Code     0  startup_stm32f407xx.o(.text)
    FMC_IRQHandler                           0x080401b7   Thumb Code     0  startup_stm32f407xx.o(.text)
    FPU_IRQHandler                           0x080401b7   Thumb Code     0  startup_stm32f407xx.o(.text)
    HASH_RNG_IRQHandler                      0x080401b7   Thumb Code     0  startup_stm32f407xx.o(.text)
    I2C1_ER_IRQHandler                       0x080401b7   Thumb Code     0  startup_stm32f407xx.o(.text)
    I2C1_EV_IRQHandler                       0x080401b7   Thumb Code     0  startup_stm32f407xx.o(.text)
    I2C2_ER_IRQHandler                       0x080401b7   Thumb Code     0  startup_stm32f407xx.o(.text)
    I2C2_EV_IRQHandler                       0x080401b7   Thumb Code     0  startup_stm32f407xx.o(.text)
    I2C3_ER_IRQHandler                       0x080401b7   Thumb Code     0  startup_stm32f407xx.o(.text)
    I2C3_EV_IRQHandler                       0x080401b7   Thumb Code     0  startup_stm32f407xx.o(.text)
    OTG_FS_IRQHandler                        0x080401b7   Thumb Code     0  startup_stm32f407xx.o(.text)
    OTG_FS_WKUP_IRQHandler                   0x080401b7   Thumb Code     0  startup_stm32f407xx.o(.text)
    OTG_HS_EP1_IN_IRQHandler                 0x080401b7   Thumb Code     0  startup_stm32f407xx.o(.text)
    OTG_HS_EP1_OUT_IRQHandler                0x080401b7   Thumb Code     0  startup_stm32f407xx.o(.text)
    OTG_HS_WKUP_IRQHandler                   0x080401b7   Thumb Code     0  startup_stm32f407xx.o(.text)
    PVD_IRQHandler                           0x080401b7   Thumb Code     0  startup_stm32f407xx.o(.text)
    RCC_IRQHandler                           0x080401b7   Thumb Code     0  startup_stm32f407xx.o(.text)
    RTC_Alarm_IRQHandler                     0x080401b7   Thumb Code     0  startup_stm32f407xx.o(.text)
    RTC_WKUP_IRQHandler                      0x080401b7   Thumb Code     0  startup_stm32f407xx.o(.text)
    SDIO_IRQHandler                          0x080401b7   Thumb Code     0  startup_stm32f407xx.o(.text)
    SPI1_IRQHandler                          0x080401b7   Thumb Code     0  startup_stm32f407xx.o(.text)
    SPI2_IRQHandler                          0x080401b7   Thumb Code     0  startup_stm32f407xx.o(.text)
    SPI3_IRQHandler                          0x080401b7   Thumb Code     0  startup_stm32f407xx.o(.text)
    TAMP_STAMP_IRQHandler                    0x080401b7   Thumb Code     0  startup_stm32f407xx.o(.text)
    TIM1_BRK_TIM9_IRQHandler                 0x080401b7   Thumb Code     0  startup_stm32f407xx.o(.text)
    TIM1_CC_IRQHandler                       0x080401b7   Thumb Code     0  startup_stm32f407xx.o(.text)
    TIM1_TRG_COM_TIM11_IRQHandler            0x080401b7   Thumb Code     0  startup_stm32f407xx.o(.text)
    TIM1_UP_TIM10_IRQHandler                 0x080401b7   Thumb Code     0  startup_stm32f407xx.o(.text)
    TIM2_IRQHandler                          0x080401b7   Thumb Code     0  startup_stm32f407xx.o(.text)
    TIM3_IRQHandler                          0x080401b7   Thumb Code     0  startup_stm32f407xx.o(.text)
    TIM4_IRQHandler                          0x080401b7   Thumb Code     0  startup_stm32f407xx.o(.text)
    TIM5_IRQHandler                          0x080401b7   Thumb Code     0  startup_stm32f407xx.o(.text)
    TIM6_DAC_IRQHandler                      0x080401b7   Thumb Code     0  startup_stm32f407xx.o(.text)
    TIM7_IRQHandler                          0x080401b7   Thumb Code     0  startup_stm32f407xx.o(.text)
    TIM8_BRK_TIM12_IRQHandler                0x080401b7   Thumb Code     0  startup_stm32f407xx.o(.text)
    TIM8_CC_IRQHandler                       0x080401b7   Thumb Code     0  startup_stm32f407xx.o(.text)
    TIM8_TRG_COM_TIM14_IRQHandler            0x080401b7   Thumb Code     0  startup_stm32f407xx.o(.text)
    TIM8_UP_TIM13_IRQHandler                 0x080401b7   Thumb Code     0  startup_stm32f407xx.o(.text)
    UART4_IRQHandler                         0x080401b7   Thumb Code     0  startup_stm32f407xx.o(.text)
    UART5_IRQHandler                         0x080401b7   Thumb Code     0  startup_stm32f407xx.o(.text)
    USART2_IRQHandler                        0x080401b7   Thumb Code     0  startup_stm32f407xx.o(.text)
    USART3_IRQHandler                        0x080401b7   Thumb Code     0  startup_stm32f407xx.o(.text)
    USART6_IRQHandler                        0x080401b7   Thumb Code     0  startup_stm32f407xx.o(.text)
    WWDG_IRQHandler                          0x080401b7   Thumb Code     0  startup_stm32f407xx.o(.text)
    __aeabi_uidiv                            0x080401c1   Thumb Code     0  uidiv.o(.text)
    __aeabi_uidivmod                         0x080401c1   Thumb Code    44  uidiv.o(.text)
    __aeabi_uldivmod                         0x080401ed   Thumb Code    98  uldiv.o(.text)
    __I$use$fp                               0x0804024f   Thumb Code     0  iusefp.o(.text)
    __aeabi_dadd                             0x0804024f   Thumb Code   322  dadd.o(.text)
    __aeabi_dsub                             0x08040391   Thumb Code     6  dadd.o(.text)
    __aeabi_drsub                            0x08040397   Thumb Code     6  dadd.o(.text)
    __aeabi_dmul                             0x0804039d   Thumb Code   228  dmul.o(.text)
    __aeabi_ddiv                             0x08040481   Thumb Code   222  ddiv.o(.text)
    __aeabi_d2ulz                            0x0804055f   Thumb Code    48  dfixul.o(.text)
    __aeabi_cdrcmple                         0x08040591   Thumb Code    48  cdrcmple.o(.text)
    __scatterload                            0x080405c1   Thumb Code    28  init.o(.text)
    __scatterload_rt2                        0x080405c1   Thumb Code     0  init.o(.text)
    __aeabi_llsl                             0x080405e5   Thumb Code    30  llshl.o(.text)
    _ll_shift_l                              0x080405e5   Thumb Code     0  llshl.o(.text)
    __aeabi_llsr                             0x08040603   Thumb Code    32  llushr.o(.text)
    _ll_ushift_r                             0x08040603   Thumb Code     0  llushr.o(.text)
    __aeabi_lasr                             0x08040623   Thumb Code    36  llsshr.o(.text)
    _ll_sshift_r                             0x08040623   Thumb Code     0  llsshr.o(.text)
    _double_round                            0x08040647   Thumb Code    30  depilogue.o(.text)
    _double_epilogue                         0x08040665   Thumb Code   156  depilogue.o(.text)
    FSMC_NORSRAM_Extended_Timing_Init        0x08040701   Thumb Code    60  stm32f4xx_ll_fsmc.o(i.FSMC_NORSRAM_Extended_Timing_Init)
    FSMC_NORSRAM_Init                        0x08040741   Thumb Code    80  stm32f4xx_ll_fsmc.o(i.FSMC_NORSRAM_Init)
    FSMC_NORSRAM_Timing_Init                 0x08040795   Thumb Code    64  stm32f4xx_ll_fsmc.o(i.FSMC_NORSRAM_Timing_Init)
    HAL_DMA_Abort_IT                         0x080407d9   Thumb Code    36  stm32f4xx_hal_dma.o(i.HAL_DMA_Abort_IT)
    HAL_GPIO_Init                            0x08040869   Thumb Code   388  stm32f4xx_hal_gpio.o(i.HAL_GPIO_Init)
    HAL_GPIO_WritePin                        0x08040a19   Thumb Code    10  stm32f4xx_hal_gpio.o(i.HAL_GPIO_WritePin)
    HAL_GetTick                              0x08040a25   Thumb Code     6  stm32f4xx_hal.o(i.HAL_GetTick)
    HAL_IncTick                              0x08040a31   Thumb Code    10  stm32f4xx_hal.o(i.HAL_IncTick)
    HAL_Init                                 0x08040a41   Thumb Code    48  stm32f4xx_hal.o(i.HAL_Init)
    HAL_InitTick                             0x08040a75   Thumb Code    34  stm32f4xx_hal.o(i.HAL_InitTick)
    HAL_MspInit                              0x08040a9d   Thumb Code    88  stm32f4xx_hal_msp.o(i.HAL_MspInit)
    HAL_NVIC_EnableIRQ                       0x08040af5   Thumb Code    22  stm32f4xx_hal_cortex.o(i.HAL_NVIC_EnableIRQ)
    HAL_NVIC_SetPriority                     0x08040b0d   Thumb Code    60  stm32f4xx_hal_cortex.o(i.HAL_NVIC_SetPriority)
    HAL_NVIC_SetPriorityGrouping             0x08040b4d   Thumb Code    26  stm32f4xx_hal_cortex.o(i.HAL_NVIC_SetPriorityGrouping)
    HAL_PCD_ConnectCallback                  0x08040b71   Thumb Code     8  usbd_conf.o(i.HAL_PCD_ConnectCallback)
    HAL_PCD_DataInStageCallback              0x08040b79   Thumb Code    18  usbd_conf.o(i.HAL_PCD_DataInStageCallback)
    HAL_PCD_DataOutStageCallback             0x08040b8b   Thumb Code    20  usbd_conf.o(i.HAL_PCD_DataOutStageCallback)
    HAL_PCD_DisconnectCallback               0x08040b9f   Thumb Code     8  usbd_conf.o(i.HAL_PCD_DisconnectCallback)
    HAL_PCD_EP_ClrStall                      0x08040ba7   Thumb Code    80  stm32f4xx_hal_pcd.o(i.HAL_PCD_EP_ClrStall)
    HAL_PCD_EP_Open                          0x08040bf7   Thumb Code    84  stm32f4xx_hal_pcd.o(i.HAL_PCD_EP_Open)
    HAL_PCD_EP_Receive                       0x08040c4d   Thumb Code    94  stm32f4xx_hal_pcd.o(i.HAL_PCD_EP_Receive)
    HAL_PCD_EP_SetStall                      0x08040cab   Thumb Code    96  stm32f4xx_hal_pcd.o(i.HAL_PCD_EP_SetStall)
    HAL_PCD_EP_Transmit                      0x08040d0b   Thumb Code    86  stm32f4xx_hal_pcd.o(i.HAL_PCD_EP_Transmit)
    HAL_PCD_IRQHandler                       0x08040d61   Thumb Code  1022  stm32f4xx_hal_pcd.o(i.HAL_PCD_IRQHandler)
    HAL_PCD_ISOINIncompleteCallback          0x0804115f   Thumb Code     8  usbd_conf.o(i.HAL_PCD_ISOINIncompleteCallback)
    HAL_PCD_ISOOUTIncompleteCallback         0x08041167   Thumb Code     8  usbd_conf.o(i.HAL_PCD_ISOOUTIncompleteCallback)
    HAL_PCD_ResetCallback                    0x0804116f   Thumb Code    32  usbd_conf.o(i.HAL_PCD_ResetCallback)
    HAL_PCD_ResumeCallback                   0x0804118f   Thumb Code     8  usbd_conf.o(i.HAL_PCD_ResumeCallback)
    HAL_PCD_SOFCallback                      0x08041197   Thumb Code     8  usbd_conf.o(i.HAL_PCD_SOFCallback)
    HAL_PCD_SetAddress                       0x0804119f   Thumb Code    36  stm32f4xx_hal_pcd.o(i.HAL_PCD_SetAddress)
    HAL_PCD_SetupStageCallback               0x080411c3   Thumb Code    14  usbd_conf.o(i.HAL_PCD_SetupStageCallback)
    HAL_PCD_SuspendCallback                  0x080411d1   Thumb Code    44  usbd_conf.o(i.HAL_PCD_SuspendCallback)
    HAL_RCC_ClockConfig                      0x08041201   Thumb Code   364  stm32f4xx_hal_rcc.o(i.HAL_RCC_ClockConfig)
    HAL_RCC_GetHCLKFreq                      0x0804137d   Thumb Code     6  stm32f4xx_hal_rcc.o(i.HAL_RCC_GetHCLKFreq)
    HAL_RCC_GetPCLK1Freq                     0x08041389   Thumb Code    34  stm32f4xx_hal_rcc.o(i.HAL_RCC_GetPCLK1Freq)
    HAL_RCC_GetPCLK2Freq                     0x080413b9   Thumb Code    34  stm32f4xx_hal_rcc.o(i.HAL_RCC_GetPCLK2Freq)
    HAL_RCC_GetSysClockFreq                  0x080413e9   Thumb Code   104  stm32f4xx_hal_rcc.o(i.HAL_RCC_GetSysClockFreq)
    HAL_RCC_OscConfig                        0x0804145d   Thumb Code   770  stm32f4xx_hal_rcc.o(i.HAL_RCC_OscConfig)
    HAL_SPI_Init                             0x08041771   Thumb Code   128  stm32f4xx_hal_spi.o(i.HAL_SPI_Init)
    HAL_SPI_MspInit                          0x080417f1   Thumb Code    82  stm32f4xx_hal_msp.o(i.HAL_SPI_MspInit)
    HAL_SRAM_Init                            0x08041855   Thumb Code    86  stm32f4xx_hal_sram.o(i.HAL_SRAM_Init)
    HAL_SRAM_MspInit                         0x080418ab   Thumb Code     4  stm32f4xx_hal_msp.o(i.HAL_SRAM_MspInit)
    HAL_SYSTICK_CLKSourceConfig              0x080418af   Thumb Code    24  stm32f4xx_hal_cortex.o(i.HAL_SYSTICK_CLKSourceConfig)
    HAL_SYSTICK_Callback                     0x080418c7   Thumb Code     2  stm32f4xx_hal_cortex.o(i.HAL_SYSTICK_Callback)
    HAL_SYSTICK_Config                       0x080418c9   Thumb Code    40  stm32f4xx_hal_cortex.o(i.HAL_SYSTICK_Config)
    HAL_SYSTICK_IRQHandler                   0x080418f1   Thumb Code     8  stm32f4xx_hal_cortex.o(i.HAL_SYSTICK_IRQHandler)
    HAL_UART_ErrorCallback                   0x080418f9   Thumb Code     2  stm32f4xx_hal_uart.o(i.HAL_UART_ErrorCallback)
    HAL_UART_IRQHandler                      0x080418fd   Thumb Code   266  stm32f4xx_hal_uart.o(i.HAL_UART_IRQHandler)
    HAL_UART_Init                            0x08041a0d   Thumb Code    98  stm32f4xx_hal_uart.o(i.HAL_UART_Init)
    HAL_UART_MspInit                         0x08041a71   Thumb Code    80  stm32f4xx_hal_msp.o(i.HAL_UART_MspInit)
    HAL_UART_Receive_IT                      0x08041acd   Thumb Code    72  stm32f4xx_hal_uart.o(i.HAL_UART_Receive_IT)
    HAL_UART_RxCpltCallback                  0x08041b15   Thumb Code    82  main.o(i.HAL_UART_RxCpltCallback)
    HAL_UART_Transmit                        0x08041b79   Thumb Code   186  stm32f4xx_hal_uart.o(i.HAL_UART_Transmit)
    HAL_UART_TxCpltCallback                  0x08041c33   Thumb Code     2  stm32f4xx_hal_uart.o(i.HAL_UART_TxCpltCallback)
    OTG_HS_IRQHandler                        0x08041e19   Thumb Code     6  stm32f4xx_it.o(i.OTG_HS_IRQHandler)
    PendSV_Handler                           0x08041ead   Thumb Code     2  stm32f4xx_it.o(i.PendSV_Handler)
    SVC_Handler                              0x08041eaf   Thumb Code     2  stm32f4xx_it.o(i.SVC_Handler)
    SysTick_Handler                          0x08041eb1   Thumb Code    14  stm32f4xx_it.o(i.SysTick_Handler)
    SystemClock_Config                       0x08041ec1   Thumb Code   150  main.o(i.SystemClock_Config)
    SystemInit                               0x08041f61   Thumb Code    66  system_stm32f4xx.o(i.SystemInit)
    USART1_IRQHandler                        0x080423e1   Thumb Code     6  stm32f4xx_it.o(i.USART1_IRQHandler)
    USBD_ClrClassConfig                      0x080423ed   Thumb Code    14  usbd_core.o(i.USBD_ClrClassConfig)
    USBD_CtlContinueRx                       0x080423fb   Thumb Code    16  usbd_ioreq.o(i.USBD_CtlContinueRx)
    USBD_CtlContinueSendData                 0x0804240b   Thumb Code    16  usbd_ioreq.o(i.USBD_CtlContinueSendData)
    USBD_CtlError                            0x0804241b   Thumb Code    22  usbd_ctlreq.o(i.USBD_CtlError)
    USBD_CtlReceiveStatus                    0x08042431   Thumb Code    22  usbd_ioreq.o(i.USBD_CtlReceiveStatus)
    USBD_CtlSendData                         0x08042447   Thumb Code    26  usbd_ioreq.o(i.USBD_CtlSendData)
    USBD_CtlSendStatus                       0x08042461   Thumb Code    22  usbd_ioreq.o(i.USBD_CtlSendStatus)
    USBD_LL_ClearStallEP                     0x08042557   Thumb Code    32  usbd_conf.o(i.USBD_LL_ClearStallEP)
    USBD_LL_DataInStage                      0x08042577   Thumb Code   170  usbd_core.o(i.USBD_LL_DataInStage)
    USBD_LL_DataOutStage                     0x08042621   Thumb Code   106  usbd_core.o(i.USBD_LL_DataOutStage)
    USBD_LL_DevConnected                     0x0804268b   Thumb Code     4  usbd_core.o(i.USBD_LL_DevConnected)
    USBD_LL_DevDisconnected                  0x0804268f   Thumb Code    22  usbd_core.o(i.USBD_LL_DevDisconnected)
    USBD_LL_IsStallEP                        0x080426a5   Thumb Code    32  usbd_conf.o(i.USBD_LL_IsStallEP)
    USBD_LL_IsoINIncomplete                  0x080426c5   Thumb Code     4  usbd_core.o(i.USBD_LL_IsoINIncomplete)
    USBD_LL_IsoOUTIncomplete                 0x080426c9   Thumb Code     4  usbd_core.o(i.USBD_LL_IsoOUTIncomplete)
    USBD_LL_OpenEP                           0x080426cd   Thumb Code    38  usbd_conf.o(i.USBD_LL_OpenEP)
    USBD_LL_PrepareReceive                   0x080426f3   Thumb Code    32  usbd_conf.o(i.USBD_LL_PrepareReceive)
    USBD_LL_Reset                            0x08042713   Thumb Code    62  usbd_core.o(i.USBD_LL_Reset)
    USBD_LL_Resume                           0x08042751   Thumb Code    12  usbd_core.o(i.USBD_LL_Resume)
    USBD_LL_SOF                              0x0804275d   Thumb Code    24  usbd_core.o(i.USBD_LL_SOF)
    USBD_LL_SetSpeed                         0x08042775   Thumb Code     6  usbd_core.o(i.USBD_LL_SetSpeed)
    USBD_LL_SetUSBAddress                    0x0804277b   Thumb Code    32  usbd_conf.o(i.USBD_LL_SetUSBAddress)
    USBD_LL_SetupStage                       0x0804279b   Thumb Code    90  usbd_core.o(i.USBD_LL_SetupStage)
    USBD_LL_StallEP                          0x080427f5   Thumb Code    32  usbd_conf.o(i.USBD_LL_StallEP)
    USBD_LL_Suspend                          0x08042815   Thumb Code    18  usbd_core.o(i.USBD_LL_Suspend)
    USBD_LL_Transmit                         0x08042827   Thumb Code    32  usbd_conf.o(i.USBD_LL_Transmit)
    USBD_ParseSetupRequest                   0x08042847   Thumb Code    40  usbd_ctlreq.o(i.USBD_ParseSetupRequest)
    USBD_SetClassConfig                      0x0804286f   Thumb Code    22  usbd_core.o(i.USBD_SetClassConfig)
    USBD_StdDevReq                           0x080428f9   Thumb Code   242  usbd_ctlreq.o(i.USBD_StdDevReq)
    USBD_StdEPReq                            0x080429eb   Thumb Code   220  usbd_ctlreq.o(i.USBD_StdEPReq)
    USBD_StdItfReq                           0x08042ac7   Thumb Code    52  usbd_ctlreq.o(i.USBD_StdItfReq)
    USB_ActivateEndpoint                     0x08042afd   Thumb Code   122  stm32f4xx_ll_usb.o(i.USB_ActivateEndpoint)
    USB_ActivateSetup                        0x08042b7d   Thumb Code    52  stm32f4xx_ll_usb.o(i.USB_ActivateSetup)
    USB_EP0StartXfer                         0x08042bb1   Thumb Code   316  stm32f4xx_ll_usb.o(i.USB_EP0StartXfer)
    USB_EP0_OutStart                         0x08042cf1   Thumb Code    62  stm32f4xx_ll_usb.o(i.USB_EP0_OutStart)
    USB_EPClearStall                         0x08042d2f   Thumb Code   100  stm32f4xx_ll_usb.o(i.USB_EPClearStall)
    USB_EPSetStall                           0x08042d93   Thumb Code    94  stm32f4xx_ll_usb.o(i.USB_EPSetStall)
    USB_EPStartXfer                          0x08042df1   Thumb Code   534  stm32f4xx_ll_usb.o(i.USB_EPStartXfer)
    USB_FlushTxFifo                          0x0804300d   Thumb Code    32  stm32f4xx_ll_usb.o(i.USB_FlushTxFifo)
    USB_GetDevSpeed                          0x08043031   Thumb Code    60  stm32f4xx_ll_usb.o(i.USB_GetDevSpeed)
    USB_GetMode                              0x0804306d   Thumb Code     8  stm32f4xx_ll_usb.o(i.USB_GetMode)
    USB_ReadDevAllInEpInterrupt              0x08043075   Thumb Code    14  stm32f4xx_ll_usb.o(i.USB_ReadDevAllInEpInterrupt)
    USB_ReadDevAllOutEpInterrupt             0x08043083   Thumb Code    14  stm32f4xx_ll_usb.o(i.USB_ReadDevAllOutEpInterrupt)
    USB_ReadDevInEPInterrupt                 0x08043091   Thumb Code    30  stm32f4xx_ll_usb.o(i.USB_ReadDevInEPInterrupt)
    USB_ReadDevOutEPInterrupt                0x080430af   Thumb Code    16  stm32f4xx_ll_usb.o(i.USB_ReadDevOutEPInterrupt)
    USB_ReadInterrupts                       0x080430bf   Thumb Code     8  stm32f4xx_ll_usb.o(i.USB_ReadInterrupts)
    USB_ReadPacket                           0x080430c7   Thumb Code    32  stm32f4xx_ll_usb.o(i.USB_ReadPacket)
    USB_SetDevAddress                        0x080430e7   Thumb Code    34  stm32f4xx_ll_usb.o(i.USB_SetDevAddress)
    USB_WritePacket                          0x08043109   Thumb Code    40  stm32f4xx_ll_usb.o(i.USB_WritePacket)
    __0printf                                0x08043131   Thumb Code    22  printfa.o(i.__0printf)
    __1printf                                0x08043131   Thumb Code     0  printfa.o(i.__0printf)
    __2printf                                0x08043131   Thumb Code     0  printfa.o(i.__0printf)
    __c89printf                              0x08043131   Thumb Code     0  printfa.o(i.__0printf)
    printf                                   0x08043131   Thumb Code     0  printfa.o(i.__0printf)
    __scatterload_copy                       0x08043151   Thumb Code    14  handlers.o(i.__scatterload_copy)
    __scatterload_null                       0x0804315f   Thumb Code     2  handlers.o(i.__scatterload_null)
    __scatterload_zeroinit                   0x08043161   Thumb Code    14  handlers.o(i.__scatterload_zeroinit)
    fputc                                    0x08043a05   Thumb Code    20  main.o(i.fputc)
    main                                     0x08043a1d   Thumb Code   206  main.o(i.main)
    APBAHBPrescTable                         0x08043b1c   Data          16  stm32f4xx_hal_rcc.o(.constdata)
    Region$$Table$$Base                      0x08043b2c   Number         0  anon$$obj.o(Region$$Table)
    Region$$Table$$Limit                     0x08043b4c   Number         0  anon$$obj.o(Region$$Table)
    Uart1Ready_R                             0x20000008   Data           1  main.o(.data)
    Rx_count_UART1                           0x20000009   Data           1  main.o(.data)
    Rx_Num_UART1                             0x2000000a   Data           1  main.o(.data)
    aRXBuffer                                0x2000000b   Data           1  main.o(.data)
    SystemCoreClock                          0x2000000c   Data           4  system_stm32f4xx.o(.data)
    uwTick                                   0x20000014   Data           4  stm32f4xx_hal.o(.data)
    __stdout                                 0x20000018   Data           4  stdout.o(.data)
    hpcd_USB_OTG_HS                          0x2000001c   Data        1008  usbd_conf.o(.bss)
    hspi1                                    0x2000040c   Data          88  main.o(.bss)
    huart1                                   0x20000464   Data          64  main.o(.bss)
    hsram1                                   0x200004a4   Data          80  main.o(.bss)
    Rxbuff                                   0x200004f4   Data         100  main.o(.bss)
    __initial_sp                             0x20000758   Data           0  startup_stm32f407xx.o(STACK)



==============================================================================

Memory Map of the image

  Image Entry point : 0x08040189

  Load Region LR_IROM1 (Base: 0x08040000, Size: 0x00003b68, Max: 0x000d0000, ABSOLUTE)

    Execution Region ER_IROM1 (Base: 0x08040000, Size: 0x00003b4c, Max: 0x000d0000, ABSOLUTE)

    Base Addr    Size         Type   Attr      Idx    E Section Name        Object

    0x08040000   0x00000188   Data   RO            3    RESET               startup_stm32f407xx.o
    0x08040188   0x00000000   Code   RO         5470  * .ARM.Collect$$$$00000000  mc_w.l(entry.o)
    0x08040188   0x00000004   Code   RO         5768    .ARM.Collect$$$$00000001  mc_w.l(entry2.o)
    0x0804018c   0x00000004   Code   RO         5771    .ARM.Collect$$$$00000004  mc_w.l(entry5.o)
    0x08040190   0x00000000   Code   RO         5773    .ARM.Collect$$$$00000008  mc_w.l(entry7b.o)
    0x08040190   0x00000000   Code   RO         5775    .ARM.Collect$$$$0000000A  mc_w.l(entry8b.o)
    0x08040190   0x00000008   Code   RO         5776    .ARM.Collect$$$$0000000B  mc_w.l(entry9a.o)
    0x08040198   0x00000000   Code   RO         5778    .ARM.Collect$$$$0000000D  mc_w.l(entry10a.o)
    0x08040198   0x00000000   Code   RO         5780    .ARM.Collect$$$$0000000F  mc_w.l(entry11a.o)
    0x08040198   0x00000004   Code   RO         5769    .ARM.Collect$$$$00002712  mc_w.l(entry2.o)
    0x0804019c   0x00000024   Code   RO            4    .text               startup_stm32f407xx.o
    0x080401c0   0x0000002c   Code   RO         5783    .text               mc_w.l(uidiv.o)
    0x080401ec   0x00000062   Code   RO         5785    .text               mc_w.l(uldiv.o)
    0x0804024e   0x00000000   Code   RO         5789    .text               mc_w.l(iusefp.o)
    0x0804024e   0x0000014e   Code   RO         5790    .text               mf_w.l(dadd.o)
    0x0804039c   0x000000e4   Code   RO         5792    .text               mf_w.l(dmul.o)
    0x08040480   0x000000de   Code   RO         5794    .text               mf_w.l(ddiv.o)
    0x0804055e   0x00000030   Code   RO         5796    .text               mf_w.l(dfixul.o)
    0x0804058e   0x00000002   PAD
    0x08040590   0x00000030   Code   RO         5798    .text               mf_w.l(cdrcmple.o)
    0x080405c0   0x00000024   Code   RO         5800    .text               mc_w.l(init.o)
    0x080405e4   0x0000001e   Code   RO         5802    .text               mc_w.l(llshl.o)
    0x08040602   0x00000020   Code   RO         5804    .text               mc_w.l(llushr.o)
    0x08040622   0x00000024   Code   RO         5806    .text               mc_w.l(llsshr.o)
    0x08040646   0x000000ba   Code   RO         5808    .text               mf_w.l(depilogue.o)
    0x08040700   0x00000040   Code   RO         2738    i.FSMC_NORSRAM_Extended_Timing_Init  stm32f4xx_ll_fsmc.o
    0x08040740   0x00000054   Code   RO         2739    i.FSMC_NORSRAM_Init  stm32f4xx_ll_fsmc.o
    0x08040794   0x00000044   Code   RO         2740    i.FSMC_NORSRAM_Timing_Init  stm32f4xx_ll_fsmc.o
    0x080407d8   0x00000024   Code   RO         5371    i.HAL_DMA_Abort_IT  stm32f4xx_hal_dma.o
    0x080407fc   0x0000006c   Code   RO          665    i.HAL_FSMC_MspInit  stm32f4xx_hal_msp.o
    0x08040868   0x000001b0   Code   RO         4951    i.HAL_GPIO_Init     stm32f4xx_hal_gpio.o
    0x08040a18   0x0000000a   Code   RO         4955    i.HAL_GPIO_WritePin  stm32f4xx_hal_gpio.o
    0x08040a22   0x00000002   PAD
    0x08040a24   0x0000000c   Code   RO         4398    i.HAL_GetTick       stm32f4xx_hal.o
    0x08040a30   0x00000010   Code   RO         4399    i.HAL_IncTick       stm32f4xx_hal.o
    0x08040a40   0x00000034   Code   RO         4400    i.HAL_Init          stm32f4xx_hal.o
    0x08040a74   0x00000028   Code   RO         4401    i.HAL_InitTick      stm32f4xx_hal.o
    0x08040a9c   0x00000058   Code   RO          668    i.HAL_MspInit       stm32f4xx_hal_msp.o
    0x08040af4   0x00000016   Code   RO         4265    i.HAL_NVIC_EnableIRQ  stm32f4xx_hal_cortex.o
    0x08040b0a   0x00000002   PAD
    0x08040b0c   0x00000040   Code   RO         4271    i.HAL_NVIC_SetPriority  stm32f4xx_hal_cortex.o
    0x08040b4c   0x00000024   Code   RO         4272    i.HAL_NVIC_SetPriorityGrouping  stm32f4xx_hal_cortex.o
    0x08040b70   0x00000008   Code   RO          998    i.HAL_PCD_ConnectCallback  usbd_conf.o
    0x08040b78   0x00000012   Code   RO          999    i.HAL_PCD_DataInStageCallback  usbd_conf.o
    0x08040b8a   0x00000014   Code   RO         1000    i.HAL_PCD_DataOutStageCallback  usbd_conf.o
    0x08040b9e   0x00000008   Code   RO         1001    i.HAL_PCD_DisconnectCallback  usbd_conf.o
    0x08040ba6   0x00000050   Code   RO         5042    i.HAL_PCD_EP_ClrStall  stm32f4xx_hal_pcd.o
    0x08040bf6   0x00000054   Code   RO         5045    i.HAL_PCD_EP_Open   stm32f4xx_hal_pcd.o
    0x08040c4a   0x00000002   PAD
    0x08040c4c   0x0000005e   Code   RO         5046    i.HAL_PCD_EP_Receive  stm32f4xx_hal_pcd.o
    0x08040caa   0x00000060   Code   RO         5047    i.HAL_PCD_EP_SetStall  stm32f4xx_hal_pcd.o
    0x08040d0a   0x00000056   Code   RO         5048    i.HAL_PCD_EP_Transmit  stm32f4xx_hal_pcd.o
    0x08040d60   0x000003fe   Code   RO         5050    i.HAL_PCD_IRQHandler  stm32f4xx_hal_pcd.o
    0x0804115e   0x00000008   Code   RO         1002    i.HAL_PCD_ISOINIncompleteCallback  usbd_conf.o
    0x08041166   0x00000008   Code   RO         1003    i.HAL_PCD_ISOOUTIncompleteCallback  usbd_conf.o
    0x0804116e   0x00000020   Code   RO         1006    i.HAL_PCD_ResetCallback  usbd_conf.o
    0x0804118e   0x00000008   Code   RO         1007    i.HAL_PCD_ResumeCallback  usbd_conf.o
    0x08041196   0x00000008   Code   RO         1008    i.HAL_PCD_SOFCallback  usbd_conf.o
    0x0804119e   0x00000024   Code   RO         5059    i.HAL_PCD_SetAddress  stm32f4xx_hal_pcd.o
    0x080411c2   0x0000000e   Code   RO         1009    i.HAL_PCD_SetupStageCallback  usbd_conf.o
    0x080411d0   0x00000030   Code   RO         1010    i.HAL_PCD_SuspendCallback  usbd_conf.o
    0x08041200   0x0000017c   Code   RO         3848    i.HAL_RCC_ClockConfig  stm32f4xx_hal_rcc.o
    0x0804137c   0x0000000c   Code   RO         3853    i.HAL_RCC_GetHCLKFreq  stm32f4xx_hal_rcc.o
    0x08041388   0x00000030   Code   RO         3855    i.HAL_RCC_GetPCLK1Freq  stm32f4xx_hal_rcc.o
    0x080413b8   0x00000030   Code   RO         3856    i.HAL_RCC_GetPCLK2Freq  stm32f4xx_hal_rcc.o
    0x080413e8   0x00000074   Code   RO         3857    i.HAL_RCC_GetSysClockFreq  stm32f4xx_hal_rcc.o
    0x0804145c   0x00000314   Code   RO         3860    i.HAL_RCC_OscConfig  stm32f4xx_hal_rcc.o
    0x08041770   0x00000080   Code   RO         2358    i.HAL_SPI_Init      stm32f4xx_hal_spi.o
    0x080417f0   0x00000064   Code   RO          672    i.HAL_SPI_MspInit   stm32f4xx_hal_msp.o
    0x08041854   0x00000056   Code   RO         3605    i.HAL_SRAM_Init     stm32f4xx_hal_sram.o
    0x080418aa   0x00000004   Code   RO          674    i.HAL_SRAM_MspInit  stm32f4xx_hal_msp.o
    0x080418ae   0x00000018   Code   RO         4274    i.HAL_SYSTICK_CLKSourceConfig  stm32f4xx_hal_cortex.o
    0x080418c6   0x00000002   Code   RO         4275    i.HAL_SYSTICK_Callback  stm32f4xx_hal_cortex.o
    0x080418c8   0x00000028   Code   RO         4276    i.HAL_SYSTICK_Config  stm32f4xx_hal_cortex.o
    0x080418f0   0x00000008   Code   RO         4277    i.HAL_SYSTICK_IRQHandler  stm32f4xx_hal_cortex.o
    0x080418f8   0x00000002   Code   RO         2877    i.HAL_UART_ErrorCallback  stm32f4xx_hal_uart.o
    0x080418fa   0x00000002   PAD
    0x080418fc   0x00000110   Code   RO         2880    i.HAL_UART_IRQHandler  stm32f4xx_hal_uart.o
    0x08041a0c   0x00000062   Code   RO         2881    i.HAL_UART_Init     stm32f4xx_hal_uart.o
    0x08041a6e   0x00000002   PAD
    0x08041a70   0x0000005c   Code   RO          676    i.HAL_UART_MspInit  stm32f4xx_hal_msp.o
    0x08041acc   0x00000048   Code   RO         2886    i.HAL_UART_Receive_IT  stm32f4xx_hal_uart.o
    0x08041b14   0x00000064   Code   RO         1680    i.HAL_UART_RxCpltCallback  main.o
    0x08041b78   0x000000ba   Code   RO         2889    i.HAL_UART_Transmit  stm32f4xx_hal_uart.o
    0x08041c32   0x00000002   Code   RO         2892    i.HAL_UART_TxCpltCallback  stm32f4xx_hal_uart.o
    0x08041c34   0x00000064   Code   RO         1681    i.MX_FSMC_Init      main.o
    0x08041c98   0x00000120   Code   RO         1682    i.MX_GPIO_Init      main.o
    0x08041db8   0x00000040   Code   RO         1683    i.MX_SPI1_Init      main.o
    0x08041df8   0x00000020   Code   RO         4278    i.NVIC_SetPriority  stm32f4xx_hal_cortex.o
    0x08041e18   0x0000000c   Code   RO          756    i.OTG_HS_IRQHandler  stm32f4xx_it.o
    0x08041e24   0x00000088   Code   RO         5064    i.PCD_WriteEmptyTxFifo  stm32f4xx_hal_pcd.o
    0x08041eac   0x00000002   Code   RO          757    i.PendSV_Handler    stm32f4xx_it.o
    0x08041eae   0x00000002   Code   RO          758    i.SVC_Handler       stm32f4xx_it.o
    0x08041eb0   0x0000000e   Code   RO          759    i.SysTick_Handler   stm32f4xx_it.o
    0x08041ebe   0x00000002   PAD
    0x08041ec0   0x000000a0   Code   RO         1684    i.SystemClock_Config  main.o
    0x08041f60   0x00000054   Code   RO         1764    i.SystemInit        system_stm32f4xx.o
    0x08041fb4   0x00000010   Code   RO         2894    i.UART_DMAAbortOnError  stm32f4xx_hal_uart.o
    0x08041fc4   0x0000001c   Code   RO         2904    i.UART_EndRxTransfer  stm32f4xx_hal_uart.o
    0x08041fe0   0x0000008c   Code   RO         2906    i.UART_Receive_IT   stm32f4xx_hal_uart.o
    0x0804206c   0x000002ac   Code   RO         2907    i.UART_SetConfig    stm32f4xx_hal_uart.o
    0x08042318   0x00000062   Code   RO         2908    i.UART_Transmit_IT  stm32f4xx_hal_uart.o
    0x0804237a   0x00000064   Code   RO         2909    i.UART_WaitOnFlagUntilTimeout  stm32f4xx_hal_uart.o
    0x080423de   0x00000002   PAD
    0x080423e0   0x0000000c   Code   RO          760    i.USART1_IRQHandler  stm32f4xx_it.o
    0x080423ec   0x0000000e   Code   RO         2176    i.USBD_ClrClassConfig  usbd_core.o
    0x080423fa   0x00000010   Code   RO         1981    i.USBD_CtlContinueRx  usbd_ioreq.o
    0x0804240a   0x00000010   Code   RO         1982    i.USBD_CtlContinueSendData  usbd_ioreq.o
    0x0804241a   0x00000016   Code   RO         2041    i.USBD_CtlError     usbd_ctlreq.o
    0x08042430   0x00000016   Code   RO         1984    i.USBD_CtlReceiveStatus  usbd_ioreq.o
    0x08042446   0x0000001a   Code   RO         1985    i.USBD_CtlSendData  usbd_ioreq.o
    0x08042460   0x00000016   Code   RO         1986    i.USBD_CtlSendStatus  usbd_ioreq.o
    0x08042476   0x000000e0   Code   RO         2042    i.USBD_GetDescriptor  usbd_ctlreq.o
    0x08042556   0x00000020   Code   RO         1011    i.USBD_LL_ClearStallEP  usbd_conf.o
    0x08042576   0x000000aa   Code   RO         2179    i.USBD_LL_DataInStage  usbd_core.o
    0x08042620   0x0000006a   Code   RO         2180    i.USBD_LL_DataOutStage  usbd_core.o
    0x0804268a   0x00000004   Code   RO         2181    i.USBD_LL_DevConnected  usbd_core.o
    0x0804268e   0x00000016   Code   RO         2182    i.USBD_LL_DevDisconnected  usbd_core.o
    0x080426a4   0x00000020   Code   RO         1018    i.USBD_LL_IsStallEP  usbd_conf.o
    0x080426c4   0x00000004   Code   RO         2183    i.USBD_LL_IsoINIncomplete  usbd_core.o
    0x080426c8   0x00000004   Code   RO         2184    i.USBD_LL_IsoOUTIncomplete  usbd_core.o
    0x080426cc   0x00000026   Code   RO         1019    i.USBD_LL_OpenEP    usbd_conf.o
    0x080426f2   0x00000020   Code   RO         1020    i.USBD_LL_PrepareReceive  usbd_conf.o
    0x08042712   0x0000003e   Code   RO         2185    i.USBD_LL_Reset     usbd_core.o
    0x08042750   0x0000000c   Code   RO         2186    i.USBD_LL_Resume    usbd_core.o
    0x0804275c   0x00000018   Code   RO         2187    i.USBD_LL_SOF       usbd_core.o
    0x08042774   0x00000006   Code   RO         2188    i.USBD_LL_SetSpeed  usbd_core.o
    0x0804277a   0x00000020   Code   RO         1021    i.USBD_LL_SetUSBAddress  usbd_conf.o
    0x0804279a   0x0000005a   Code   RO         2189    i.USBD_LL_SetupStage  usbd_core.o
    0x080427f4   0x00000020   Code   RO         1022    i.USBD_LL_StallEP   usbd_conf.o
    0x08042814   0x00000012   Code   RO         2190    i.USBD_LL_Suspend   usbd_core.o
    0x08042826   0x00000020   Code   RO         1025    i.USBD_LL_Transmit  usbd_conf.o
    0x08042846   0x00000028   Code   RO         2044    i.USBD_ParseSetupRequest  usbd_ctlreq.o
    0x0804286e   0x00000016   Code   RO         2193    i.USBD_SetClassConfig  usbd_core.o
    0x08042884   0x00000074   Code   RO         2045    i.USBD_SetConfig    usbd_ctlreq.o
    0x080428f8   0x000000f2   Code   RO         2046    i.USBD_StdDevReq    usbd_ctlreq.o
    0x080429ea   0x000000dc   Code   RO         2047    i.USBD_StdEPReq     usbd_ctlreq.o
    0x08042ac6   0x00000034   Code   RO         2048    i.USBD_StdItfReq    usbd_ctlreq.o
    0x08042afa   0x00000002   PAD
    0x08042afc   0x00000080   Code   RO         3201    i.USB_ActivateEndpoint  stm32f4xx_ll_usb.o
    0x08042b7c   0x00000034   Code   RO         3202    i.USB_ActivateSetup  stm32f4xx_ll_usb.o
    0x08042bb0   0x00000140   Code   RO         3214    i.USB_EP0StartXfer  stm32f4xx_ll_usb.o
    0x08042cf0   0x0000003e   Code   RO         3215    i.USB_EP0_OutStart  stm32f4xx_ll_usb.o
    0x08042d2e   0x00000064   Code   RO         3216    i.USB_EPClearStall  stm32f4xx_ll_usb.o
    0x08042d92   0x0000005e   Code   RO         3217    i.USB_EPSetStall    stm32f4xx_ll_usb.o
    0x08042df0   0x0000021c   Code   RO         3218    i.USB_EPStartXfer   stm32f4xx_ll_usb.o
    0x0804300c   0x00000024   Code   RO         3221    i.USB_FlushTxFifo   stm32f4xx_ll_usb.o
    0x08043030   0x0000003c   Code   RO         3223    i.USB_GetDevSpeed   stm32f4xx_ll_usb.o
    0x0804306c   0x00000008   Code   RO         3225    i.USB_GetMode       stm32f4xx_ll_usb.o
    0x08043074   0x0000000e   Code   RO         3232    i.USB_ReadDevAllInEpInterrupt  stm32f4xx_ll_usb.o
    0x08043082   0x0000000e   Code   RO         3233    i.USB_ReadDevAllOutEpInterrupt  stm32f4xx_ll_usb.o
    0x08043090   0x0000001e   Code   RO         3234    i.USB_ReadDevInEPInterrupt  stm32f4xx_ll_usb.o
    0x080430ae   0x00000010   Code   RO         3235    i.USB_ReadDevOutEPInterrupt  stm32f4xx_ll_usb.o
    0x080430be   0x00000008   Code   RO         3236    i.USB_ReadInterrupts  stm32f4xx_ll_usb.o
    0x080430c6   0x00000020   Code   RO         3237    i.USB_ReadPacket    stm32f4xx_ll_usb.o
    0x080430e6   0x00000022   Code   RO         3240    i.USB_SetDevAddress  stm32f4xx_ll_usb.o
    0x08043108   0x00000028   Code   RO         3244    i.USB_WritePacket   stm32f4xx_ll_usb.o
    0x08043130   0x00000020   Code   RO         5712    i.__0printf         mc_w.l(printfa.o)
    0x08043150   0x0000000e   Code   RO         5812    i.__scatterload_copy  mc_w.l(handlers.o)
    0x0804315e   0x00000002   Code   RO         5813    i.__scatterload_null  mc_w.l(handlers.o)
    0x08043160   0x0000000e   Code   RO         5814    i.__scatterload_zeroinit  mc_w.l(handlers.o)
    0x0804316e   0x00000002   PAD
    0x08043170   0x00000164   Code   RO         5719    i._fp_digits        mc_w.l(printfa.o)
    0x080432d4   0x000006dc   Code   RO         5720    i._printf_core      mc_w.l(printfa.o)
    0x080439b0   0x00000024   Code   RO         5721    i._printf_post_padding  mc_w.l(printfa.o)
    0x080439d4   0x0000002e   Code   RO         5722    i._printf_pre_padding  mc_w.l(printfa.o)
    0x08043a02   0x00000002   PAD
    0x08043a04   0x00000018   Code   RO         1685    i.fputc             main.o
    0x08043a1c   0x00000100   Code   RO         1686    i.main              main.o
    0x08043b1c   0x00000010   Data   RO         3861    .constdata          stm32f4xx_hal_rcc.o
    0x08043b2c   0x00000020   Data   RO         5810    Region$$Table       anon$$obj.o


    Execution Region RW_IRAM1 (Base: 0x20000000, Size: 0x00000758, Max: 0x00020000, ABSOLUTE)

    Base Addr    Size         Type   Attr      Idx    E Section Name        Object

    0x20000000   0x00000008   Data   RW          677    .data               stm32f4xx_hal_msp.o
    0x20000008   0x00000004   Data   RW         1696    .data               main.o
    0x2000000c   0x00000004   Data   RW         1767    .data               system_stm32f4xx.o
    0x20000010   0x00000001   Data   RW         2049    .data               usbd_ctlreq.o
    0x20000011   0x00000003   PAD
    0x20000014   0x00000004   Data   RW         4406    .data               stm32f4xx_hal.o
    0x20000018   0x00000004   Data   RW         5782    .data               mc_w.l(stdout.o)
    0x2000001c   0x000003f0   Zero   RW         1026    .bss                usbd_conf.o
    0x2000040c   0x0000014c   Zero   RW         1690    .bss                main.o
    0x20000558   0x00000200   Zero   RW            1    STACK               startup_stm32f407xx.o


==============================================================================

Image component sizes


      Code (inc. data)   RO Data    RW Data    ZI Data      Debug   Object Name

         0          0          0          0          0     707624   diskio.o
       992        124          0          4        332       5929   main.o
        36          8        392          0        512        848   startup_stm32f407xx.o
       120         22          0          4          0       3899   stm32f4xx_hal.o
       228         14          0          0          0      32253   stm32f4xx_hal_cortex.o
        36          0          0          0          0       1247   stm32f4xx_hal_dma.o
       442         44          0          0          0       2556   stm32f4xx_hal_gpio.o
       392         48          0          8          0       3654   stm32f4xx_hal_msp.o
      1634          0          0          0          0       8379   stm32f4xx_hal_pcd.o
      1392         80         16          0          0       6039   stm32f4xx_hal_rcc.o
       128          0          0          0          0       1235   stm32f4xx_hal_spi.o
        86          0          0          0          0       1236   stm32f4xx_hal_sram.o
      1698         14          0          0          0       9935   stm32f4xx_hal_uart.o
        42         12          0          0          0       2365   stm32f4xx_it.o
       216         12          0          0          0       2751   stm32f4xx_ll_fsmc.o
      1588         20          0          0          0      13760   stm32f4xx_ll_usb.o
        84         18          0          4          0       1427   system_stm32f4xx.o
         0          0          0          0          0       4376   usb_device.o
       410          4          0          0       1008      11627   usbd_conf.o
       558          0          0          0          0      10060   usbd_core.o
       916         30          0          1          0       7203   usbd_ctlreq.o
       102          0          0          0          0       3876   usbd_ioreq.o

    ----------------------------------------------------------------------
     11116        450        440         24       1852     842279   Object Totals
         0          0         32          0          0          0   (incl. Generated)
        16          0          0          3          0          0   (incl. Padding)

    ----------------------------------------------------------------------

      Code (inc. data)   RO Data    RW Data    ZI Data      Debug   Library Member Name

         0          0          0          0          0          0   entry.o
         0          0          0          0          0          0   entry10a.o
         0          0          0          0          0          0   entry11a.o
         8          4          0          0          0          0   entry2.o
         4          0          0          0          0          0   entry5.o
         0          0          0          0          0          0   entry7b.o
         0          0          0          0          0          0   entry8b.o
         8          4          0          0          0          0   entry9a.o
        30          0          0          0          0          0   handlers.o
        36          8          0          0          0         68   init.o
         0          0          0          0          0          0   iusefp.o
        30          0          0          0          0         68   llshl.o
        36          0          0          0          0         68   llsshr.o
        32          0          0          0          0         68   llushr.o
      2226         90          0          0          0        444   printfa.o
         0          0          0          4          0          0   stdout.o
        44          0          0          0          0         80   uidiv.o
        98          0          0          0          0         92   uldiv.o
        48          0          0          0          0         68   cdrcmple.o
       334          0          0          0          0        148   dadd.o
       222          0          0          0          0        100   ddiv.o
       186          0          0          0          0        176   depilogue.o
        48          0          0          0          0         68   dfixul.o
       228          0          0          0          0         96   dmul.o

    ----------------------------------------------------------------------
      3624        106          0          4          0       1544   Library Totals
         6          0          0          0          0          0   (incl. Padding)

    ----------------------------------------------------------------------

      Code (inc. data)   RO Data    RW Data    ZI Data      Debug   Library Name

      2552        106          0          4          0        888   mc_w.l
      1066          0          0          0          0        656   mf_w.l

    ----------------------------------------------------------------------
      3624        106          0          4          0       1544   Library Totals

    ----------------------------------------------------------------------

==============================================================================


      Code (inc. data)   RO Data    RW Data    ZI Data      Debug   

     14740        556        440         28       1852     831347   Grand Totals
     14740        556        440         28       1852     831347   ELF Image Totals
     14740        556        440         28          0          0   ROM Totals

==============================================================================

    Total RO  Size (Code + RO Data)                15180 (  14.82kB)
    Total RW  Size (RW Data + ZI Data)              1880 (   1.84kB)
    Total ROM Size (Code + RO Data + RW Data)      15208 (  14.85kB)

==============================================================================

