<html>
<body>
<pre>
<h1>µVision Build Log</h1>
<h2>Tool Versions:</h2>
IDE-Version: ¦ÌVision V5.18.0.0
Copyright (C) 2016 ARM Ltd and ARM Germany GmbH. All rights reserved.
License Information: Mecono CN, Conandllu, LIC=SDAPC-7ZHVX-M9RGG-VFNPS-7YGSM-AFV9N
 
Tool Versions:
Toolchain:       MDK-ARM Standard  Version: 5.18
Toolchain Path:  C:\Keil_v5\ARM\ARMCC\Bin
C Compiler:      Armcc.exe V5.06 update 1 (build 61)
Assembler:       Armasm.exe V5.06 update 1 (build 61)
Linker/Locator:  ArmLink.exe V5.06 update 1 (build 61)
Library Manager: ArmAr.exe V5.06 update 1 (build 61)
Hex Converter:   FromElf.exe V5.06 update 1 (build 61)
CPU DLL:         SARMCM3.DLL V5.18
Dialog DLL:      DCM.DLL V1.13.6.0
Target DLL:      Segger\JL2CM3.dll V2.99.18.0
Dialog DLL:      TCM.DLL V1.14.8.0
 
<h2>Project:</h2>
J:\Project\Audio Player\STM32\CubeMX\Audio_Player\MDK-ARM\Audio_Player.uvprojx
Project File Date:  08/14/2016

<h2>Output:</h2>
*** Using Compiler 'V5.06 update 1 (build 61)', folder: 'C:\Keil_v5\ARM\ARMCC\Bin'
Build target 'Audio_Player'
compiling APP_COG.c...
..\Src\APP_COG.c(169): warning:  #940-D: missing return statement at end of non-void function "COG_DPChars8x6"
  }
..\Src\APP_COG.c(160): warning:  #177-D: variable "i" was declared but never referenced
      uint16_t i, j;
..\Src\APP_COG.c(160): warning:  #177-D: variable "j" was declared but never referenced
      uint16_t i, j;
..\Src\APP_COG.c(161): warning:  #550-D: variable "Xaddress" was set but never used
      uint16_t Xaddress = 0;
..\Src\APP_COG.c(162): warning:  #550-D: variable "Yaddress" was set but never used
      uint8_t  Yaddress = 0;
..\Src\APP_COG.c: 5 warnings, 0 errors
linking...
Program Size: Code=14668 RO-data=440 RW-data=652 ZI-data=3220  
After Build - User command #1: C:\Keil_v5\ARM\ARMCC\bin\fromelf.exe --bin --output ./ROM/ROM.bin ./ROM/ROM.axf
"Audio_Player\Audio_Player.axf" - 0 Error(s), 5 Warning(s).

<h2>Software Packages used:</h2>

Package Vendor: ARM
                http://www.keil.com/pack/ARM.CMSIS.4.5.0.pack
                ARM::CMSIS:CORE:4.3.0
                CMSIS (Cortex Microcontroller Software Interface Standard)
   * Component: CORE Version: 4.3.0

<h2>Collection of Component include folders:</h2>
  J:\Project\Audio Player\STM32\CubeMX\Audio_Player\MDK-ARM\RTE
  C:\Keil_v5\ARM\PACK\ARM\CMSIS\4.5.0\CMSIS\Include
  C:\Keil_v5\ARM\PACK\Keil\STM32F4xx_DFP\2.7.0\Drivers\CMSIS\Device\ST\STM32F4xx\Include

<h2>Collection of Component Files used:</h2>

   * Component: ARM::CMSIS:CORE:4.3.0
Build Time Elapsed:  00:00:01
</pre>
</body>
</html>
