Component: ARM Compiler 5.06 update 1 (build 61) Tool: armlink [4d35a8]

==============================================================================

Section Cross References

    startup_stm32f407xx.o(RESET) refers to startup_stm32f407xx.o(STACK) for __initial_sp
    startup_stm32f407xx.o(RESET) refers to startup_stm32f407xx.o(.text) for Reset_Handler
    startup_stm32f407xx.o(RESET) refers to port.o(.emb_text) for SVC_Handler
    startup_stm32f407xx.o(RESET) refers to stm32f4xx_it.o(i.SysTick_Handler) for SysTick_Handler
    startup_stm32f407xx.o(RESET) refers to stm32f4xx_it.o(i.USART1_IRQHandler) for USART1_IRQHandler
    startup_stm32f407xx.o(RESET) refers to stm32f4xx_it.o(i.OTG_HS_IRQHandler) for OTG_HS_IRQHandler
    startup_stm32f407xx.o(.text) refers to system_stm32f4xx.o(i.SystemInit) for SystemInit
    startup_stm32f407xx.o(.text) refers to entry.o(.ARM.Collect$$$$00000000) for __main
    diskio.o(i.disk_initialize) refers to ff_gen_drv.o(.bss) for disk
    diskio.o(i.disk_ioctl) refers to ff_gen_drv.o(.bss) for disk
    diskio.o(i.disk_read) refers to ff_gen_drv.o(.bss) for disk
    diskio.o(i.disk_status) refers to ff_gen_drv.o(.bss) for disk
    diskio.o(i.disk_write) refers to ff_gen_drv.o(.bss) for disk
    ff_gen_drv.o(i.FATFS_GetAttachedDriversNbr) refers to ff_gen_drv.o(.bss) for .bss
    ff_gen_drv.o(i.FATFS_LinkDriver) refers to ff_gen_drv.o(i.FATFS_LinkDriverEx) for FATFS_LinkDriverEx
    ff_gen_drv.o(i.FATFS_LinkDriverEx) refers to ff_gen_drv.o(.bss) for .bss
    ff_gen_drv.o(i.FATFS_UnLinkDriver) refers to ff_gen_drv.o(i.FATFS_UnLinkDriverEx) for FATFS_UnLinkDriverEx
    ff_gen_drv.o(i.FATFS_UnLinkDriverEx) refers to ff_gen_drv.o(.bss) for .bss
    ff.o(i.check_fs) refers to ff.o(i.move_window) for move_window
    ff.o(i.chk_lock) refers to ff.o(.bss) for .bss
    ff.o(i.clear_lock) refers to ff.o(.bss) for .bss
    ff.o(i.create_chain) refers to ff.o(i.get_fat) for get_fat
    ff.o(i.create_chain) refers to ff.o(i.put_fat) for put_fat
    ff.o(i.create_name) refers to ff.o(i.mem_set) for mem_set
    ff.o(i.create_name) refers to ff.o(.constdata) for .constdata
    ff.o(i.dec_lock) refers to ff.o(.bss) for .bss
    ff.o(i.dir_next) refers to ff.o(i.get_fat) for get_fat
    ff.o(i.dir_next) refers to ff.o(i.create_chain) for create_chain
    ff.o(i.dir_next) refers to ff.o(i.sync_window) for sync_window
    ff.o(i.dir_next) refers to ff.o(i.mem_set) for mem_set
    ff.o(i.dir_next) refers to ff.o(i.clust2sect) for clust2sect
    ff.o(i.dir_read) refers to ff.o(i.move_window) for move_window
    ff.o(i.dir_read) refers to ff.o(i.dir_next) for dir_next
    ff.o(i.dir_register) refers to ff.o(i.dir_sdi) for dir_sdi
    ff.o(i.dir_register) refers to ff.o(i.move_window) for move_window
    ff.o(i.dir_register) refers to ff.o(i.dir_next) for dir_next
    ff.o(i.dir_register) refers to ff.o(i.mem_set) for mem_set
    ff.o(i.dir_register) refers to ff.o(i.mem_cpy) for mem_cpy
    ff.o(i.dir_remove) refers to ff.o(i.dir_sdi) for dir_sdi
    ff.o(i.dir_remove) refers to ff.o(i.move_window) for move_window
    ff.o(i.dir_remove) refers to ff.o(i.mem_set) for mem_set
    ff.o(i.dir_sdi) refers to ff.o(i.get_fat) for get_fat
    ff.o(i.dir_sdi) refers to ff.o(i.clust2sect) for clust2sect
    ff.o(i.f_chmod) refers to ff.o(i.find_volume) for find_volume
    ff.o(i.f_chmod) refers to ff.o(i.follow_path) for follow_path
    ff.o(i.f_chmod) refers to ff.o(i.sync_fs) for sync_fs
    ff.o(i.f_chmod) refers to ff.o(i.unlock_fs) for unlock_fs
    ff.o(i.f_close) refers to ff.o(i.f_sync) for f_sync
    ff.o(i.f_close) refers to ff.o(i.validate) for validate
    ff.o(i.f_close) refers to ff.o(i.dec_lock) for dec_lock
    ff.o(i.f_close) refers to ff.o(i.unlock_fs) for unlock_fs
    ff.o(i.f_closedir) refers to ff.o(i.validate) for validate
    ff.o(i.f_closedir) refers to ff.o(i.dec_lock) for dec_lock
    ff.o(i.f_closedir) refers to ff.o(i.unlock_fs) for unlock_fs
    ff.o(i.f_getfree) refers to ff.o(i.find_volume) for find_volume
    ff.o(i.f_getfree) refers to ff.o(i.get_fat) for get_fat
    ff.o(i.f_getfree) refers to ff.o(i.move_window) for move_window
    ff.o(i.f_getfree) refers to ff.o(i.unlock_fs) for unlock_fs
    ff.o(i.f_gets) refers to ff.o(i.f_read) for f_read
    ff.o(i.f_lseek) refers to ff.o(i.validate) for validate
    ff.o(i.f_lseek) refers to ff.o(i.unlock_fs) for unlock_fs
    ff.o(i.f_lseek) refers to ff.o(i.clmt_clust) for clmt_clust
    ff.o(i.f_lseek) refers to ff.o(i.clust2sect) for clust2sect
    ff.o(i.f_lseek) refers to diskio.o(i.disk_write) for disk_write
    ff.o(i.f_lseek) refers to ff.o(i.get_fat) for get_fat
    ff.o(i.f_lseek) refers to diskio.o(i.disk_read) for disk_read
    ff.o(i.f_lseek) refers to ff.o(i.create_chain) for create_chain
    ff.o(i.f_mkdir) refers to fatfs.o(i.get_fattime) for get_fattime
    ff.o(i.f_mkdir) refers to ff.o(i.find_volume) for find_volume
    ff.o(i.f_mkdir) refers to ff.o(i.follow_path) for follow_path
[...]
    ../Drivers/STM32F4xx_HAL_Driver/Src/stm32f4xx_ll_usb.c 0x00000000   Number         0  stm32f4xx_ll_usb.o ABSOLUTE
    ../Middlewares/ST/STM32_USB_Device_Library/Class/MSC/Src/usbd_msc.c 0x00000000   Number         0  usbd_msc.o ABSOLUTE
    ../Middlewares/ST/STM32_USB_Device_Library/Class/MSC/Src/usbd_msc_bot.c 0x00000000   Number         0  usbd_msc_bot.o ABSOLUTE
    ../Middlewares/ST/STM32_USB_Device_Library/Class/MSC/Src/usbd_msc_data.c 0x00000000   Number         0  usbd_msc_data.o ABSOLUTE
    ../Middlewares/ST/STM32_USB_Device_Library/Class/MSC/Src/usbd_msc_scsi.c 0x00000000   Number         0  usbd_msc_scsi.o ABSOLUTE
    ../Middlewares/ST/STM32_USB_Device_Library/Core/Src/usbd_core.c 0x00000000   Number         0  usbd_core.o ABSOLUTE
    ../Middlewares/ST/STM32_USB_Device_Library/Core/Src/usbd_ctlreq.c 0x00000000   Number         0  usbd_ctlreq.o ABSOLUTE
    ../Middlewares/ST/STM32_USB_Device_Library/Core/Src/usbd_ioreq.c 0x00000000   Number         0  usbd_ioreq.o ABSOLUTE
    ../Middlewares/Third_Party/FatFs/src/diskio.c 0x00000000   Number         0  diskio.o ABSOLUTE
    ../Middlewares/Third_Party/FatFs/src/drivers/sd_diskio.c 0x00000000   Number         0  sd_diskio.o ABSOLUTE
    ../Middlewares/Third_Party/FatFs/src/ff.c 0x00000000   Number         0  ff.o ABSOLUTE
    ../Middlewares/Third_Party/FatFs/src/ff_gen_drv.c 0x00000000   Number         0  ff_gen_drv.o ABSOLUTE
    ../Middlewares/Third_Party/FatFs/src/option/syscall.c 0x00000000   Number         0  syscall.o ABSOLUTE
    ../Middlewares/Third_Party/FreeRTOS/Source/CMSIS_RTOS/cmsis_os.c 0x00000000   Number         0  cmsis_os.o ABSOLUTE
    ../Middlewares/Third_Party/FreeRTOS/Source/croutine.c 0x00000000   Number         0  croutine.o ABSOLUTE
    ../Middlewares/Third_Party/FreeRTOS/Source/event_groups.c 0x00000000   Number         0  event_groups.o ABSOLUTE
    ../Middlewares/Third_Party/FreeRTOS/Source/list.c 0x00000000   Number         0  list.o ABSOLUTE
    ../Middlewares/Third_Party/FreeRTOS/Source/portable/MemMang/heap_4.c 0x00000000   Number         0  heap_4.o ABSOLUTE
    ../Middlewares/Third_Party/FreeRTOS/Source/portable/RVDS/ARM_CM4F/port.c 0x00000000   Number         0  port.o ABSOLUTE
    ../Middlewares/Third_Party/FreeRTOS/Source/queue.c 0x00000000   Number         0  queue.o ABSOLUTE
    ../Middlewares/Third_Party/FreeRTOS/Source/tasks.c 0x00000000   Number         0  tasks.o ABSOLUTE
    ../Middlewares/Third_Party/FreeRTOS/Source/timers.c 0x00000000   Number         0  timers.o ABSOLUTE
    ../Src/bsp_driver_sd.c                   0x00000000   Number         0  bsp_driver_sd.o ABSOLUTE
    ../Src/fatfs.c                           0x00000000   Number         0  fatfs.o ABSOLUTE
    ../Src/freertos.c                        0x00000000   Number         0  freertos.o ABSOLUTE
    ../Src/main.c                            0x00000000   Number         0  main.o ABSOLUTE
    ../Src/stm32f4xx_hal_msp.c               0x00000000   Number         0  stm32f4xx_hal_msp.o ABSOLUTE
    ../Src/stm32f4xx_it.c                    0x00000000   Number         0  stm32f4xx_it.o ABSOLUTE
    ../Src/usb_device.c                      0x00000000   Number         0  usb_device.o ABSOLUTE
    ../Src/usbd_conf.c                       0x00000000   Number         0  usbd_conf.o ABSOLUTE
    ../Src/usbd_desc.c                       0x00000000   Number         0  usbd_desc.o ABSOLUTE
    ../Src/usbd_storage_if.c                 0x00000000   Number         0  usbd_storage_if.o ABSOLUTE
    ../Src/user_diskio.c                     0x00000000   Number         0  user_diskio.o ABSOLUTE
    ../clib/../cmprslib/zerorunl2.c          0x00000000   Number         0  __dczerorl2.o ABSOLUTE
    ../clib/microlib/division.c              0x00000000   Number         0  uldiv.o ABSOLUTE
    ../clib/microlib/division.c              0x00000000   Number         0  uidiv.o ABSOLUTE
    ../clib/microlib/init/entry.s            0x00000000   Number         0  entry9a.o ABSOLUTE
    ../clib/microlib/init/entry.s            0x00000000   Number         0  entry2.o ABSOLUTE
    ../clib/microlib/init/entry.s            0x00000000   Number         0  entry5.o ABSOLUTE
    ../clib/microlib/init/entry.s            0x00000000   Number         0  entry10b.o ABSOLUTE
    ../clib/microlib/init/entry.s            0x00000000   Number         0  entry7a.o ABSOLUTE
    ../clib/microlib/init/entry.s            0x00000000   Number         0  entry8a.o ABSOLUTE
    ../clib/microlib/init/entry.s            0x00000000   Number         0  entry11b.o ABSOLUTE
    ../clib/microlib/init/entry.s            0x00000000   Number         0  entry8b.o ABSOLUTE
    ../clib/microlib/init/entry.s            0x00000000   Number         0  entry11a.o ABSOLUTE
    ../clib/microlib/init/entry.s            0x00000000   Number         0  entry7b.o ABSOLUTE
    ../clib/microlib/init/entry.s            0x00000000   Number         0  entry10a.o ABSOLUTE
    ../clib/microlib/init/entry.s            0x00000000   Number         0  entry9b.o ABSOLUTE
    ../clib/microlib/init/entry.s            0x00000000   Number         0  entry.o ABSOLUTE
    ../clib/microlib/longlong.c              0x00000000   Number         0  llsshr.o ABSOLUTE
    ../clib/microlib/longlong.c              0x00000000   Number         0  llushr.o ABSOLUTE
    ../clib/microlib/longlong.c              0x00000000   Number         0  llshl.o ABSOLUTE
    ../clib/microlib/malloc/malloc.c         0x00000000   Number         0  mallocra.o ABSOLUTE
    ../clib/microlib/malloc/malloc.c         0x00000000   Number         0  malloca.o ABSOLUTE
    ../clib/microlib/malloc/malloc.c         0x00000000   Number         0  mallocr.o ABSOLUTE
    ../clib/microlib/malloc/malloc.c         0x00000000   Number         0  malloc.o ABSOLUTE
    ../clib/microlib/malloc/mvars.c          0x00000000   Number         0  mvars.o ABSOLUTE
    ../clib/microlib/printf/printf.c         0x00000000   Number         0  printfb.o ABSOLUTE
    ../clib/microlib/printf/printf.c         0x00000000   Number         0  printf0.o ABSOLUTE
    ../clib/microlib/printf/printf.c         0x00000000   Number         0  printf1.o ABSOLUTE
    ../clib/microlib/printf/printf.c         0x00000000   Number         0  printf3.o ABSOLUTE
    ../clib/microlib/printf/printf.c         0x00000000   Number         0  printf4.o ABSOLUTE
    ../clib/microlib/printf/printf.c         0x00000000   Number         0  printf2.o ABSOLUTE
    ../clib/microlib/printf/printf.c         0x00000000   Number         0  printfa.o ABSOLUTE
    ../clib/microlib/printf/printf.c         0x00000000   Number         0  printf8.o ABSOLUTE
    ../clib/microlib/printf/printf.c         0x00000000   Number         0  printf7.o ABSOLUTE
    ../clib/microlib/printf/printf.c         0x00000000   Number         0  printf6.o ABSOLUTE
    ../clib/microlib/printf/printf.c         0x00000000   Number         0  printf5.o ABSOLUTE
    ../clib/microlib/printf/stubs.s          0x00000000   Number         0  stubs.o ABSOLUTE
    ../clib/microlib/stdio/streams.c         0x00000000   Number         0  stdout.o ABSOLUTE
    ../clib/microlib/string/memcpy.c         0x00000000   Number         0  memcpyb.o ABSOLUTE
    ../clib/microlib/string/memcpy.c         0x00000000   Number         0  memcpya.o ABSOLUTE
    ../clib/microlib/string/memset.c         0x00000000   Number         0  memseta.o ABSOLUTE
    ../clib/microlib/stubs.s                 0x00000000   Number         0  iusefp.o ABSOLUTE
    ../fplib/microlib/fpadd.c                0x00000000   Number         0  dadd.o ABSOLUTE
    ../fplib/microlib/fpdiv.c                0x00000000   Number         0  ddiv.o ABSOLUTE
    ../fplib/microlib/fpepilogue.c           0x00000000   Number         0  depilogue.o ABSOLUTE
    ../fplib/microlib/fpfix.c                0x00000000   Number         0  dfixul.o ABSOLUTE
    ../fplib/microlib/fpmul.c                0x00000000   Number         0  dmul.o ABSOLUTE
    ..\Drivers\CMSIS\Device\ST\STM32F4xx\Source\Templates\system_stm32f4xx.c 0x00000000   Number         0  system_stm32f4xx.o ABSOLUTE
    ..\Drivers\STM32F4xx_HAL_Driver\Src\stm32f4xx_hal.c 0x00000000   Number         0  stm32f4xx_hal.o ABSOLUTE
    ..\Drivers\STM32F4xx_HAL_Driver\Src\stm32f4xx_hal_cortex.c 0x00000000   Number         0  stm32f4xx_hal_cortex.o ABSOLUTE
    ..\Drivers\STM32F4xx_HAL_Driver\Src\stm32f4xx_hal_dma.c 0x00000000   Number         0  stm32f4xx_hal_dma.o ABSOLUTE
    ..\Drivers\STM32F4xx_HAL_Driver\Src\stm32f4xx_hal_dma_ex.c 0x00000000   Number         0  stm32f4xx_hal_dma_ex.o ABSOLUTE
    ..\Drivers\STM32F4xx_HAL_Driver\Src\stm32f4xx_hal_flash.c 0x00000000   Number         0  stm32f4xx_hal_flash.o ABSOLUTE
    ..\Drivers\STM32F4xx_HAL_Driver\Src\stm32f4xx_hal_flash_ex.c 0x00000000   Number         0  stm32f4xx_hal_flash_ex.o ABSOLUTE
    ..\Drivers\STM32F4xx_HAL_Driver\Src\stm32f4xx_hal_flash_ramfunc.c 0x00000000   Number         0  stm32f4xx_hal_flash_ramfunc.o ABSOLUTE
    ..\Drivers\STM32F4xx_HAL_Driver\Src\stm32f4xx_hal_gpio.c 0x00000000   Number         0  stm32f4xx_hal_gpio.o ABSOLUTE
    ..\Drivers\STM32F4xx_HAL_Driver\Src\stm32f4xx_hal_i2c.c 0x00000000   Number         0  stm32f4xx_hal_i2c.o ABSOLUTE
    ..\Drivers\STM32F4xx_HAL_Driver\Src\stm32f4xx_hal_i2c_ex.c 0x00000000   Number         0  stm32f4xx_hal_i2c_ex.o ABSOLUTE
    ..\Drivers\STM32F4xx_HAL_Driver\Src\stm32f4xx_hal_pcd.c 0x00000000   Number         0  stm32f4xx_hal_pcd.o ABSOLUTE
    ..\Drivers\STM32F4xx_HAL_Driver\Src\stm32f4xx_hal_pcd_ex.c 0x00000000   Number         0  stm32f4xx_hal_pcd_ex.o ABSOLUTE
    ..\Drivers\STM32F4xx_HAL_Driver\Src\stm32f4xx_hal_pwr.c 0x00000000   Number         0  stm32f4xx_hal_pwr.o ABSOLUTE
    ..\Drivers\STM32F4xx_HAL_Driver\Src\stm32f4xx_hal_pwr_ex.c 0x00000000   Number         0  stm32f4xx_hal_pwr_ex.o ABSOLUTE
    ..\Drivers\STM32F4xx_HAL_Driver\Src\stm32f4xx_hal_rcc.c 0x00000000   Number         0  stm32f4xx_hal_rcc.o ABSOLUTE
    ..\Drivers\STM32F4xx_HAL_Driver\Src\stm32f4xx_hal_rcc_ex.c 0x00000000   Number         0  stm32f4xx_hal_rcc_ex.o ABSOLUTE
    ..\Drivers\STM32F4xx_HAL_Driver\Src\stm32f4xx_hal_rtc.c 0x00000000   Number         0  stm32f4xx_hal_rtc.o ABSOLUTE
    ..\Drivers\STM32F4xx_HAL_Driver\Src\stm32f4xx_hal_rtc_ex.c 0x00000000   Number         0  stm32f4xx_hal_rtc_ex.o ABSOLUTE
    ..\Drivers\STM32F4xx_HAL_Driver\Src\stm32f4xx_hal_sd.c 0x00000000   Number         0  stm32f4xx_hal_sd.o ABSOLUTE
    ..\Drivers\STM32F4xx_HAL_Driver\Src\stm32f4xx_hal_spi.c 0x00000000   Number         0  stm32f4xx_hal_spi.o ABSOLUTE
    ..\Drivers\STM32F4xx_HAL_Driver\Src\stm32f4xx_hal_sram.c 0x00000000   Number         0  stm32f4xx_hal_sram.o ABSOLUTE
    ..\Drivers\STM32F4xx_HAL_Driver\Src\stm32f4xx_hal_tim.c 0x00000000   Number         0  stm32f4xx_hal_tim.o ABSOLUTE
    ..\Drivers\STM32F4xx_HAL_Driver\Src\stm32f4xx_hal_tim_ex.c 0x00000000   Number         0  stm32f4xx_hal_tim_ex.o ABSOLUTE
    ..\Drivers\STM32F4xx_HAL_Driver\Src\stm32f4xx_hal_uart.c 0x00000000   Number         0  stm32f4xx_hal_uart.o ABSOLUTE
    ..\Drivers\STM32F4xx_HAL_Driver\Src\stm32f4xx_ll_fsmc.c 0x00000000   Number         0  stm32f4xx_ll_fsmc.o ABSOLUTE
    ..\Drivers\STM32F4xx_HAL_Driver\Src\stm32f4xx_ll_sdmmc.c 0x00000000   Number         0  stm32f4xx_ll_sdmmc.o ABSOLUTE
    ..\Drivers\STM32F4xx_HAL_Driver\Src\stm32f4xx_ll_usb.c 0x00000000   Number         0  stm32f4xx_ll_usb.o ABSOLUTE
    ..\Middlewares\ST\STM32_USB_Device_Library\Class\MSC\Src\usbd_msc.c 0x00000000   Number         0  usbd_msc.o ABSOLUTE
    ..\Middlewares\ST\STM32_USB_Device_Library\Class\MSC\Src\usbd_msc_bot.c 0x00000000   Number         0  usbd_msc_bot.o ABSOLUTE
    ..\Middlewares\ST\STM32_USB_Device_Library\Class\MSC\Src\usbd_msc_data.c 0x00000000   Number         0  usbd_msc_data.o ABSOLUTE
    ..\Middlewares\ST\STM32_USB_Device_Library\Class\MSC\Src\usbd_msc_scsi.c 0x00000000   Number         0  usbd_msc_scsi.o ABSOLUTE
    ..\Middlewares\ST\STM32_USB_Device_Library\Core\Src\usbd_core.c 0x00000000   Number         0  usbd_core.o ABSOLUTE
    ..\Middlewares\ST\STM32_USB_Device_Library\Core\Src\usbd_ctlreq.c 0x00000000   Number         0  usbd_ctlreq.o ABSOLUTE
    ..\Middlewares\ST\STM32_USB_Device_Library\Core\Src\usbd_ioreq.c 0x00000000   Number         0  usbd_ioreq.o ABSOLUTE
    ..\Middlewares\Third_Party\FatFs\src\diskio.c 0x00000000   Number         0  diskio.o ABSOLUTE
    ..\Middlewares\Third_Party\FatFs\src\drivers\sd_diskio.c 0x00000000   Number         0  sd_diskio.o ABSOLUTE
    ..\Middlewares\Third_Party\FatFs\src\ff.c 0x00000000   Number         0  ff.o ABSOLUTE
    ..\Middlewares\Third_Party\FatFs\src\ff_gen_drv.c 0x00000000   Number         0  ff_gen_drv.o ABSOLUTE
    ..\Middlewares\Third_Party\FatFs\src\option\syscall.c 0x00000000   Number         0  syscall.o ABSOLUTE
    ..\Middlewares\Third_Party\FreeRTOS\Source\CMSIS_RTOS\cmsis_os.c 0x00000000   Number         0  cmsis_os.o ABSOLUTE
    ..\Middlewares\Third_Party\FreeRTOS\Source\portable\RVDS\ARM_CM4F\port.c 0x00000000   Number         0  port.o ABSOLUTE
    ..\Src\APP_COG.c                         0x00000000   Number         0  app_cog.o ABSOLUTE
    ..\Src\APP_W25Q128.c                     0x00000000   Number         0  app_w25q128.o ABSOLUTE
    ..\Src\DRI_COG.c                         0x00000000   Number         0  dri_cog.o ABSOLUTE
    ..\Src\DRI_FPGA.c                        0x00000000   Number         0  dri_fpga.o ABSOLUTE
    ..\Src\DRI_SPI.c                         0x00000000   Number         0  dri_spi.o ABSOLUTE
    ..\Src\bsp_driver_sd.c                   0x00000000   Number         0  bsp_driver_sd.o ABSOLUTE
    ..\Src\fatfs.c                           0x00000000   Number         0  fatfs.o ABSOLUTE
    ..\Src\main.c                            0x00000000   Number         0  main.o ABSOLUTE
    ..\Src\stm32f4xx_hal_msp.c               0x00000000   Number         0  stm32f4xx_hal_msp.o ABSOLUTE
    ..\Src\stm32f4xx_it.c                    0x00000000   Number         0  stm32f4xx_it.o ABSOLUTE
    ..\Src\usb_device.c                      0x00000000   Number         0  usb_device.o ABSOLUTE
    ..\Src\usbd_conf.c                       0x00000000   Number         0  usbd_conf.o ABSOLUTE
    ..\Src\usbd_desc.c                       0x00000000   Number         0  usbd_desc.o ABSOLUTE
    ..\Src\usbd_storage_if.c                 0x00000000   Number         0  usbd_storage_if.o ABSOLUTE
    ..\Src\user_diskio.c                     0x00000000   Number         0  user_diskio.o ABSOLUTE
    ..\\Src\\APP_COG.c                       0x00000000   Number         0  app_cog.o ABSOLUTE
    ..\\Src\\APP_W25Q128.c                   0x00000000   Number         0  app_w25q128.o ABSOLUTE
    ..\\Src\\DRI_COG.c                       0x00000000   Number         0  dri_cog.o ABSOLUTE
    ..\\Src\\DRI_FPGA.c                      0x00000000   Number         0  dri_fpga.o ABSOLUTE
    ..\\Src\\DRI_SPI.c                       0x00000000   Number         0  dri_spi.o ABSOLUTE
    cdrcmple.s                               0x00000000   Number         0  cdrcmple.o ABSOLUTE
    dc.s                                     0x00000000   Number         0  dc.o ABSOLUTE
    handlers.s                               0x00000000   Number         0  handlers.o ABSOLUTE
    init.s                                   0x00000000   Number         0  init.o ABSOLUTE
    startup_stm32f407xx.s                    0x00000000   Number         0  startup_stm32f407xx.o ABSOLUTE
    RESET                                    0x08040000   Section      392  startup_stm32f407xx.o(RESET)
    .ARM.Collect$$$$00000000                 0x08040188   Section        0  entry.o(.ARM.Collect$$$$00000000)
    .ARM.Collect$$$$00000001                 0x08040188   Section        4  entry2.o(.ARM.Collect$$$$00000001)
    .ARM.Collect$$$$00000004                 0x0804018c   Section        4  entry5.o(.ARM.Collect$$$$00000004)
    .ARM.Collect$$$$00000008                 0x08040190   Section        0  entry7b.o(.ARM.Collect$$$$00000008)
    .ARM.Collect$$$$0000000A                 0x08040190   Section        0  entry8b.o(.ARM.Collect$$$$0000000A)
    .ARM.Collect$$$$0000000B                 0x08040190   Section        8  entry9a.o(.ARM.Collect$$$$0000000B)
    .ARM.Collect$$$$0000000D                 0x08040198   Section        0  entry10a.o(.ARM.Collect$$$$0000000D)
    .ARM.Collect$$$$0000000F                 0x08040198   Section        0  entry11a.o(.ARM.Collect$$$$0000000F)
    .ARM.Collect$$$$00002712                 0x08040198   Section        4  entry2.o(.ARM.Collect$$$$00002712)
    __lit__00000000                          0x08040198   Data           4  entry2.o(.ARM.Collect$$$$00002712)
    .emb_text                                0x0804019c   Section      186  port.o(.emb_text)
    $v0                                      0x0804019c   Number         0  port.o(.emb_text)
    .text                                    0x08040258   Section       36  startup_stm32f407xx.o(.text)
    $v0                                      0x08040258   Number         0  startup_stm32f407xx.o(.text)
    .text                                    0x0804027c   Section        0  uidiv.o(.text)
    .text                                    0x080402a8   Section        0  uldiv.o(.text)
    .text                                    0x0804030a   Section        0  dadd.o(.text)
    .text                                    0x0804030a   Section        0  iusefp.o(.text)
    .text                                    0x08040458   Section        0  dmul.o(.text)
    .text                                    0x0804053c   Section        0  ddiv.o(.text)
    .text                                    0x0804061a   Section        0  dfixul.o(.text)
    .text                                    0x0804064c   Section       48  cdrcmple.o(.text)
    .text                                    0x0804067c   Section       36  init.o(.text)
    .text                                    0x080406a0   Section        0  llshl.o(.text)
    .text                                    0x080406be   Section        0  llushr.o(.text)
    .text                                    0x080406de   Section        0  llsshr.o(.text)
    .text                                    0x08040702   Section        0  depilogue.o(.text)
    .text                                    0x080407bc   Section        0  __dczerorl2.o(.text)
    i.COG_Address                            0x08040812   Section        0  app_cog.o(i.COG_Address)
    i.COG_Clear                              0x08040834   Section        0  app_cog.o(i.COG_Clear)
    i.COG_DPChar8x6                          0x0804085c   Section        0  app_cog.o(i.COG_DPChar8x6)
    i.COG_Init                               0x080408bc   Section        0  app_cog.o(i.COG_Init)
    i.COG_SendCMD                            0x08040914   Section        0  dri_cog.o(i.COG_SendCMD)
    i.COG_SendDATA                           0x08040960   Section        0  dri_cog.o(i.COG_SendDATA)
    i.HAL_GPIO_Init                          0x080409ac   Section        0  stm32f4xx_hal_gpio.o(i.HAL_GPIO_Init)
    i.HAL_GPIO_WritePin                      0x08040b6c   Section        0  stm32f4xx_hal_gpio.o(i.HAL_GPIO_WritePin)
    i.HAL_GetTick                            0x08040b78   Section        0  stm32f4xx_hal.o(i.HAL_GetTick)
    i.HAL_IncTick                            0x08040b84   Section        0  stm32f4xx_hal.o(i.HAL_IncTick)
    i.HAL_Init                               0x08040b94   Section        0  stm32f4xx_hal.o(i.HAL_Init)
    i.HAL_InitTick                           0x08040bc8   Section        0  stm32f4xx_hal.o(i.HAL_InitTick)
    i.HAL_MspInit                            0x08040bea   Section        0  stm32f4xx_hal_msp.o(i.HAL_MspInit)
    i.HAL_NVIC_EnableIRQ                     0x08040c00   Section        0  stm32f4xx_hal_cortex.o(i.HAL_NVIC_EnableIRQ)
    i.HAL_NVIC_SetPriority                   0x08040c18   Section        0  stm32f4xx_hal_cortex.o(i.HAL_NVIC_SetPriority)
    i.HAL_NVIC_SetPriorityGrouping           0x08040c58   Section        0  stm32f4xx_hal_cortex.o(i.HAL_NVIC_SetPriorityGrouping)
    i.HAL_PCD_ConnectCallback                0x08040c88   Section        0  usbd_conf.o(i.HAL_PCD_ConnectCallback)
    i.HAL_PCD_DataInStageCallback            0x08040c90   Section        0  usbd_conf.o(i.HAL_PCD_DataInStageCallback)
    i.HAL_PCD_DataOutStageCallback           0x08040ca2   Section        0  usbd_conf.o(i.HAL_PCD_DataOutStageCallback)
    i.HAL_PCD_DisconnectCallback             0x08040cb6   Section        0  usbd_conf.o(i.HAL_PCD_DisconnectCallback)
    i.HAL_PCD_EP_ClrStall                    0x08040cbe   Section        0  stm32f4xx_hal_pcd.o(i.HAL_PCD_EP_ClrStall)
    i.HAL_PCD_EP_Open                        0x08040d0e   Section        0  stm32f4xx_hal_pcd.o(i.HAL_PCD_EP_Open)
    i.HAL_PCD_EP_Receive                     0x08040d64   Section        0  stm32f4xx_hal_pcd.o(i.HAL_PCD_EP_Receive)
    i.HAL_PCD_EP_SetStall                    0x08040dc2   Section        0  stm32f4xx_hal_pcd.o(i.HAL_PCD_EP_SetStall)
    i.HAL_PCD_EP_Transmit                    0x08040e22   Section        0  stm32f4xx_hal_pcd.o(i.HAL_PCD_EP_Transmit)
    i.HAL_PCD_IRQHandler                     0x08040e78   Section        0  stm32f4xx_hal_pcd.o(i.HAL_PCD_IRQHandler)
    i.HAL_PCD_ISOINIncompleteCallback        0x08041276   Section        0  usbd_conf.o(i.HAL_PCD_ISOINIncompleteCallback)
    i.HAL_PCD_ISOOUTIncompleteCallback       0x0804127e   Section        0  usbd_conf.o(i.HAL_PCD_ISOOUTIncompleteCallback)
    i.HAL_PCD_ResetCallback                  0x08041286   Section        0  usbd_conf.o(i.HAL_PCD_ResetCallback)
    i.HAL_PCD_ResumeCallback                 0x080412a6   Section        0  usbd_conf.o(i.HAL_PCD_ResumeCallback)
    i.HAL_PCD_SOFCallback                    0x080412ae   Section        0  usbd_conf.o(i.HAL_PCD_SOFCallback)
    i.HAL_PCD_SetAddress                     0x080412b6   Section        0  stm32f4xx_hal_pcd.o(i.HAL_PCD_SetAddress)
    i.HAL_PCD_SetupStageCallback             0x080412da   Section        0  usbd_conf.o(i.HAL_PCD_SetupStageCallback)
    i.HAL_PCD_SuspendCallback                0x080412e8   Section        0  usbd_conf.o(i.HAL_PCD_SuspendCallback)
    i.HAL_RCC_ClockConfig                    0x08041318   Section        0  stm32f4xx_hal_rcc.o(i.HAL_RCC_ClockConfig)
    i.HAL_RCC_GetHCLKFreq                    0x08041458   Section        0  stm32f4xx_hal_rcc.o(i.HAL_RCC_GetHCLKFreq)
    i.HAL_RCC_GetPCLK1Freq                   0x0804148c   Section        0  stm32f4xx_hal_rcc.o(i.HAL_RCC_GetPCLK1Freq)
    i.HAL_RCC_GetPCLK2Freq                   0x080414b8   Section        0  stm32f4xx_hal_rcc.o(i.HAL_RCC_GetPCLK2Freq)
    i.HAL_RCC_GetSysClockFreq                0x080414e4   Section        0  stm32f4xx_hal_rcc.o(i.HAL_RCC_GetSysClockFreq)
    i.HAL_RCC_OscConfig                      0x08041558   Section        0  stm32f4xx_hal_rcc.o(i.HAL_RCC_OscConfig)
    i.HAL_SPI_Init                           0x0804183c   Section        0  stm32f4xx_hal_spi.o(i.HAL_SPI_Init)
    i.HAL_SPI_MspInit                        0x080418c8   Section        0  stm32f4xx_hal_msp.o(i.HAL_SPI_MspInit)
    i.HAL_SYSTICK_CLKSourceConfig            0x0804192c   Section        0  stm32f4xx_hal_cortex.o(i.HAL_SYSTICK_CLKSourceConfig)
    i.HAL_SYSTICK_Config                     0x08041944   Section        0  stm32f4xx_hal_cortex.o(i.HAL_SYSTICK_Config)
    i.HAL_UART_ErrorCallback                 0x0804196c   Section        0  stm32f4xx_hal_uart.o(i.HAL_UART_ErrorCallback)
    i.HAL_UART_IRQHandler                    0x0804196e   Section        0  stm32f4xx_hal_uart.o(i.HAL_UART_IRQHandler)
    i.HAL_UART_Init                          0x08041a56   Section        0  stm32f4xx_hal_uart.o(i.HAL_UART_Init)
    i.HAL_UART_MspInit                       0x08041ab8   Section        0  stm32f4xx_hal_msp.o(i.HAL_UART_MspInit)
    i.HAL_UART_Receive_IT                    0x08041b14   Section        0  stm32f4xx_hal_uart.o(i.HAL_UART_Receive_IT)
    i.HAL_UART_RxCpltCallback                0x08041b6c   Section        0  main.o(i.HAL_UART_RxCpltCallback)
    i.HAL_UART_Transmit_IT                   0x08041bd0   Section        0  stm32f4xx_hal_uart.o(i.HAL_UART_Transmit_IT)
    i.HAL_UART_TxCpltCallback                0x08041c0e   Section        0  stm32f4xx_hal_uart.o(i.HAL_UART_TxCpltCallback)
    i.MX_GPIO_Init                           0x08041c10   Section        0  main.o(i.MX_GPIO_Init)
    MX_GPIO_Init                             0x08041c11   Thumb Code   266  main.o(i.MX_GPIO_Init)
    i.MX_SPI1_Init                           0x08041d34   Section        0  main.o(i.MX_SPI1_Init)
    MX_SPI1_Init                             0x08041d35   Thumb Code    44  main.o(i.MX_SPI1_Init)
    i.NVIC_SetPriority                       0x08041d68   Section        0  stm32f4xx_hal_cortex.o(i.NVIC_SetPriority)
    NVIC_SetPriority                         0x08041d69   Thumb Code    32  stm32f4xx_hal_cortex.o(i.NVIC_SetPriority)
    i.OTG_HS_IRQHandler                      0x08041d88   Section        0  stm32f4xx_it.o(i.OTG_HS_IRQHandler)
    i.PCD_WriteEmptyTxFifo                   0x08041d94   Section        0  stm32f4xx_hal_pcd.o(i.PCD_WriteEmptyTxFifo)
    PCD_WriteEmptyTxFifo                     0x08041d95   Thumb Code   136  stm32f4xx_hal_pcd.o(i.PCD_WriteEmptyTxFifo)
    i.SysTick_Handler                        0x08041e1c   Section        0  stm32f4xx_it.o(i.SysTick_Handler)
    i.SystemClock_Config                     0x08041e2c   Section        0  main.o(i.SystemClock_Config)
    i.SystemInit                             0x08041ec0   Section        0  system_stm32f4xx.o(i.SystemInit)
    i.UART_Receive_IT                        0x08041f14   Section        0  stm32f4xx_hal_uart.o(i.UART_Receive_IT)
    UART_Receive_IT                          0x08041f15   Thumb Code   150  stm32f4xx_hal_uart.o(i.UART_Receive_IT)
    i.UART_SetConfig                         0x08041fac   Section        0  stm32f4xx_hal_uart.o(i.UART_SetConfig)
    UART_SetConfig                           0x08041fad   Thumb Code   676  stm32f4xx_hal_uart.o(i.UART_SetConfig)
    i.UART_Transmit_IT                       0x08042258   Section        0  stm32f4xx_hal_uart.o(i.UART_Transmit_IT)
    UART_Transmit_IT                         0x08042259   Thumb Code    98  stm32f4xx_hal_uart.o(i.UART_Transmit_IT)
    i.USART1_IRQHandler                      0x080422bc   Section        0  stm32f4xx_it.o(i.USART1_IRQHandler)
    i.USBD_ClrClassConfig                    0x080422c8   Section        0  usbd_core.o(i.USBD_ClrClassConfig)
    i.USBD_CtlContinueRx                     0x080422d6   Section        0  usbd_ioreq.o(i.USBD_CtlContinueRx)
    i.USBD_CtlContinueSendData               0x080422e6   Section        0  usbd_ioreq.o(i.USBD_CtlContinueSendData)
    i.USBD_CtlError                          0x080422f6   Section        0  usbd_ctlreq.o(i.USBD_CtlError)
    i.USBD_CtlReceiveStatus                  0x0804230c   Section        0  usbd_ioreq.o(i.USBD_CtlReceiveStatus)
    i.USBD_CtlSendData                       0x08042322   Section        0  usbd_ioreq.o(i.USBD_CtlSendData)
    i.USBD_CtlSendStatus                     0x0804233c   Section        0  usbd_ioreq.o(i.USBD_CtlSendStatus)
    i.USBD_GetDescriptor                     0x08042352   Section        0  usbd_ctlreq.o(i.USBD_GetDescriptor)
    USBD_GetDescriptor                       0x08042353   Thumb Code   224  usbd_ctlreq.o(i.USBD_GetDescriptor)
    i.USBD_LL_ClearStallEP                   0x08042432   Section        0  usbd_conf.o(i.USBD_LL_ClearStallEP)
    i.USBD_LL_DataInStage                    0x08042440   Section        0  usbd_core.o(i.USBD_LL_DataInStage)
    i.USBD_LL_DataOutStage                   0x080424ea   Section        0  usbd_core.o(i.USBD_LL_DataOutStage)
    i.USBD_LL_DevConnected                   0x08042554   Section        0  usbd_core.o(i.USBD_LL_DevConnected)
    i.USBD_LL_DevDisconnected                0x08042558   Section        0  usbd_core.o(i.USBD_LL_DevDisconnected)
    i.USBD_LL_IsStallEP                      0x0804256e   Section        0  usbd_conf.o(i.USBD_LL_IsStallEP)
    i.USBD_LL_IsoINIncomplete                0x0804258e   Section        0  usbd_core.o(i.USBD_LL_IsoINIncomplete)
    i.USBD_LL_IsoOUTIncomplete               0x08042592   Section        0  usbd_core.o(i.USBD_LL_IsoOUTIncomplete)
    i.USBD_LL_OpenEP                         0x08042596   Section        0  usbd_conf.o(i.USBD_LL_OpenEP)
    i.USBD_LL_PrepareReceive                 0x080425aa   Section        0  usbd_conf.o(i.USBD_LL_PrepareReceive)
    i.USBD_LL_Reset                          0x080425b8   Section        0  usbd_core.o(i.USBD_LL_Reset)
    i.USBD_LL_Resume                         0x080425f6   Section        0  usbd_core.o(i.USBD_LL_Resume)
    i.USBD_LL_SOF                            0x08042602   Section        0  usbd_core.o(i.USBD_LL_SOF)
    i.USBD_LL_SetSpeed                       0x0804261a   Section        0  usbd_core.o(i.USBD_LL_SetSpeed)
    i.USBD_LL_SetUSBAddress                  0x08042620   Section        0  usbd_conf.o(i.USBD_LL_SetUSBAddress)
    i.USBD_LL_SetupStage                     0x0804262e   Section        0  usbd_core.o(i.USBD_LL_SetupStage)
    i.USBD_LL_StallEP                        0x08042688   Section        0  usbd_conf.o(i.USBD_LL_StallEP)
    i.USBD_LL_Suspend                        0x08042696   Section        0  usbd_core.o(i.USBD_LL_Suspend)
    i.USBD_LL_Transmit                       0x080426a8   Section        0  usbd_conf.o(i.USBD_LL_Transmit)
    i.USBD_ParseSetupRequest                 0x080426b6   Section        0  usbd_ctlreq.o(i.USBD_ParseSetupRequest)
    i.USBD_SetClassConfig                    0x080426de   Section        0  usbd_core.o(i.USBD_SetClassConfig)
    i.USBD_SetConfig                         0x080426f4   Section        0  usbd_ctlreq.o(i.USBD_SetConfig)
    USBD_SetConfig                           0x080426f5   Thumb Code   110  usbd_ctlreq.o(i.USBD_SetConfig)
    i.USBD_StdDevReq                         0x08042768   Section        0  usbd_ctlreq.o(i.USBD_StdDevReq)
    i.USBD_StdEPReq                          0x0804285a   Section        0  usbd_ctlreq.o(i.USBD_StdEPReq)
    i.USBD_StdItfReq                         0x08042936   Section        0  usbd_ctlreq.o(i.USBD_StdItfReq)
    i.USB_ActivateEndpoint                   0x0804296c   Section        0  stm32f4xx_ll_usb.o(i.USB_ActivateEndpoint)
    i.USB_ActivateSetup                      0x080429ec   Section        0  stm32f4xx_ll_usb.o(i.USB_ActivateSetup)
    i.USB_EP0StartXfer                       0x08042a20   Section        0  stm32f4xx_ll_usb.o(i.USB_EP0StartXfer)
    i.USB_EP0_OutStart                       0x08042b60   Section        0  stm32f4xx_ll_usb.o(i.USB_EP0_OutStart)
    i.USB_EPClearStall                       0x08042b9e   Section        0  stm32f4xx_ll_usb.o(i.USB_EPClearStall)
    i.USB_EPSetStall                         0x08042c02   Section        0  stm32f4xx_ll_usb.o(i.USB_EPSetStall)
    i.USB_EPStartXfer                        0x08042c60   Section        0  stm32f4xx_ll_usb.o(i.USB_EPStartXfer)
    i.USB_FlushTxFifo                        0x08042e7c   Section        0  stm32f4xx_ll_usb.o(i.USB_FlushTxFifo)
    i.USB_GetDevSpeed                        0x08042ea0   Section        0  stm32f4xx_ll_usb.o(i.USB_GetDevSpeed)
    i.USB_GetMode                            0x08042edc   Section        0  stm32f4xx_ll_usb.o(i.USB_GetMode)
    i.USB_ReadDevAllInEpInterrupt            0x08042ee4   Section        0  stm32f4xx_ll_usb.o(i.USB_ReadDevAllInEpInterrupt)
    i.USB_ReadDevAllOutEpInterrupt           0x08042ef2   Section        0  stm32f4xx_ll_usb.o(i.USB_ReadDevAllOutEpInterrupt)
    i.USB_ReadDevInEPInterrupt               0x08042f00   Section        0  stm32f4xx_ll_usb.o(i.USB_ReadDevInEPInterrupt)
    i.USB_ReadDevOutEPInterrupt              0x08042f1e   Section        0  stm32f4xx_ll_usb.o(i.USB_ReadDevOutEPInterrupt)
    i.USB_ReadInterrupts                     0x08042f2e   Section        0  stm32f4xx_ll_usb.o(i.USB_ReadInterrupts)
    i.USB_ReadPacket                         0x08042f36   Section        0  stm32f4xx_ll_usb.o(i.USB_ReadPacket)
    i.USB_SetDevAddress                      0x08042f56   Section        0  stm32f4xx_ll_usb.o(i.USB_SetDevAddress)
    i.USB_WritePacket                        0x08042f78   Section        0  stm32f4xx_ll_usb.o(i.USB_WritePacket)
    i.__0printf                              0x08042fa0   Section        0  printfa.o(i.__0printf)
    i.__scatterload_copy                     0x08042fc0   Section       14  handlers.o(i.__scatterload_copy)
    i.__scatterload_null                     0x08042fce   Section        2  handlers.o(i.__scatterload_null)
    i.__scatterload_zeroinit                 0x08042fd0   Section       14  handlers.o(i.__scatterload_zeroinit)
    i._fp_digits                             0x08042fe0   Section        0  printfa.o(i._fp_digits)
    _fp_digits                               0x08042fe1   Thumb Code   334  printfa.o(i._fp_digits)
    i._printf_core                           0x08043144   Section        0  printfa.o(i._printf_core)
    _printf_core                             0x08043145   Thumb Code  1744  printfa.o(i._printf_core)
    i._printf_post_padding                   0x08043820   Section        0  printfa.o(i._printf_post_padding)
    _printf_post_padding                     0x08043821   Thumb Code    36  printfa.o(i._printf_post_padding)
    i._printf_pre_padding                    0x08043844   Section        0  printfa.o(i._printf_pre_padding)
    _printf_pre_padding                      0x08043845   Thumb Code    46  printfa.o(i._printf_pre_padding)
    i.fputc                                  0x08043874   Section        0  main.o(i.fputc)
    i.main                                   0x08043888   Section        0  main.o(i.main)
    i.osSystickHandler                       0x080438f4   Section        0  cmsis_os.o(i.osSystickHandler)
    i.prvResetNextTaskUnblockTime            0x08043908   Section        0  tasks.o(i.prvResetNextTaskUnblockTime)
    prvResetNextTaskUnblockTime              0x08043909   Thumb Code    26  tasks.o(i.prvResetNextTaskUnblockTime)
    i.uxListRemove                           0x08043928   Section        0  list.o(i.uxListRemove)
    i.vListInsertEnd                         0x0804394c   Section        0  list.o(i.vListInsertEnd)
    i.vTaskSwitchContext                     0x08043964   Section        0  tasks.o(i.vTaskSwitchContext)
    i.xPortSysTickHandler                    0x080439c0   Section        0  port.o(i.xPortSysTickHandler)
    i.xTaskGetSchedulerState                 0x080439ec   Section        0  tasks.o(i.xTaskGetSchedulerState)
    i.xTaskIncrementTick                     0x08043a08   Section        0  tasks.o(i.xTaskIncrementTick)
    .constdata                               0x08043ad4   Section       16  stm32f4xx_hal_rcc.o(.constdata)
    .data                                    0x20000000   Section      576  app_cog.o(.data)
    ASCII_8X6                                0x20000000   Data         576  app_cog.o(.data)
    .data                                    0x20000240   Section        4  main.o(.data)
    .data                                    0x20000244   Section        4  system_stm32f4xx.o(.data)
    .data                                    0x20000248   Section       56  tasks.o(.data)
    uxTasksDeleted                           0x2000024c   Data           4  tasks.o(.data)
    uxCurrentNumberOfTasks                   0x20000250   Data           4  tasks.o(.data)
    xTickCount                               0x20000254   Data           4  tasks.o(.data)
    uxTopReadyPriority                       0x20000258   Data           4  tasks.o(.data)
    xSchedulerRunning                        0x2000025c   Data           4  tasks.o(.data)
    uxPendedTicks                            0x20000260   Data           4  tasks.o(.data)
    xYieldPending                            0x20000264   Data           4  tasks.o(.data)
    xNumOfOverflows                          0x20000268   Data           4  tasks.o(.data)
    uxTaskNumber                             0x2000026c   Data           4  tasks.o(.data)
    xNextTaskUnblockTime                     0x20000270   Data           4  tasks.o(.data)
    uxSchedulerSuspended                     0x20000274   Data           4  tasks.o(.data)
    pxDelayedTaskList                        0x20000278   Data           4  tasks.o(.data)
    pxOverflowDelayedTaskList                0x2000027c   Data           4  tasks.o(.data)
    .data                                    0x20000280   Section        1  usbd_ctlreq.o(.data)
    cfgidx                                   0x20000280   Data           1  usbd_ctlreq.o(.data)
    .data                                    0x20000284   Section        4  stm32f4xx_hal.o(.data)
    .data                                    0x20000288   Section        4  stdout.o(.data)
    .bss                                     0x2000028c   Section      952  usbd_conf.o(.bss)
    .bss                                     0x20000644   Section     1024  app_cog.o(.bss)
    COG_Pixel                                0x20000644   Data        1024  app_cog.o(.bss)
    .bss                                     0x20000a44   Section      488  main.o(.bss)
    .bss                                     0x20000c2c   Section      240  tasks.o(.bss)
    pxReadyTasksLists                        0x20000c2c   Data         140  tasks.o(.bss)
    xDelayedTaskList1                        0x20000cb8   Data          20  tasks.o(.bss)
    xDelayedTaskList2                        0x20000ccc   Data          20  tasks.o(.bss)
    xPendingReadyList                        0x20000ce0   Data          20  tasks.o(.bss)
    xTasksWaitingTermination                 0x20000cf4   Data          20  tasks.o(.bss)
    xSuspendedTaskList                       0x20000d08   Data          20  tasks.o(.bss)
    STACK                                    0x20000d20   Section      512  startup_stm32f407xx.o(STACK)

    Global Symbols

    Symbol Name                              Value     Ov Type        Size  Object(Section)

    BuildAttributes$$THM_ISAv4$E$P$D$K$B$S$7EM$VFPi3$EXTD16$VFPS$VFMA$PE$A:L22UL41UL21$X:L11$S22US41US21$IEEE1$IW$USESV6$~STKCKD$USESV7$~SHL$OSPACE$ROPI$EBA8$MICROLIB$REQ8$PRES8$EABIv2 0x00000000   Number         0  anon$$obj.o ABSOLUTE
    __ARM_use_no_argv                        0x00000000   Number         0  main.o ABSOLUTE
    _printf_a                                0x00000000   Number         0  stubs.o ABSOLUTE
    _printf_c                                0x00000000   Number         0  stubs.o ABSOLUTE
    _printf_charcount                        0x00000000   Number         0  stubs.o ABSOLUTE
    _printf_d                                0x00000000   Number         0  stubs.o ABSOLUTE
    _printf_e                                0x00000000   Number         0  stubs.o ABSOLUTE
    _printf_f                                0x00000000   Number         0  stubs.o ABSOLUTE
    _printf_flags                            0x00000000   Number         0  stubs.o ABSOLUTE
    _printf_fp_dec                           0x00000000   Number         0  stubs.o ABSOLUTE
    _printf_fp_hex                           0x00000000   Number         0  stubs.o ABSOLUTE
    _printf_g                                0x00000000   Number         0  stubs.o ABSOLUTE
    _printf_i                                0x00000000   Number         0  stubs.o ABSOLUTE
    _printf_int_dec                          0x00000000   Number         0  stubs.o ABSOLUTE
    _printf_l                                0x00000000   Number         0  stubs.o ABSOLUTE
    _printf_lc                               0x00000000   Number         0  stubs.o ABSOLUTE
    _printf_ll                               0x00000000   Number         0  stubs.o ABSOLUTE
    _printf_lld                              0x00000000   Number         0  stubs.o ABSOLUTE
    _printf_lli                              0x00000000   Number         0  stubs.o ABSOLUTE
    _printf_llo                              0x00000000   Number         0  stubs.o ABSOLUTE
    _printf_llu                              0x00000000   Number         0  stubs.o ABSOLUTE
    _printf_llx                              0x00000000   Number         0  stubs.o ABSOLUTE
    _printf_longlong_dec                     0x00000000   Number         0  stubs.o ABSOLUTE
    _printf_longlong_hex                     0x00000000   Number         0  stubs.o ABSOLUTE
    _printf_longlong_oct                     0x00000000   Number         0  stubs.o ABSOLUTE
    _printf_ls                               0x00000000   Number         0  stubs.o ABSOLUTE
    _printf_mbtowc                           0x00000000   Number         0  stubs.o ABSOLUTE
    _printf_n                                0x00000000   Number         0  stubs.o ABSOLUTE
    _printf_o                                0x00000000   Number         0  stubs.o ABSOLUTE
    _printf_p                                0x00000000   Number         0  stubs.o ABSOLUTE
    _printf_percent                          0x00000000   Number         0  stubs.o ABSOLUTE
    _printf_pre_padding                      0x00000000   Number         0  stubs.o ABSOLUTE
    _printf_return_value                     0x00000000   Number         0  stubs.o ABSOLUTE
    _printf_s                                0x00000000   Number         0  stubs.o ABSOLUTE
    _printf_sizespec                         0x00000000   Number         0  stubs.o ABSOLUTE
    _printf_str                              0x00000000   Number         0  stubs.o ABSOLUTE
    _printf_truncate_signed                  0x00000000   Number         0  stubs.o ABSOLUTE
    _printf_truncate_unsigned                0x00000000   Number         0  stubs.o ABSOLUTE
    _printf_u                                0x00000000   Number         0  stubs.o ABSOLUTE
    _printf_wc                               0x00000000   Number         0  stubs.o ABSOLUTE
    _printf_wctomb                           0x00000000   Number         0  stubs.o ABSOLUTE
    _printf_widthprec                        0x00000000   Number         0  stubs.o ABSOLUTE
    _printf_x                                0x00000000   Number         0  stubs.o ABSOLUTE
    __cpp_initialize__aeabi_                  - Undefined Weak Reference
    __cxa_finalize                            - Undefined Weak Reference
    _clock_init                               - Undefined Weak Reference
    _microlib_exit                            - Undefined Weak Reference
    __Vectors_Size                           0x00000188   Number         0  startup_stm32f407xx.o ABSOLUTE
    __Vectors                                0x08040000   Data           4  startup_stm32f407xx.o(RESET)
    __Vectors_End                            0x08040188   Data           0  startup_stm32f407xx.o(RESET)
    __main                                   0x08040189   Thumb Code     0  entry.o(.ARM.Collect$$$$00000000)
    _main_stk                                0x08040189   Thumb Code     0  entry2.o(.ARM.Collect$$$$00000001)
    _main_scatterload                        0x0804018d   Thumb Code     0  entry5.o(.ARM.Collect$$$$00000004)
    __main_after_scatterload                 0x08040191   Thumb Code     0  entry5.o(.ARM.Collect$$$$00000004)
    _main_clock                              0x08040191   Thumb Code     0  entry7b.o(.ARM.Collect$$$$00000008)
    _main_cpp_init                           0x08040191   Thumb Code     0  entry8b.o(.ARM.Collect$$$$0000000A)
    _main_init                               0x08040191   Thumb Code     0  entry9a.o(.ARM.Collect$$$$0000000B)
    __rt_final_cpp                           0x08040199   Thumb Code     0  entry10a.o(.ARM.Collect$$$$0000000D)
    __rt_final_exit                          0x08040199   Thumb Code     0  entry11a.o(.ARM.Collect$$$$0000000F)
    SVC_Handler                              0x0804019d   Thumb Code    28  port.o(.emb_text)
    __asm___6_port_c_39a90d8d__prvStartFirstTask 0x080401bd   Thumb Code    28  port.o(.emb_text)
    __asm___6_port_c_39a90d8d__prvEnableVFP  0x080401dd   Thumb Code    16  port.o(.emb_text)
    PendSV_Handler                           0x080401f1   Thumb Code    92  port.o(.emb_text)
    vPortGetIPSR                             0x08040251   Thumb Code     6  port.o(.emb_text)
    Reset_Handler                            0x08040259   Thumb Code     8  startup_stm32f407xx.o(.text)
    NMI_Handler                              0x08040261   Thumb Code     2  startup_stm32f407xx.o(.text)
    HardFault_Handler                        0x08040263   Thumb Code     2  startup_stm32f407xx.o(.text)
    MemManage_Handler                        0x08040265   Thumb Code     2  startup_stm32f407xx.o(.text)
    BusFault_Handler                         0x08040267   Thumb Code     2  startup_stm32f407xx.o(.text)
    UsageFault_Handler                       0x08040269   Thumb Code     2  startup_stm32f407xx.o(.text)
    DebugMon_Handler                         0x0804026d   Thumb Code     2  startup_stm32f407xx.o(.text)
    ADC_IRQHandler                           0x08040273   Thumb Code     0  startup_stm32f407xx.o(.text)
    CAN1_RX0_IRQHandler                      0x08040273   Thumb Code     0  startup_stm32f407xx.o(.text)
    CAN1_RX1_IRQHandler                      0x08040273   Thumb Code     0  startup_stm32f407xx.o(.text)
    CAN1_SCE_IRQHandler                      0x08040273   Thumb Code     0  startup_stm32f407xx.o(.text)
    CAN1_TX_IRQHandler                       0x08040273   Thumb Code     0  startup_stm32f407xx.o(.text)
    CAN2_RX0_IRQHandler                      0x08040273   Thumb Code     0  startup_stm32f407xx.o(.text)
    CAN2_RX1_IRQHandler                      0x08040273   Thumb Code     0  startup_stm32f407xx.o(.text)
    CAN2_SCE_IRQHandler                      0x08040273   Thumb Code     0  startup_stm32f407xx.o(.text)
    CAN2_TX_IRQHandler                       0x08040273   Thumb Code     0  startup_stm32f407xx.o(.text)
    DCMI_IRQHandler                          0x08040273   Thumb Code     0  startup_stm32f407xx.o(.text)
    DMA1_Stream0_IRQHandler                  0x08040273   Thumb Code     0  startup_stm32f407xx.o(.text)
    DMA1_Stream1_IRQHandler                  0x08040273   Thumb Code     0  startup_stm32f407xx.o(.text)
    DMA1_Stream2_IRQHandler                  0x08040273   Thumb Code     0  startup_stm32f407xx.o(.text)
    DMA1_Stream3_IRQHandler                  0x08040273   Thumb Code     0  startup_stm32f407xx.o(.text)
    DMA1_Stream4_IRQHandler                  0x08040273   Thumb Code     0  startup_stm32f407xx.o(.text)
    DMA1_Stream5_IRQHandler                  0x08040273   Thumb Code     0  startup_stm32f407xx.o(.text)
    DMA1_Stream6_IRQHandler                  0x08040273   Thumb Code     0  startup_stm32f407xx.o(.text)
    DMA1_Stream7_IRQHandler                  0x08040273   Thumb Code     0  startup_stm32f407xx.o(.text)
    DMA2_Stream0_IRQHandler                  0x08040273   Thumb Code     0  startup_stm32f407xx.o(.text)
    DMA2_Stream1_IRQHandler                  0x08040273   Thumb Code     0  startup_stm32f407xx.o(.text)
    DMA2_Stream2_IRQHandler                  0x08040273   Thumb Code     0  startup_stm32f407xx.o(.text)
    DMA2_Stream3_IRQHandler                  0x08040273   Thumb Code     0  startup_stm32f407xx.o(.text)
    DMA2_Stream4_IRQHandler                  0x08040273   Thumb Code     0  startup_stm32f407xx.o(.text)
    DMA2_Stream5_IRQHandler                  0x08040273   Thumb Code     0  startup_stm32f407xx.o(.text)
    DMA2_Stream6_IRQHandler                  0x08040273   Thumb Code     0  startup_stm32f407xx.o(.text)
    DMA2_Stream7_IRQHandler                  0x08040273   Thumb Code     0  startup_stm32f407xx.o(.text)
    ETH_IRQHandler                           0x08040273   Thumb Code     0  startup_stm32f407xx.o(.text)
    ETH_WKUP_IRQHandler                      0x08040273   Thumb Code     0  startup_stm32f407xx.o(.text)
    EXTI0_IRQHandler                         0x08040273   Thumb Code     0  startup_stm32f407xx.o(.text)
    EXTI15_10_IRQHandler                     0x08040273   Thumb Code     0  startup_stm32f407xx.o(.text)
    EXTI1_IRQHandler                         0x08040273   Thumb Code     0  startup_stm32f407xx.o(.text)
    EXTI2_IRQHandler                         0x08040273   Thumb Code     0  startup_stm32f407xx.o(.text)
    EXTI3_IRQHandler                         0x08040273   Thumb Code     0  startup_stm32f407xx.o(.text)
    EXTI4_IRQHandler                         0x08040273   Thumb Code     0  startup_stm32f407xx.o(.text)
    EXTI9_5_IRQHandler                       0x08040273   Thumb Code     0  startup_stm32f407xx.o(.text)
    FLASH_IRQHandler                         0x08040273   Thumb Code     0  startup_stm32f407xx.o(.text)
    FMC_IRQHandler                           0x08040273   Thumb Code     0  startup_stm32f407xx.o(.text)
    FPU_IRQHandler                           0x08040273   Thumb Code     0  startup_stm32f407xx.o(.text)
    HASH_RNG_IRQHandler                      0x08040273   Thumb Code     0  startup_stm32f407xx.o(.text)
    I2C1_ER_IRQHandler                       0x08040273   Thumb Code     0  startup_stm32f407xx.o(.text)
    I2C1_EV_IRQHandler                       0x08040273   Thumb Code     0  startup_stm32f407xx.o(.text)
    I2C2_ER_IRQHandler                       0x08040273   Thumb Code     0  startup_stm32f407xx.o(.text)
    I2C2_EV_IRQHandler                       0x08040273   Thumb Code     0  startup_stm32f407xx.o(.text)
    I2C3_ER_IRQHandler                       0x08040273   Thumb Code     0  startup_stm32f407xx.o(.text)
    I2C3_EV_IRQHandler                       0x08040273   Thumb Code     0  startup_stm32f407xx.o(.text)
    OTG_FS_IRQHandler                        0x08040273   Thumb Code     0  startup_stm32f407xx.o(.text)
    OTG_FS_WKUP_IRQHandler                   0x08040273   Thumb Code     0  startup_stm32f407xx.o(.text)
    OTG_HS_EP1_IN_IRQHandler                 0x08040273   Thumb Code     0  startup_stm32f407xx.o(.text)
    OTG_HS_EP1_OUT_IRQHandler                0x08040273   Thumb Code     0  startup_stm32f407xx.o(.text)
    OTG_HS_WKUP_IRQHandler                   0x08040273   Thumb Code     0  startup_stm32f407xx.o(.text)
    PVD_IRQHandler                           0x08040273   Thumb Code     0  startup_stm32f407xx.o(.text)
    RCC_IRQHandler                           0x08040273   Thumb Code     0  startup_stm32f407xx.o(.text)
    RTC_Alarm_IRQHandler                     0x08040273   Thumb Code     0  startup_stm32f407xx.o(.text)
    RTC_WKUP_IRQHandler                      0x08040273   Thumb Code     0  startup_stm32f407xx.o(.text)
    SDIO_IRQHandler                          0x08040273   Thumb Code     0  startup_stm32f407xx.o(.text)
    SPI1_IRQHandler                          0x08040273   Thumb Code     0  startup_stm32f407xx.o(.text)
    SPI2_IRQHandler                          0x08040273   Thumb Code     0  startup_stm32f407xx.o(.text)
    SPI3_IRQHandler                          0x08040273   Thumb Code     0  startup_stm32f407xx.o(.text)
    TAMP_STAMP_IRQHandler                    0x08040273   Thumb Code     0  startup_stm32f407xx.o(.text)
    TIM1_BRK_TIM9_IRQHandler                 0x08040273   Thumb Code     0  startup_stm32f407xx.o(.text)
    TIM1_CC_IRQHandler                       0x08040273   Thumb Code     0  startup_stm32f407xx.o(.text)
    TIM1_TRG_COM_TIM11_IRQHandler            0x08040273   Thumb Code     0  startup_stm32f407xx.o(.text)
    TIM1_UP_TIM10_IRQHandler                 0x08040273   Thumb Code     0  startup_stm32f407xx.o(.text)
    TIM2_IRQHandler                          0x08040273   Thumb Code     0  startup_stm32f407xx.o(.text)
    TIM3_IRQHandler                          0x08040273   Thumb Code     0  startup_stm32f407xx.o(.text)
    TIM4_IRQHandler                          0x08040273   Thumb Code     0  startup_stm32f407xx.o(.text)
    TIM5_IRQHandler                          0x08040273   Thumb Code     0  startup_stm32f407xx.o(.text)
    TIM6_DAC_IRQHandler                      0x08040273   Thumb Code     0  startup_stm32f407xx.o(.text)
    TIM7_IRQHandler                          0x08040273   Thumb Code     0  startup_stm32f407xx.o(.text)
    TIM8_BRK_TIM12_IRQHandler                0x08040273   Thumb Code     0  startup_stm32f407xx.o(.text)
    TIM8_CC_IRQHandler                       0x08040273   Thumb Code     0  startup_stm32f407xx.o(.text)
    TIM8_TRG_COM_TIM14_IRQHandler            0x08040273   Thumb Code     0  startup_stm32f407xx.o(.text)
    TIM8_UP_TIM13_IRQHandler                 0x08040273   Thumb Code     0  startup_stm32f407xx.o(.text)
    UART4_IRQHandler                         0x08040273   Thumb Code     0  startup_stm32f407xx.o(.text)
    UART5_IRQHandler                         0x08040273   Thumb Code     0  startup_stm32f407xx.o(.text)
    USART2_IRQHandler                        0x08040273   Thumb Code     0  startup_stm32f407xx.o(.text)
    USART3_IRQHandler                        0x08040273   Thumb Code     0  startup_stm32f407xx.o(.text)
    USART6_IRQHandler                        0x08040273   Thumb Code     0  startup_stm32f407xx.o(.text)
    WWDG_IRQHandler                          0x08040273   Thumb Code     0  startup_stm32f407xx.o(.text)
    __aeabi_uidiv                            0x0804027d   Thumb Code     0  uidiv.o(.text)
    __aeabi_uidivmod                         0x0804027d   Thumb Code    44  uidiv.o(.text)
    __aeabi_uldivmod                         0x080402a9   Thumb Code    98  uldiv.o(.text)
    __I$use$fp                               0x0804030b   Thumb Code     0  iusefp.o(.text)
    __aeabi_dadd                             0x0804030b   Thumb Code   322  dadd.o(.text)
    __aeabi_dsub                             0x0804044d   Thumb Code     6  dadd.o(.text)
    __aeabi_drsub                            0x08040453   Thumb Code     6  dadd.o(.text)
    __aeabi_dmul                             0x08040459   Thumb Code   228  dmul.o(.text)
    __aeabi_ddiv                             0x0804053d   Thumb Code   222  ddiv.o(.text)
    __aeabi_d2ulz                            0x0804061b   Thumb Code    48  dfixul.o(.text)
    __aeabi_cdrcmple                         0x0804064d   Thumb Code    48  cdrcmple.o(.text)
    __scatterload                            0x0804067d   Thumb Code    28  init.o(.text)
    __scatterload_rt2                        0x0804067d   Thumb Code     0  init.o(.text)
    __aeabi_llsl                             0x080406a1   Thumb Code    30  llshl.o(.text)
    _ll_shift_l                              0x080406a1   Thumb Code     0  llshl.o(.text)
    __aeabi_llsr                             0x080406bf   Thumb Code    32  llushr.o(.text)
    _ll_ushift_r                             0x080406bf   Thumb Code     0  llushr.o(.text)
    __aeabi_lasr                             0x080406df   Thumb Code    36  llsshr.o(.text)
    _ll_sshift_r                             0x080406df   Thumb Code     0  llsshr.o(.text)
    _double_round                            0x08040703   Thumb Code    30  depilogue.o(.text)
    _double_epilogue                         0x08040721   Thumb Code   156  depilogue.o(.text)
    __decompress                             0x080407bd   Thumb Code     0  __dczerorl2.o(.text)
    __decompress1                            0x080407bd   Thumb Code    86  __dczerorl2.o(.text)
    COG_Address                              0x08040813   Thumb Code    34  app_cog.o(i.COG_Address)
    COG_Clear                                0x08040835   Thumb Code    38  app_cog.o(i.COG_Clear)
    COG_DPChar8x6                            0x0804085d   Thumb Code    88  app_cog.o(i.COG_DPChar8x6)
    COG_Init                                 0x080408bd   Thumb Code    88  app_cog.o(i.COG_Init)
    COG_SendCMD                              0x08040915   Thumb Code    70  dri_cog.o(i.COG_SendCMD)
    COG_SendDATA                             0x08040961   Thumb Code    70  dri_cog.o(i.COG_SendDATA)
    HAL_GPIO_Init                            0x080409ad   Thumb Code   398  stm32f4xx_hal_gpio.o(i.HAL_GPIO_Init)
    HAL_GPIO_WritePin                        0x08040b6d   Thumb Code    10  stm32f4xx_hal_gpio.o(i.HAL_GPIO_WritePin)
    HAL_GetTick                              0x08040b79   Thumb Code     6  stm32f4xx_hal.o(i.HAL_GetTick)
    HAL_IncTick                              0x08040b85   Thumb Code    10  stm32f4xx_hal.o(i.HAL_IncTick)
    HAL_Init                                 0x08040b95   Thumb Code    48  stm32f4xx_hal.o(i.HAL_Init)
    HAL_InitTick                             0x08040bc9   Thumb Code    34  stm32f4xx_hal.o(i.HAL_InitTick)
    HAL_MspInit                              0x08040beb   Thumb Code    22  stm32f4xx_hal_msp.o(i.HAL_MspInit)
    HAL_NVIC_EnableIRQ                       0x08040c01   Thumb Code    22  stm32f4xx_hal_cortex.o(i.HAL_NVIC_EnableIRQ)
    HAL_NVIC_SetPriority                     0x08040c19   Thumb Code    60  stm32f4xx_hal_cortex.o(i.HAL_NVIC_SetPriority)
    HAL_NVIC_SetPriorityGrouping             0x08040c59   Thumb Code    34  stm32f4xx_hal_cortex.o(i.HAL_NVIC_SetPriorityGrouping)
    HAL_PCD_ConnectCallback                  0x08040c89   Thumb Code     8  usbd_conf.o(i.HAL_PCD_ConnectCallback)
    HAL_PCD_DataInStageCallback              0x08040c91   Thumb Code    18  usbd_conf.o(i.HAL_PCD_DataInStageCallback)
    HAL_PCD_DataOutStageCallback             0x08040ca3   Thumb Code    20  usbd_conf.o(i.HAL_PCD_DataOutStageCallback)
    HAL_PCD_DisconnectCallback               0x08040cb7   Thumb Code     8  usbd_conf.o(i.HAL_PCD_DisconnectCallback)
    HAL_PCD_EP_ClrStall                      0x08040cbf   Thumb Code    80  stm32f4xx_hal_pcd.o(i.HAL_PCD_EP_ClrStall)
    HAL_PCD_EP_Open                          0x08040d0f   Thumb Code    84  stm32f4xx_hal_pcd.o(i.HAL_PCD_EP_Open)
    HAL_PCD_EP_Receive                       0x08040d65   Thumb Code    94  stm32f4xx_hal_pcd.o(i.HAL_PCD_EP_Receive)
    HAL_PCD_EP_SetStall                      0x08040dc3   Thumb Code    96  stm32f4xx_hal_pcd.o(i.HAL_PCD_EP_SetStall)
    HAL_PCD_EP_Transmit                      0x08040e23   Thumb Code    86  stm32f4xx_hal_pcd.o(i.HAL_PCD_EP_Transmit)
    HAL_PCD_IRQHandler                       0x08040e79   Thumb Code  1022  stm32f4xx_hal_pcd.o(i.HAL_PCD_IRQHandler)
    HAL_PCD_ISOINIncompleteCallback          0x08041277   Thumb Code     8  usbd_conf.o(i.HAL_PCD_ISOINIncompleteCallback)
    HAL_PCD_ISOOUTIncompleteCallback         0x0804127f   Thumb Code     8  usbd_conf.o(i.HAL_PCD_ISOOUTIncompleteCallback)
    HAL_PCD_ResetCallback                    0x08041287   Thumb Code    32  usbd_conf.o(i.HAL_PCD_ResetCallback)
    HAL_PCD_ResumeCallback                   0x080412a7   Thumb Code     8  usbd_conf.o(i.HAL_PCD_ResumeCallback)
    HAL_PCD_SOFCallback                      0x080412af   Thumb Code     8  usbd_conf.o(i.HAL_PCD_SOFCallback)
    HAL_PCD_SetAddress                       0x080412b7   Thumb Code    36  stm32f4xx_hal_pcd.o(i.HAL_PCD_SetAddress)
    HAL_PCD_SetupStageCallback               0x080412db   Thumb Code    14  usbd_conf.o(i.HAL_PCD_SetupStageCallback)
    HAL_PCD_SuspendCallback                  0x080412e9   Thumb Code    44  usbd_conf.o(i.HAL_PCD_SuspendCallback)
    HAL_RCC_ClockConfig                      0x08041319   Thumb Code   312  stm32f4xx_hal_rcc.o(i.HAL_RCC_ClockConfig)
    HAL_RCC_GetHCLKFreq                      0x08041459   Thumb Code    38  stm32f4xx_hal_rcc.o(i.HAL_RCC_GetHCLKFreq)
    HAL_RCC_GetPCLK1Freq                     0x0804148d   Thumb Code    36  stm32f4xx_hal_rcc.o(i.HAL_RCC_GetPCLK1Freq)
    HAL_RCC_GetPCLK2Freq                     0x080414b9   Thumb Code    36  stm32f4xx_hal_rcc.o(i.HAL_RCC_GetPCLK2Freq)
    HAL_RCC_GetSysClockFreq                  0x080414e5   Thumb Code   104  stm32f4xx_hal_rcc.o(i.HAL_RCC_GetSysClockFreq)
    HAL_RCC_OscConfig                        0x08041559   Thumb Code   722  stm32f4xx_hal_rcc.o(i.HAL_RCC_OscConfig)
    HAL_SPI_Init                             0x0804183d   Thumb Code   140  stm32f4xx_hal_spi.o(i.HAL_SPI_Init)
    HAL_SPI_MspInit                          0x080418c9   Thumb Code    82  stm32f4xx_hal_msp.o(i.HAL_SPI_MspInit)
    HAL_SYSTICK_CLKSourceConfig              0x0804192d   Thumb Code    24  stm32f4xx_hal_cortex.o(i.HAL_SYSTICK_CLKSourceConfig)
    HAL_SYSTICK_Config                       0x08041945   Thumb Code    40  stm32f4xx_hal_cortex.o(i.HAL_SYSTICK_Config)
    HAL_UART_ErrorCallback                   0x0804196d   Thumb Code     2  stm32f4xx_hal_uart.o(i.HAL_UART_ErrorCallback)
    HAL_UART_IRQHandler                      0x0804196f   Thumb Code   232  stm32f4xx_hal_uart.o(i.HAL_UART_IRQHandler)
    HAL_UART_Init                            0x08041a57   Thumb Code    98  stm32f4xx_hal_uart.o(i.HAL_UART_Init)
    HAL_UART_MspInit                         0x08041ab9   Thumb Code    80  stm32f4xx_hal_msp.o(i.HAL_UART_MspInit)
    HAL_UART_Receive_IT                      0x08041b15   Thumb Code    88  stm32f4xx_hal_uart.o(i.HAL_UART_Receive_IT)
    HAL_UART_RxCpltCallback                  0x08041b6d   Thumb Code    82  main.o(i.HAL_UART_RxCpltCallback)
    HAL_UART_Transmit_IT                     0x08041bd1   Thumb Code    62  stm32f4xx_hal_uart.o(i.HAL_UART_Transmit_IT)
    HAL_UART_TxCpltCallback                  0x08041c0f   Thumb Code     2  stm32f4xx_hal_uart.o(i.HAL_UART_TxCpltCallback)
    OTG_HS_IRQHandler                        0x08041d89   Thumb Code     6  stm32f4xx_it.o(i.OTG_HS_IRQHandler)
    SysTick_Handler                          0x08041e1d   Thumb Code    14  stm32f4xx_it.o(i.SysTick_Handler)
    SystemClock_Config                       0x08041e2d   Thumb Code   138  main.o(i.SystemClock_Config)
    SystemInit                               0x08041ec1   Thumb Code    66  system_stm32f4xx.o(i.SystemInit)
    USART1_IRQHandler                        0x080422bd   Thumb Code     6  stm32f4xx_it.o(i.USART1_IRQHandler)
    USBD_ClrClassConfig                      0x080422c9   Thumb Code    14  usbd_core.o(i.USBD_ClrClassConfig)
    USBD_CtlContinueRx                       0x080422d7   Thumb Code    16  usbd_ioreq.o(i.USBD_CtlContinueRx)
    USBD_CtlContinueSendData                 0x080422e7   Thumb Code    16  usbd_ioreq.o(i.USBD_CtlContinueSendData)
    USBD_CtlError                            0x080422f7   Thumb Code    22  usbd_ctlreq.o(i.USBD_CtlError)
    USBD_CtlReceiveStatus                    0x0804230d   Thumb Code    22  usbd_ioreq.o(i.USBD_CtlReceiveStatus)
    USBD_CtlSendData                         0x08042323   Thumb Code    26  usbd_ioreq.o(i.USBD_CtlSendData)
    USBD_CtlSendStatus                       0x0804233d   Thumb Code    22  usbd_ioreq.o(i.USBD_CtlSendStatus)
    USBD_LL_ClearStallEP                     0x08042433   Thumb Code    14  usbd_conf.o(i.USBD_LL_ClearStallEP)
    USBD_LL_DataInStage                      0x08042441   Thumb Code   170  usbd_core.o(i.USBD_LL_DataInStage)
    USBD_LL_DataOutStage                     0x080424eb   Thumb Code   106  usbd_core.o(i.USBD_LL_DataOutStage)
    USBD_LL_DevConnected                     0x08042555   Thumb Code     4  usbd_core.o(i.USBD_LL_DevConnected)
    USBD_LL_DevDisconnected                  0x08042559   Thumb Code    22  usbd_core.o(i.USBD_LL_DevDisconnected)
    USBD_LL_IsStallEP                        0x0804256f   Thumb Code    32  usbd_conf.o(i.USBD_LL_IsStallEP)
    USBD_LL_IsoINIncomplete                  0x0804258f   Thumb Code     4  usbd_core.o(i.USBD_LL_IsoINIncomplete)
    USBD_LL_IsoOUTIncomplete                 0x08042593   Thumb Code     4  usbd_core.o(i.USBD_LL_IsoOUTIncomplete)
    USBD_LL_OpenEP                           0x08042597   Thumb Code    20  usbd_conf.o(i.USBD_LL_OpenEP)
    USBD_LL_PrepareReceive                   0x080425ab   Thumb Code    14  usbd_conf.o(i.USBD_LL_PrepareReceive)
    USBD_LL_Reset                            0x080425b9   Thumb Code    62  usbd_core.o(i.USBD_LL_Reset)
    USBD_LL_Resume                           0x080425f7   Thumb Code    12  usbd_core.o(i.USBD_LL_Resume)
    USBD_LL_SOF                              0x08042603   Thumb Code    24  usbd_core.o(i.USBD_LL_SOF)
    USBD_LL_SetSpeed                         0x0804261b   Thumb Code     6  usbd_core.o(i.USBD_LL_SetSpeed)
    USBD_LL_SetUSBAddress                    0x08042621   Thumb Code    14  usbd_conf.o(i.USBD_LL_SetUSBAddress)
    USBD_LL_SetupStage                       0x0804262f   Thumb Code    90  usbd_core.o(i.USBD_LL_SetupStage)
    USBD_LL_StallEP                          0x08042689   Thumb Code    14  usbd_conf.o(i.USBD_LL_StallEP)
    USBD_LL_Suspend                          0x08042697   Thumb Code    18  usbd_core.o(i.USBD_LL_Suspend)
    USBD_LL_Transmit                         0x080426a9   Thumb Code    14  usbd_conf.o(i.USBD_LL_Transmit)
    USBD_ParseSetupRequest                   0x080426b7   Thumb Code    40  usbd_ctlreq.o(i.USBD_ParseSetupRequest)
    USBD_SetClassConfig                      0x080426df   Thumb Code    22  usbd_core.o(i.USBD_SetClassConfig)
    USBD_StdDevReq                           0x08042769   Thumb Code   242  usbd_ctlreq.o(i.USBD_StdDevReq)
    USBD_StdEPReq                            0x0804285b   Thumb Code   220  usbd_ctlreq.o(i.USBD_StdEPReq)
    USBD_StdItfReq                           0x08042937   Thumb Code    52  usbd_ctlreq.o(i.USBD_StdItfReq)
    USB_ActivateEndpoint                     0x0804296d   Thumb Code   122  stm32f4xx_ll_usb.o(i.USB_ActivateEndpoint)
    USB_ActivateSetup                        0x080429ed   Thumb Code    52  stm32f4xx_ll_usb.o(i.USB_ActivateSetup)
    USB_EP0StartXfer                         0x08042a21   Thumb Code   316  stm32f4xx_ll_usb.o(i.USB_EP0StartXfer)
    USB_EP0_OutStart                         0x08042b61   Thumb Code    62  stm32f4xx_ll_usb.o(i.USB_EP0_OutStart)
    USB_EPClearStall                         0x08042b9f   Thumb Code   100  stm32f4xx_ll_usb.o(i.USB_EPClearStall)
    USB_EPSetStall                           0x08042c03   Thumb Code    94  stm32f4xx_ll_usb.o(i.USB_EPSetStall)
    USB_EPStartXfer                          0x08042c61   Thumb Code   534  stm32f4xx_ll_usb.o(i.USB_EPStartXfer)
    USB_FlushTxFifo                          0x08042e7d   Thumb Code    32  stm32f4xx_ll_usb.o(i.USB_FlushTxFifo)
    USB_GetDevSpeed                          0x08042ea1   Thumb Code    60  stm32f4xx_ll_usb.o(i.USB_GetDevSpeed)
    USB_GetMode                              0x08042edd   Thumb Code     8  stm32f4xx_ll_usb.o(i.USB_GetMode)
    USB_ReadDevAllInEpInterrupt              0x08042ee5   Thumb Code    14  stm32f4xx_ll_usb.o(i.USB_ReadDevAllInEpInterrupt)
    USB_ReadDevAllOutEpInterrupt             0x08042ef3   Thumb Code    14  stm32f4xx_ll_usb.o(i.USB_ReadDevAllOutEpInterrupt)
    USB_ReadDevInEPInterrupt                 0x08042f01   Thumb Code    30  stm32f4xx_ll_usb.o(i.USB_ReadDevInEPInterrupt)
    USB_ReadDevOutEPInterrupt                0x08042f1f   Thumb Code    16  stm32f4xx_ll_usb.o(i.USB_ReadDevOutEPInterrupt)
    USB_ReadInterrupts                       0x08042f2f   Thumb Code     8  stm32f4xx_ll_usb.o(i.USB_ReadInterrupts)
    USB_ReadPacket                           0x08042f37   Thumb Code    32  stm32f4xx_ll_usb.o(i.USB_ReadPacket)
    USB_SetDevAddress                        0x08042f57   Thumb Code    34  stm32f4xx_ll_usb.o(i.USB_SetDevAddress)
    USB_WritePacket                          0x08042f79   Thumb Code    40  stm32f4xx_ll_usb.o(i.USB_WritePacket)
    __0printf                                0x08042fa1   Thumb Code    22  printfa.o(i.__0printf)
    __1printf                                0x08042fa1   Thumb Code     0  printfa.o(i.__0printf)
    __2printf                                0x08042fa1   Thumb Code     0  printfa.o(i.__0printf)
    __c89printf                              0x08042fa1   Thumb Code     0  printfa.o(i.__0printf)
    printf                                   0x08042fa1   Thumb Code     0  printfa.o(i.__0printf)
    __scatterload_copy                       0x08042fc1   Thumb Code    14  handlers.o(i.__scatterload_copy)
    __scatterload_null                       0x08042fcf   Thumb Code     2  handlers.o(i.__scatterload_null)
    __scatterload_zeroinit                   0x08042fd1   Thumb Code    14  handlers.o(i.__scatterload_zeroinit)
    fputc                                    0x08043875   Thumb Code    16  main.o(i.fputc)
    main                                     0x08043889   Thumb Code    80  main.o(i.main)
    osSystickHandler                         0x080438f5   Thumb Code    20  cmsis_os.o(i.osSystickHandler)
    uxListRemove                             0x08043929   Thumb Code    36  list.o(i.uxListRemove)
    vListInsertEnd                           0x0804394d   Thumb Code    24  list.o(i.vListInsertEnd)
    vTaskSwitchContext                       0x08043965   Thumb Code    82  tasks.o(i.vTaskSwitchContext)
    xPortSysTickHandler                      0x080439c1   Thumb Code    38  port.o(i.xPortSysTickHandler)
    xTaskGetSchedulerState                   0x080439ed   Thumb Code    22  tasks.o(i.xTaskGetSchedulerState)
    xTaskIncrementTick                       0x08043a09   Thumb Code   194  tasks.o(i.xTaskIncrementTick)
    APBAHBPrescTable                         0x08043ad4   Data          16  stm32f4xx_hal_rcc.o(.constdata)
    Region$$Table$$Base                      0x08043ae4   Number         0  anon$$obj.o(Region$$Table)
    Region$$Table$$Limit                     0x08043b04   Number         0  anon$$obj.o(Region$$Table)
    Uart1Ready_R                             0x20000240   Data           1  main.o(.data)
    Rx_count_UART1                           0x20000241   Data           1  main.o(.data)
    Rx_Num_UART1                             0x20000242   Data           1  main.o(.data)
    aRXBuffer                                0x20000243   Data           1  main.o(.data)
    SystemCoreClock                          0x20000244   Data           4  system_stm32f4xx.o(.data)
    pxCurrentTCB                             0x20000248   Data           4  tasks.o(.data)
    uwTick                                   0x20000284   Data           4  stm32f4xx_hal.o(.data)
    __stdout                                 0x20000288   Data           4  stdout.o(.data)
    hpcd_USB_OTG_HS                          0x2000028c   Data         952  usbd_conf.o(.bss)
    hi2c1                                    0x20000a44   Data          68  main.o(.bss)
    hsd                                      0x20000a88   Data          96  main.o(.bss)
    hspi1                                    0x20000ae8   Data          88  main.o(.bss)
    huart1                                   0x20000b40   Data          64  main.o(.bss)
    hsram1                                   0x20000b80   Data          72  main.o(.bss)
    Rxbuff                                   0x20000bc8   Data         100  main.o(.bss)
    __initial_sp                             0x20000f20   Data           0  startup_stm32f407xx.o(STACK)



==============================================================================

Memory Map of the image

  Image Entry point : 0x08040189

  Load Region LR_IROM1 (Base: 0x08040000, Size: 0x00003d90, Max: 0x000d0000, ABSOLUTE, COMPRESSED[0x00003cdc])

    Execution Region ER_IROM1 (Base: 0x08040000, Size: 0x00003b04, Max: 0x000d0000, ABSOLUTE)

    Base Addr    Size         Type   Attr      Idx    E Section Name        Object

    0x08040000   0x00000188   Data   RO            3    RESET               startup_stm32f407xx.o
    0x08040188   0x00000000   Code   RO         6553  * .ARM.Collect$$$$00000000  mc_w.l(entry.o)
    0x08040188   0x00000004   Code   RO         6851    .ARM.Collect$$$$00000001  mc_w.l(entry2.o)
    0x0804018c   0x00000004   Code   RO         6854    .ARM.Collect$$$$00000004  mc_w.l(entry5.o)
    0x08040190   0x00000000   Code   RO         6856    .ARM.Collect$$$$00000008  mc_w.l(entry7b.o)
    0x08040190   0x00000000   Code   RO         6858    .ARM.Collect$$$$0000000A  mc_w.l(entry8b.o)
    0x08040190   0x00000008   Code   RO         6859    .ARM.Collect$$$$0000000B  mc_w.l(entry9a.o)
    0x08040198   0x00000000   Code   RO         6861    .ARM.Collect$$$$0000000D  mc_w.l(entry10a.o)
    0x08040198   0x00000000   Code   RO         6863    .ARM.Collect$$$$0000000F  mc_w.l(entry11a.o)
    0x08040198   0x00000004   Code   RO         6852    .ARM.Collect$$$$00002712  mc_w.l(entry2.o)
    0x0804019c   0x000000ba   Code   RO         2120    .emb_text           port.o
    0x08040256   0x00000002   PAD
    0x08040258   0x00000024   Code   RO            4    .text               startup_stm32f407xx.o
    0x0804027c   0x0000002c   Code   RO         6866    .text               mc_w.l(uidiv.o)
    0x080402a8   0x00000062   Code   RO         6868    .text               mc_w.l(uldiv.o)
    0x0804030a   0x00000000   Code   RO         6872    .text               mc_w.l(iusefp.o)
    0x0804030a   0x0000014e   Code   RO         6873    .text               mf_w.l(dadd.o)
    0x08040458   0x000000e4   Code   RO         6875    .text               mf_w.l(dmul.o)
    0x0804053c   0x000000de   Code   RO         6877    .text               mf_w.l(ddiv.o)
    0x0804061a   0x00000030   Code   RO         6879    .text               mf_w.l(dfixul.o)
    0x0804064a   0x00000002   PAD
    0x0804064c   0x00000030   Code   RO         6881    .text               mf_w.l(cdrcmple.o)
    0x0804067c   0x00000024   Code   RO         6883    .text               mc_w.l(init.o)
    0x080406a0   0x0000001e   Code   RO         6885    .text               mc_w.l(llshl.o)
    0x080406be   0x00000020   Code   RO         6887    .text               mc_w.l(llushr.o)
    0x080406de   0x00000024   Code   RO         6889    .text               mc_w.l(llsshr.o)
    0x08040702   0x000000ba   Code   RO         6891    .text               mf_w.l(depilogue.o)
    0x080407bc   0x00000056   Code   RO         6901    .text               mc_w.l(__dczerorl2.o)
    0x08040812   0x00000022   Code   RO         1510    i.COG_Address       app_cog.o
    0x08040834   0x00000026   Code   RO         1511    i.COG_Clear         app_cog.o
    0x0804085a   0x00000002   PAD
    0x0804085c   0x00000060   Code   RO         1512    i.COG_DPChar8x6     app_cog.o
    0x080408bc   0x00000058   Code   RO         1514    i.COG_Init          app_cog.o
    0x08040914   0x0000004c   Code   RO         1575    i.COG_SendCMD       dri_cog.o
    0x08040960   0x0000004c   Code   RO         1576    i.COG_SendDATA      dri_cog.o
    0x080409ac   0x000001c0   Code   RO         6057    i.HAL_GPIO_Init     stm32f4xx_hal_gpio.o
    0x08040b6c   0x0000000a   Code   RO         6061    i.HAL_GPIO_WritePin  stm32f4xx_hal_gpio.o
    0x08040b76   0x00000002   PAD
    0x08040b78   0x0000000c   Code   RO         5510    i.HAL_GetTick       stm32f4xx_hal.o
    0x08040b84   0x00000010   Code   RO         5511    i.HAL_IncTick       stm32f4xx_hal.o
    0x08040b94   0x00000034   Code   RO         5512    i.HAL_Init          stm32f4xx_hal.o
    0x08040bc8   0x00000022   Code   RO         5513    i.HAL_InitTick      stm32f4xx_hal.o
    0x08040bea   0x00000016   Code   RO          762    i.HAL_MspInit       stm32f4xx_hal_msp.o
    0x08040c00   0x00000016   Code   RO         5377    i.HAL_NVIC_EnableIRQ  stm32f4xx_hal_cortex.o
    0x08040c16   0x00000002   PAD
    0x08040c18   0x00000040   Code   RO         5383    i.HAL_NVIC_SetPriority  stm32f4xx_hal_cortex.o
    0x08040c58   0x00000030   Code   RO         5384    i.HAL_NVIC_SetPriorityGrouping  stm32f4xx_hal_cortex.o
    0x08040c88   0x00000008   Code   RO         1106    i.HAL_PCD_ConnectCallback  usbd_conf.o
    0x08040c90   0x00000012   Code   RO         1107    i.HAL_PCD_DataInStageCallback  usbd_conf.o
    0x08040ca2   0x00000014   Code   RO         1108    i.HAL_PCD_DataOutStageCallback  usbd_conf.o
    0x08040cb6   0x00000008   Code   RO         1109    i.HAL_PCD_DisconnectCallback  usbd_conf.o
    0x08040cbe   0x00000050   Code   RO         6148    i.HAL_PCD_EP_ClrStall  stm32f4xx_hal_pcd.o
    0x08040d0e   0x00000054   Code   RO         6151    i.HAL_PCD_EP_Open   stm32f4xx_hal_pcd.o
    0x08040d62   0x00000002   PAD
    0x08040d64   0x0000005e   Code   RO         6152    i.HAL_PCD_EP_Receive  stm32f4xx_hal_pcd.o
    0x08040dc2   0x00000060   Code   RO         6153    i.HAL_PCD_EP_SetStall  stm32f4xx_hal_pcd.o
    0x08040e22   0x00000056   Code   RO         6154    i.HAL_PCD_EP_Transmit  stm32f4xx_hal_pcd.o
    0x08040e78   0x000003fe   Code   RO         6156    i.HAL_PCD_IRQHandler  stm32f4xx_hal_pcd.o
    0x08041276   0x00000008   Code   RO         1110    i.HAL_PCD_ISOINIncompleteCallback  usbd_conf.o
    0x0804127e   0x00000008   Code   RO         1111    i.HAL_PCD_ISOOUTIncompleteCallback  usbd_conf.o
    0x08041286   0x00000020   Code   RO         1114    i.HAL_PCD_ResetCallback  usbd_conf.o
    0x080412a6   0x00000008   Code   RO         1115    i.HAL_PCD_ResumeCallback  usbd_conf.o
    0x080412ae   0x00000008   Code   RO         1116    i.HAL_PCD_SOFCallback  usbd_conf.o
    0x080412b6   0x00000024   Code   RO         6165    i.HAL_PCD_SetAddress  stm32f4xx_hal_pcd.o
    0x080412da   0x0000000e   Code   RO         1117    i.HAL_PCD_SetupStageCallback  usbd_conf.o
    0x080412e8   0x00000030   Code   RO         1118    i.HAL_PCD_SuspendCallback  usbd_conf.o
    0x08041318   0x00000140   Code   RO         4960    i.HAL_RCC_ClockConfig  stm32f4xx_hal_rcc.o
    0x08041458   0x00000034   Code   RO         4965    i.HAL_RCC_GetHCLKFreq  stm32f4xx_hal_rcc.o
    0x0804148c   0x0000002c   Code   RO         4967    i.HAL_RCC_GetPCLK1Freq  stm32f4xx_hal_rcc.o
    0x080414b8   0x0000002c   Code   RO         4968    i.HAL_RCC_GetPCLK2Freq  stm32f4xx_hal_rcc.o
    0x080414e4   0x00000074   Code   RO         4969    i.HAL_RCC_GetSysClockFreq  stm32f4xx_hal_rcc.o
    0x08041558   0x000002e4   Code   RO         4972    i.HAL_RCC_OscConfig  stm32f4xx_hal_rcc.o
    0x0804183c   0x0000008c   Code   RO         3503    i.HAL_SPI_Init      stm32f4xx_hal_spi.o
    0x080418c8   0x00000064   Code   RO          766    i.HAL_SPI_MspInit   stm32f4xx_hal_msp.o
    0x0804192c   0x00000018   Code   RO         5386    i.HAL_SYSTICK_CLKSourceConfig  stm32f4xx_hal_cortex.o
    0x08041944   0x00000028   Code   RO         5388    i.HAL_SYSTICK_Config  stm32f4xx_hal_cortex.o
    0x0804196c   0x00000002   Code   RO         4051    i.HAL_UART_ErrorCallback  stm32f4xx_hal_uart.o
    0x0804196e   0x000000e8   Code   RO         4054    i.HAL_UART_IRQHandler  stm32f4xx_hal_uart.o
    0x08041a56   0x00000062   Code   RO         4055    i.HAL_UART_Init     stm32f4xx_hal_uart.o
    0x08041ab8   0x0000005c   Code   RO          770    i.HAL_UART_MspInit  stm32f4xx_hal_msp.o
    0x08041b14   0x00000058   Code   RO         4060    i.HAL_UART_Receive_IT  stm32f4xx_hal_uart.o
    0x08041b6c   0x00000064   Code   RO         1775    i.HAL_UART_RxCpltCallback  main.o
    0x08041bd0   0x0000003e   Code   RO         4065    i.HAL_UART_Transmit_IT  stm32f4xx_hal_uart.o
    0x08041c0e   0x00000002   Code   RO         4066    i.HAL_UART_TxCpltCallback  stm32f4xx_hal_uart.o
    0x08041c10   0x00000124   Code   RO         1777    i.MX_GPIO_Init      main.o
    0x08041d34   0x00000034   Code   RO         1780    i.MX_SPI1_Init      main.o
    0x08041d68   0x00000020   Code   RO         5390    i.NVIC_SetPriority  stm32f4xx_hal_cortex.o
    0x08041d88   0x0000000c   Code   RO          853    i.OTG_HS_IRQHandler  stm32f4xx_it.o
    0x08041d94   0x00000088   Code   RO         6170    i.PCD_WriteEmptyTxFifo  stm32f4xx_hal_pcd.o
    0x08041e1c   0x0000000e   Code   RO          854    i.SysTick_Handler   stm32f4xx_it.o
    0x08041e2a   0x00000002   PAD
    0x08041e2c   0x00000094   Code   RO         1782    i.SystemClock_Config  main.o
    0x08041ec0   0x00000054   Code   RO         1877    i.SystemInit        system_stm32f4xx.o
    0x08041f14   0x00000096   Code   RO         4073    i.UART_Receive_IT   stm32f4xx_hal_uart.o
    0x08041faa   0x00000002   PAD
    0x08041fac   0x000002ac   Code   RO         4074    i.UART_SetConfig    stm32f4xx_hal_uart.o
    0x08042258   0x00000062   Code   RO         4075    i.UART_Transmit_IT  stm32f4xx_hal_uart.o
    0x080422ba   0x00000002   PAD
    0x080422bc   0x0000000c   Code   RO          855    i.USART1_IRQHandler  stm32f4xx_it.o
    0x080422c8   0x0000000e   Code   RO         3321    i.USBD_ClrClassConfig  usbd_core.o
    0x080422d6   0x00000010   Code   RO         3126    i.USBD_CtlContinueRx  usbd_ioreq.o
    0x080422e6   0x00000010   Code   RO         3127    i.USBD_CtlContinueSendData  usbd_ioreq.o
    0x080422f6   0x00000016   Code   RO         3186    i.USBD_CtlError     usbd_ctlreq.o
    0x0804230c   0x00000016   Code   RO         3129    i.USBD_CtlReceiveStatus  usbd_ioreq.o
    0x08042322   0x0000001a   Code   RO         3130    i.USBD_CtlSendData  usbd_ioreq.o
    0x0804233c   0x00000016   Code   RO         3131    i.USBD_CtlSendStatus  usbd_ioreq.o
    0x08042352   0x000000e0   Code   RO         3187    i.USBD_GetDescriptor  usbd_ctlreq.o
    0x08042432   0x0000000e   Code   RO         1119    i.USBD_LL_ClearStallEP  usbd_conf.o
    0x08042440   0x000000aa   Code   RO         3324    i.USBD_LL_DataInStage  usbd_core.o
    0x080424ea   0x0000006a   Code   RO         3325    i.USBD_LL_DataOutStage  usbd_core.o
    0x08042554   0x00000004   Code   RO         3326    i.USBD_LL_DevConnected  usbd_core.o
    0x08042558   0x00000016   Code   RO         3327    i.USBD_LL_DevDisconnected  usbd_core.o
    0x0804256e   0x00000020   Code   RO         1126    i.USBD_LL_IsStallEP  usbd_conf.o
    0x0804258e   0x00000004   Code   RO         3328    i.USBD_LL_IsoINIncomplete  usbd_core.o
    0x08042592   0x00000004   Code   RO         3329    i.USBD_LL_IsoOUTIncomplete  usbd_core.o
    0x08042596   0x00000014   Code   RO         1127    i.USBD_LL_OpenEP    usbd_conf.o
    0x080425aa   0x0000000e   Code   RO         1128    i.USBD_LL_PrepareReceive  usbd_conf.o
    0x080425b8   0x0000003e   Code   RO         3330    i.USBD_LL_Reset     usbd_core.o
    0x080425f6   0x0000000c   Code   RO         3331    i.USBD_LL_Resume    usbd_core.o
    0x08042602   0x00000018   Code   RO         3332    i.USBD_LL_SOF       usbd_core.o
    0x0804261a   0x00000006   Code   RO         3333    i.USBD_LL_SetSpeed  usbd_core.o
    0x08042620   0x0000000e   Code   RO         1129    i.USBD_LL_SetUSBAddress  usbd_conf.o
    0x0804262e   0x0000005a   Code   RO         3334    i.USBD_LL_SetupStage  usbd_core.o
    0x08042688   0x0000000e   Code   RO         1130    i.USBD_LL_StallEP   usbd_conf.o
    0x08042696   0x00000012   Code   RO         3335    i.USBD_LL_Suspend   usbd_core.o
    0x080426a8   0x0000000e   Code   RO         1133    i.USBD_LL_Transmit  usbd_conf.o
    0x080426b6   0x00000028   Code   RO         3189    i.USBD_ParseSetupRequest  usbd_ctlreq.o
    0x080426de   0x00000016   Code   RO         3338    i.USBD_SetClassConfig  usbd_core.o
    0x080426f4   0x00000074   Code   RO         3190    i.USBD_SetConfig    usbd_ctlreq.o
    0x08042768   0x000000f2   Code   RO         3191    i.USBD_StdDevReq    usbd_ctlreq.o
    0x0804285a   0x000000dc   Code   RO         3192    i.USBD_StdEPReq     usbd_ctlreq.o
    0x08042936   0x00000034   Code   RO         3193    i.USBD_StdItfReq    usbd_ctlreq.o
    0x0804296a   0x00000002   PAD
    0x0804296c   0x00000080   Code   RO         4295    i.USB_ActivateEndpoint  stm32f4xx_ll_usb.o
    0x080429ec   0x00000034   Code   RO         4296    i.USB_ActivateSetup  stm32f4xx_ll_usb.o
    0x08042a20   0x00000140   Code   RO         4308    i.USB_EP0StartXfer  stm32f4xx_ll_usb.o
    0x08042b60   0x0000003e   Code   RO         4309    i.USB_EP0_OutStart  stm32f4xx_ll_usb.o
    0x08042b9e   0x00000064   Code   RO         4310    i.USB_EPClearStall  stm32f4xx_ll_usb.o
    0x08042c02   0x0000005e   Code   RO         4311    i.USB_EPSetStall    stm32f4xx_ll_usb.o
    0x08042c60   0x0000021c   Code   RO         4312    i.USB_EPStartXfer   stm32f4xx_ll_usb.o
    0x08042e7c   0x00000024   Code   RO         4315    i.USB_FlushTxFifo   stm32f4xx_ll_usb.o
    0x08042ea0   0x0000003c   Code   RO         4317    i.USB_GetDevSpeed   stm32f4xx_ll_usb.o
    0x08042edc   0x00000008   Code   RO         4319    i.USB_GetMode       stm32f4xx_ll_usb.o
    0x08042ee4   0x0000000e   Code   RO         4326    i.USB_ReadDevAllInEpInterrupt  stm32f4xx_ll_usb.o
    0x08042ef2   0x0000000e   Code   RO         4327    i.USB_ReadDevAllOutEpInterrupt  stm32f4xx_ll_usb.o
    0x08042f00   0x0000001e   Code   RO         4328    i.USB_ReadDevInEPInterrupt  stm32f4xx_ll_usb.o
    0x08042f1e   0x00000010   Code   RO         4329    i.USB_ReadDevOutEPInterrupt  stm32f4xx_ll_usb.o
    0x08042f2e   0x00000008   Code   RO         4330    i.USB_ReadInterrupts  stm32f4xx_ll_usb.o
    0x08042f36   0x00000020   Code   RO         4331    i.USB_ReadPacket    stm32f4xx_ll_usb.o
    0x08042f56   0x00000022   Code   RO         4334    i.USB_SetDevAddress  stm32f4xx_ll_usb.o
    0x08042f78   0x00000028   Code   RO         4338    i.USB_WritePacket   stm32f4xx_ll_usb.o
    0x08042fa0   0x00000020   Code   RO         6795    i.__0printf         mc_w.l(printfa.o)
    0x08042fc0   0x0000000e   Code   RO         6895    i.__scatterload_copy  mc_w.l(handlers.o)
    0x08042fce   0x00000002   Code   RO         6896    i.__scatterload_null  mc_w.l(handlers.o)
    0x08042fd0   0x0000000e   Code   RO         6897    i.__scatterload_zeroinit  mc_w.l(handlers.o)
    0x08042fde   0x00000002   PAD
    0x08042fe0   0x00000164   Code   RO         6802    i._fp_digits        mc_w.l(printfa.o)
    0x08043144   0x000006dc   Code   RO         6803    i._printf_core      mc_w.l(printfa.o)
    0x08043820   0x00000024   Code   RO         6804    i._printf_post_padding  mc_w.l(printfa.o)
    0x08043844   0x0000002e   Code   RO         6805    i._printf_pre_padding  mc_w.l(printfa.o)
    0x08043872   0x00000002   PAD
    0x08043874   0x00000014   Code   RO         1783    i.fputc             main.o
    0x08043888   0x0000006c   Code   RO         1784    i.main              main.o
    0x080438f4   0x00000014   Code   RO         2572    i.osSystickHandler  cmsis_os.o
    0x08043908   0x00000020   Code   RO         2189    i.prvResetNextTaskUnblockTime  tasks.o
    0x08043928   0x00000024   Code   RO         2084    i.uxListRemove      list.o
    0x0804394c   0x00000018   Code   RO         2088    i.vListInsertEnd    list.o
    0x08043964   0x0000005c   Code   RO         2214    i.vTaskSwitchContext  tasks.o
    0x080439c0   0x0000002c   Code   RO         2129    i.xPortSysTickHandler  port.o
    0x080439ec   0x0000001c   Code   RO         2219    i.xTaskGetSchedulerState  tasks.o
    0x08043a08   0x000000cc   Code   RO         2222    i.xTaskIncrementTick  tasks.o
    0x08043ad4   0x00000010   Data   RO         4973    .constdata          stm32f4xx_hal_rcc.o
    0x08043ae4   0x00000020   Data   RO         6893    Region$$Table       anon$$obj.o


    Execution Region RW_IRAM1 (Base: 0x20000000, Size: 0x00000f20, Max: 0x00020000, ABSOLUTE, COMPRESSED[0x000001d8])

    Base Addr    Size         Type   Attr      Idx    E Section Name        Object

    0x20000000   0x00000240   Data   RW         1517    .data               app_cog.o
    0x20000240   0x00000004   Data   RW         1789    .data               main.o
    0x20000244   0x00000004   Data   RW         1879    .data               system_stm32f4xx.o
    0x20000248   0x00000038   Data   RW         2231    .data               tasks.o
    0x20000280   0x00000001   Data   RW         3194    .data               usbd_ctlreq.o
    0x20000281   0x00000003   PAD
    0x20000284   0x00000004   Data   RW         5518    .data               stm32f4xx_hal.o
    0x20000288   0x00000004   Data   RW         6865    .data               mc_w.l(stdout.o)
    0x2000028c   0x000003b8   Zero   RW         1134    .bss                usbd_conf.o
    0x20000644   0x00000400   Zero   RW         1516    .bss                app_cog.o
    0x20000a44   0x000001e8   Zero   RW         1785    .bss                main.o
    0x20000c2c   0x000000f0   Zero   RW         2230    .bss                tasks.o
    0x20000d1c   0x00000004   PAD
    0x20000d20   0x00000200   Zero   RW            1    STACK               startup_stm32f407xx.o


==============================================================================

Image component sizes


      Code (inc. data)   RO Data    RW Data    ZI Data      Debug   Object Name

       256          8          0        576       1024       3173   app_cog.o
        20          0          0          0          0        619   cmsis_os.o
         0          0          0          0          0     416676   diskio.o
       152         12          0          0          0       1185   dri_cog.o
        60          0          0          0          0       1728   list.o
       720         94          0          4        488       8736   main.o
       230         22          0          0          0       1514   port.o
         0          0          0          0          0       7920   queue.o
        36          8        392          0        512        848   startup_stm32f407xx.o
       114         16          0          4          0       3695   stm32f4xx_hal.o
       230         18          0          0          0      31133   stm32f4xx_hal_cortex.o
       458         50          0          0          0       2564   stm32f4xx_hal_gpio.o
       214         30          0          0          0       2331   stm32f4xx_hal_msp.o
      1634          0          0          0          0       8359   stm32f4xx_hal_pcd.o
      1316         68         16          0          0       5995   stm32f4xx_hal_rcc.o
       140          0          0          0          0       1343   stm32f4xx_hal_spi.o
      1416          8          0          0          0       7246   stm32f4xx_hal_uart.o
        38         12          0          0          0       1446   stm32f4xx_it.o
      1588         20          0          0          0      13760   stm32f4xx_ll_usb.o
        84         18          0          4          0       1373   system_stm32f4xx.o
       356         32          0         56        240       7381   tasks.o
         0          0          0          0          0       4376   usb_device.o
       302          4          0          0        952      11079   usbd_conf.o
       558          0          0          0          0      10060   usbd_core.o
       916         30          0          1          0       7203   usbd_ctlreq.o
       102          0          0          0          0       3876   usbd_ioreq.o

    ----------------------------------------------------------------------
     10958        450        440        648       3220     565619   Object Totals
         0          0         32          0          0          0   (incl. Generated)
        18          0          0          3          4          0   (incl. Padding)

    ----------------------------------------------------------------------

      Code (inc. data)   RO Data    RW Data    ZI Data      Debug   Library Member Name

        86          0          0          0          0          0   __dczerorl2.o
         0          0          0          0          0          0   entry.o
         0          0          0          0          0          0   entry10a.o
         0          0          0          0          0          0   entry11a.o
         8          4          0          0          0          0   entry2.o
         4          0          0          0          0          0   entry5.o
         0          0          0          0          0          0   entry7b.o
         0          0          0          0          0          0   entry8b.o
         8          4          0          0          0          0   entry9a.o
        30          0          0          0          0          0   handlers.o
        36          8          0          0          0         68   init.o
         0          0          0          0          0          0   iusefp.o
        30          0          0          0          0         68   llshl.o
        36          0          0          0          0         68   llsshr.o
        32          0          0          0          0         68   llushr.o
      2226         90          0          0          0        444   printfa.o
         0          0          0          4          0          0   stdout.o
        44          0          0          0          0         80   uidiv.o
        98          0          0          0          0         92   uldiv.o
        48          0          0          0          0         68   cdrcmple.o
       334          0          0          0          0        148   dadd.o
       222          0          0          0          0        100   ddiv.o
       186          0          0          0          0        176   depilogue.o
        48          0          0          0          0         68   dfixul.o
       228          0          0          0          0         96   dmul.o

    ----------------------------------------------------------------------
      3710        106          0          4          0       1544   Library Totals
         6          0          0          0          0          0   (incl. Padding)

    ----------------------------------------------------------------------

      Code (inc. data)   RO Data    RW Data    ZI Data      Debug   Library Name

      2638        106          0          4          0        888   mc_w.l
      1066          0          0          0          0        656   mf_w.l

    ----------------------------------------------------------------------
      3710        106          0          4          0       1544   Library Totals

    ----------------------------------------------------------------------

==============================================================================


      Code (inc. data)   RO Data    RW Data    ZI Data      Debug   

     14668        556        440        652       3220     554667   Grand Totals
     14668        556        440        472       3220     554667   ELF Image Totals (compressed)
     14668        556        440        472          0          0   ROM Totals

==============================================================================

    Total RO  Size (Code + RO Data)                15108 (  14.75kB)
    Total RW  Size (RW Data + ZI Data)              3872 (   3.78kB)
    Total ROM Size (Code + RO Data + RW Data)      15580 (  15.21kB)

==============================================================================

