------------------------------------------------------------
TimeQuest Timing Analyzer Summary
------------------------------------------------------------

Type  : Slow 1200mV 85C Model Setup 'inst7|altpll_component|auto_generated|pll1|clk[1]'
Slack : -12.254
TNS   : -401.592

Type  : Slow 1200mV 85C Model Setup 'inst7|altpll_component|auto_generated|pll1|clk[0]'
Slack : -12.155
TNS   : -398.028

Type  : Slow 1200mV 85C Model Setup 'inst7|altpll_component|auto_generated|pll1|clk[3]'
Slack : -11.488
TNS   : -374.016

Type  : Slow 1200mV 85C Model Setup 'inst7|altpll_component|auto_generated|pll1|clk[2]'
Slack : -11.036
TNS   : -357.744

Type  : Slow 1200mV 85C Model Setup 'inst|altpll_component|auto_generated|pll1|clk[2]'
Slack : -10.503
TNS   : -338.556

Type  : Slow 1200mV 85C Model Setup 'inst|altpll_component|auto_generated|pll1|clk[0]'
Slack : -10.355
TNS   : -333.228

Type  : Slow 1200mV 85C Model Setup 'inst|altpll_component|auto_generated|pll1|clk[1]'
Slack : -9.819
TNS   : -313.932

Type  : Slow 1200mV 85C Model Hold 'inst|altpll_component|auto_generated|pll1|clk[1]'
Slack : -2.527
TNS   : -10.108

Type  : Slow 1200mV 85C Model Hold 'inst|altpll_component|auto_generated|pll1|clk[0]'
Slack : -2.083
TNS   : -8.332

Type  : Slow 1200mV 85C Model Hold 'inst|altpll_component|auto_generated|pll1|clk[2]'
Slack : -1.804
TNS   : -7.216

Type  : Slow 1200mV 85C Model Hold 'inst7|altpll_component|auto_generated|pll1|clk[0]'
Slack : -1.772
TNS   : -7.088

Type  : Slow 1200mV 85C Model Hold 'inst7|altpll_component|auto_generated|pll1|clk[2]'
Slack : -1.438
TNS   : -5.752

Type  : Slow 1200mV 85C Model Hold 'inst7|altpll_component|auto_generated|pll1|clk[3]'
Slack : -1.149
TNS   : -4.596

Type  : Slow 1200mV 85C Model Hold 'inst7|altpll_component|auto_generated|pll1|clk[1]'
Slack : -0.106
TNS   : -0.424

Type  : Slow 1200mV 85C Model Minimum Pulse Width 'clock'
Slack : -3.000
TNS   : -14.896

Type  : Slow 1200mV 85C Model Minimum Pulse Width 'CLK_24576'
Slack : 20.203
TNS   : 0.000

Type  : Slow 1200mV 85C Model Minimum Pulse Width 'CLK_225792'
Slack : 21.976
TNS   : 0.000

Type  : Slow 1200mV 85C Model Minimum Pulse Width 'inst7|altpll_component|auto_generated|pll1|clk[3]'
Slack : 40.232
TNS   : 0.000

Type  : Slow 1200mV 85C Model Minimum Pulse Width 'inst|altpll_component|auto_generated|pll1|clk[0]'
Slack : 43.789
TNS   : 0.000

Type  : Slow 1200mV 85C Model Minimum Pulse Width 'inst7|altpll_component|auto_generated|pll1|clk[2]'
Slack : 53.666
TNS   : 0.000

Type  : Slow 1200mV 85C Model Minimum Pulse Width 'inst|altpll_component|auto_generated|pll1|clk[1]'
Slack : 58.480
TNS   : 0.000

Type  : Slow 1200mV 85C Model Minimum Pulse Width 'inst7|altpll_component|auto_generated|pll1|clk[1]'
Slack : 60.679
TNS   : 0.000

Type  : Slow 1200mV 85C Model Minimum Pulse Width 'inst7|altpll_component|auto_generated|pll1|clk[0]'
Slack : 79.273
TNS   : 0.000

Type  : Slow 1200mV 85C Model Minimum Pulse Width 'inst|altpll_component|auto_generated|pll1|clk[2]'
Slack : 88.180
TNS   : 0.000

Type  : Slow 1200mV 0C Model Setup 'inst7|altpll_component|auto_generated|pll1|clk[1]'
Slack : -11.517
TNS   : -378.611

Type  : Slow 1200mV 0C Model Setup 'inst7|altpll_component|auto_generated|pll1|clk[0]'
Slack : -11.422
TNS   : -375.191

Type  : Slow 1200mV 0C Model Setup 'inst7|altpll_component|auto_generated|pll1|clk[3]'
Slack : -10.701
TNS   : -349.235

Type  : Slow 1200mV 0C Model Setup 'inst7|altpll_component|auto_generated|pll1|clk[2]'
Slack : -10.283
TNS   : -334.187

Type  : Slow 1200mV 0C Model Setup 'inst|altpll_component|auto_generated|pll1|clk[2]'
Slack : -9.866
TNS   : -319.175

Type  : Slow 1200mV 0C Model Setup 'inst|altpll_component|auto_generated|pll1|clk[0]'
Slack : -9.677
TNS   : -312.371

Type  : Slow 1200mV 0C Model Setup 'inst|altpll_component|auto_generated|pll1|clk[1]'
Slack : -9.183
TNS   : -294.587

Type  : Slow 1200mV 0C Model Hold 'inst|altpll_component|auto_generated|pll1|clk[1]'
Slack : -2.390
TNS   : -9.560

Type  : Slow 1200mV 0C Model Hold 'inst|altpll_component|auto_generated|pll1|clk[0]'
Slack : -1.973
TNS   : -7.892

Type  : Slow 1200mV 0C Model Hold 'inst|altpll_component|auto_generated|pll1|clk[2]'
Slack : -1.660
TNS   : -6.640

Type  : Slow 1200mV 0C Model Hold 'inst7|altpll_component|auto_generated|pll1|clk[0]'
Slack : -1.634
TNS   : -6.536

Type  : Slow 1200mV 0C Model Hold 'inst7|altpll_component|auto_generated|pll1|clk[2]'
Slack : -1.470
TNS   : -5.880

Type  : Slow 1200mV 0C Model Hold 'inst7|altpll_component|auto_generated|pll1|clk[3]'
Slack : -1.194
TNS   : -4.776

Type  : Slow 1200mV 0C Model Hold 'inst7|altpll_component|auto_generated|pll1|clk[1]'
Slack : -0.102
TNS   : -0.408

Type  : Slow 1200mV 0C Model Minimum Pulse Width 'clock'
Slack : -3.000
TNS   : -14.896

Type  : Slow 1200mV 0C Model Minimum Pulse Width 'CLK_24576'
Slack : 20.200
TNS   : 0.000

Type  : Slow 1200mV 0C Model Minimum Pulse Width 'CLK_225792'
Slack : 21.979
TNS   : 0.000

Type  : Slow 1200mV 0C Model Minimum Pulse Width 'inst7|altpll_component|auto_generated|pll1|clk[3]'
Slack : 39.894
TNS   : 0.000

Type  : Slow 1200mV 0C Model Minimum Pulse Width 'inst|altpll_component|auto_generated|pll1|clk[0]'
Slack : 43.463
TNS   : 0.000

Type  : Slow 1200mV 0C Model Minimum Pulse Width 'inst7|altpll_component|auto_generated|pll1|clk[2]'
Slack : 53.370
TNS   : 0.000

Type  : Slow 1200mV 0C Model Minimum Pulse Width 'inst|altpll_component|auto_generated|pll1|clk[1]'
Slack : 58.173
TNS   : 0.000

Type  : Slow 1200mV 0C Model Minimum Pulse Width 'inst7|altpll_component|auto_generated|pll1|clk[1]'
Slack : 60.561
TNS   : 0.000

Type  : Slow 1200mV 0C Model Minimum Pulse Width 'inst7|altpll_component|auto_generated|pll1|clk[0]'
Slack : 79.288
TNS   : 0.000

Type  : Slow 1200mV 0C Model Minimum Pulse Width 'inst|altpll_component|auto_generated|pll1|clk[2]'
Slack : 87.951
TNS   : 0.000

Type  : Fast 1200mV 0C Model Setup 'inst7|altpll_component|auto_generated|pll1|clk[1]'
Slack : -5.681
TNS   : -186.288

Type  : Fast 1200mV 0C Model Setup 'inst7|altpll_component|auto_generated|pll1|clk[0]'
Slack : -5.637
TNS   : -184.704

Type  : Fast 1200mV 0C Model Setup 'inst7|altpll_component|auto_generated|pll1|clk[3]'
Slack : -5.451
TNS   : -178.008

Type  : Fast 1200mV 0C Model Setup 'inst7|altpll_component|auto_generated|pll1|clk[2]'
Slack : -5.273
TNS   : -171.600

Type  : Fast 1200mV 0C Model Setup 'inst|altpll_component|auto_generated|pll1|clk[2]'
Slack : -4.890
TNS   : -157.812

Type  : Fast 1200mV 0C Model Setup 'inst|altpll_component|auto_generated|pll1|clk[0]'
Slack : -4.870
TNS   : -157.092

Type  : Fast 1200mV 0C Model Setup 'inst|altpll_component|auto_generated|pll1|clk[1]'
Slack : -4.660
TNS   : -149.532

Type  : Fast 1200mV 0C Model Hold 'inst|altpll_component|auto_generated|pll1|clk[1]'
Slack : -1.199
TNS   : -4.795

Type  : Fast 1200mV 0C Model Hold 'inst|altpll_component|auto_generated|pll1|clk[0]'
Slack : -1.036
TNS   : -4.143

Type  : Fast 1200mV 0C Model Hold 'inst|altpll_component|auto_generated|pll1|clk[2]'
Slack : -0.949
TNS   : -3.795

Type  : Fast 1200mV 0C Model Hold 'inst7|altpll_component|auto_generated|pll1|clk[0]'
Slack : -0.814
TNS   : -3.255

Type  : Fast 1200mV 0C Model Hold 'inst7|altpll_component|auto_generated|pll1|clk[2]'
Slack : -0.526
TNS   : -2.103

Type  : Fast 1200mV 0C Model Hold 'inst7|altpll_component|auto_generated|pll1|clk[3]'
Slack : -0.432
TNS   : -1.727

Type  : Fast 1200mV 0C Model Hold 'inst7|altpll_component|auto_generated|pll1|clk[1]'
Slack : -0.093
TNS   : -0.371

Type  : Fast 1200mV 0C Model Minimum Pulse Width 'clock'
Slack : -3.000
TNS   : -14.763

Type  : Fast 1200mV 0C Model Minimum Pulse Width 'CLK_24576'
Slack : 19.768
TNS   : 0.000

Type  : Fast 1200mV 0C Model Minimum Pulse Width 'CLK_225792'
Slack : 21.583
TNS   : 0.000

Type  : Fast 1200mV 0C Model Minimum Pulse Width 'inst7|altpll_component|auto_generated|pll1|clk[3]'
Slack : 40.143
TNS   : 0.000

Type  : Fast 1200mV 0C Model Minimum Pulse Width 'inst|altpll_component|auto_generated|pll1|clk[0]'
Slack : 43.770
TNS   : 0.000

Type  : Fast 1200mV 0C Model Minimum Pulse Width 'inst7|altpll_component|auto_generated|pll1|clk[2]'
Slack : 53.773
TNS   : 0.000

Type  : Fast 1200mV 0C Model Minimum Pulse Width 'inst|altpll_component|auto_generated|pll1|clk[1]'
Slack : 58.588
TNS   : 0.000

Type  : Fast 1200mV 0C Model Minimum Pulse Width 'inst7|altpll_component|auto_generated|pll1|clk[1]'
Slack : 60.683
TNS   : 0.000

Type  : Fast 1200mV 0C Model Minimum Pulse Width 'inst7|altpll_component|auto_generated|pll1|clk[0]'
Slack : 80.337
TNS   : 0.000

Type  : Fast 1200mV 0C Model Minimum Pulse Width 'inst|altpll_component|auto_generated|pll1|clk[2]'
Slack : 88.126
TNS   : 0.000

------------------------------------------------------------
