------------------------------------------------------------
TimeQuest Timing Analyzer Summary
------------------------------------------------------------

Type  : Slow 1200mV 85C Model Setup 'RESET'
Slack : -10.554
TNS   : -10.554

Type  : Slow 1200mV 85C Model Setup 'clock_switch_out:inst5|clk_out'
Slack : -3.180
TNS   : -81.257

Type  : Slow 1200mV 85C Model Setup 'inst7|altpll_component|auto_generated|pll1|clk[2]'
Slack : 107.138
TNS   : 0.000

Type  : Slow 1200mV 85C Model Setup 'inst|altpll_component|auto_generated|pll1|clk[1]'
Slack : 116.224
TNS   : 0.000

Type  : Slow 1200mV 85C Model Setup 'inst7|altpll_component|auto_generated|pll1|clk[1]'
Slack : 120.124
TNS   : 0.000

Type  : Slow 1200mV 85C Model Setup 'inst7|altpll_component|auto_generated|pll1|clk[0]'
Slack : 160.977
TNS   : 0.000

Type  : Slow 1200mV 85C Model Setup 'inst|altpll_component|auto_generated|pll1|clk[2]'
Slack : 175.999
TNS   : 0.000

Type  : Slow 1200mV 85C Model Hold 'clock_switch_out:inst5|clk_out'
Slack : 0.452
TNS   : 0.000

Type  : Slow 1200mV 85C Model Hold 'inst7|altpll_component|auto_generated|pll1|clk[2]'
Slack : 0.453
TNS   : 0.000

Type  : Slow 1200mV 85C Model Hold 'inst|altpll_component|auto_generated|pll1|clk[2]'
Slack : 0.453
TNS   : 0.000

Type  : Slow 1200mV 85C Model Hold 'inst7|altpll_component|auto_generated|pll1|clk[0]'
Slack : 0.454
TNS   : 0.000

Type  : Slow 1200mV 85C Model Hold 'inst|altpll_component|auto_generated|pll1|clk[1]'
Slack : 0.454
TNS   : 0.000

Type  : Slow 1200mV 85C Model Hold 'inst7|altpll_component|auto_generated|pll1|clk[1]'
Slack : 1.212
TNS   : 0.000

Type  : Slow 1200mV 85C Model Hold 'RESET'
Slack : 2.825
TNS   : 0.000

Type  : Slow 1200mV 85C Model Recovery 'inst7|altpll_component|auto_generated|pll1|clk[0]'
Slack : -3.075
TNS   : -6.150

Type  : Slow 1200mV 85C Model Recovery 'inst7|altpll_component|auto_generated|pll1|clk[2]'
Slack : -2.744
TNS   : -5.488

Type  : Slow 1200mV 85C Model Recovery 'inst|altpll_component|auto_generated|pll1|clk[1]'
Slack : -2.474
TNS   : -4.612

Type  : Slow 1200mV 85C Model Recovery 'inst|altpll_component|auto_generated|pll1|clk[2]'
Slack : -2.473
TNS   : -4.946

Type  : Slow 1200mV 85C Model Recovery 'inst7|altpll_component|auto_generated|pll1|clk[1]'
Slack : -2.212
TNS   : -2.212

Type  : Slow 1200mV 85C Model Removal 'inst7|altpll_component|auto_generated|pll1|clk[2]'
Slack : 1.813
TNS   : 0.000

Type  : Slow 1200mV 85C Model Removal 'inst|altpll_component|auto_generated|pll1|clk[1]'
Slack : 1.879
TNS   : 0.000

Type  : Slow 1200mV 85C Model Removal 'inst7|altpll_component|auto_generated|pll1|clk[1]'
Slack : 1.928
TNS   : 0.000

Type  : Slow 1200mV 85C Model Removal 'inst7|altpll_component|auto_generated|pll1|clk[0]'
Slack : 2.161
TNS   : 0.000

Type  : Slow 1200mV 85C Model Removal 'inst|altpll_component|auto_generated|pll1|clk[2]'
Slack : 2.259
TNS   : 0.000

Type  : Slow 1200mV 85C Model Minimum Pulse Width 'RESET'
Slack : -3.000
TNS   : -3.000

Type  : Slow 1200mV 85C Model Minimum Pulse Width 'clock_switch_out:inst5|clk_out'
Slack : -1.487
TNS   : -53.532

Type  : Slow 1200mV 85C Model Minimum Pulse Width 'CLK_24576'
Slack : 20.279
TNS   : 0.000

Type  : Slow 1200mV 85C Model Minimum Pulse Width 'CLK_225792'
Slack : 22.078
TNS   : 0.000

Type  : Slow 1200mV 85C Model Minimum Pulse Width 'inst7|altpll_component|auto_generated|pll1|clk[2]'
Slack : 53.974
TNS   : 0.000

Type  : Slow 1200mV 85C Model Minimum Pulse Width 'inst|altpll_component|auto_generated|pll1|clk[1]'
Slack : 58.770
TNS   : 0.000

Type  : Slow 1200mV 85C Model Minimum Pulse Width 'inst7|altpll_component|auto_generated|pll1|clk[1]'
Slack : 60.755
TNS   : 0.000

Type  : Slow 1200mV 85C Model Minimum Pulse Width 'inst7|altpll_component|auto_generated|pll1|clk[0]'
Slack : 81.100
TNS   : 0.000

Type  : Slow 1200mV 85C Model Minimum Pulse Width 'inst|altpll_component|auto_generated|pll1|clk[2]'
Slack : 88.297
TNS   : 0.000

Type  : Slow 1200mV 0C Model Setup 'RESET'
Slack : -9.941
TNS   : -9.941

Type  : Slow 1200mV 0C Model Setup 'clock_switch_out:inst5|clk_out'
Slack : -2.767
TNS   : -69.452

Type  : Slow 1200mV 0C Model Setup 'inst7|altpll_component|auto_generated|pll1|clk[2]'
Slack : 107.272
TNS   : 0.000

Type  : Slow 1200mV 0C Model Setup 'inst|altpll_component|auto_generated|pll1|clk[1]'
Slack : 116.320
TNS   : 0.000

Type  : Slow 1200mV 0C Model Setup 'inst7|altpll_component|auto_generated|pll1|clk[1]'
Slack : 120.268
TNS   : 0.000

Type  : Slow 1200mV 0C Model Setup 'inst7|altpll_component|auto_generated|pll1|clk[0]'
Slack : 161.077
TNS   : 0.000

Type  : Slow 1200mV 0C Model Setup 'inst|altpll_component|auto_generated|pll1|clk[2]'
Slack : 176.081
TNS   : 0.000

Type  : Slow 1200mV 0C Model Hold 'clock_switch_out:inst5|clk_out'
Slack : 0.401
TNS   : 0.000

Type  : Slow 1200mV 0C Model Hold 'inst7|altpll_component|auto_generated|pll1|clk[0]'
Slack : 0.401
TNS   : 0.000

Type  : Slow 1200mV 0C Model Hold 'inst7|altpll_component|auto_generated|pll1|clk[2]'
Slack : 0.401
TNS   : 0.000

Type  : Slow 1200mV 0C Model Hold 'inst|altpll_component|auto_generated|pll1|clk[1]'
Slack : 0.401
TNS   : 0.000

Type  : Slow 1200mV 0C Model Hold 'inst|altpll_component|auto_generated|pll1|clk[2]'
Slack : 0.402
TNS   : 0.000

Type  : Slow 1200mV 0C Model Hold 'inst7|altpll_component|auto_generated|pll1|clk[1]'
Slack : 1.118
TNS   : 0.000

Type  : Slow 1200mV 0C Model Hold 'RESET'
Slack : 2.660
TNS   : 0.000

Type  : Slow 1200mV 0C Model Recovery 'inst7|altpll_component|auto_generated|pll1|clk[0]'
Slack : -2.777
TNS   : -5.554

Type  : Slow 1200mV 0C Model Recovery 'inst7|altpll_component|auto_generated|pll1|clk[2]'
Slack : -2.474
TNS   : -4.948

Type  : Slow 1200mV 0C Model Recovery 'inst|altpll_component|auto_generated|pll1|clk[1]'
Slack : -2.067
TNS   : -3.828

Type  : Slow 1200mV 0C Model Recovery 'inst|altpll_component|auto_generated|pll1|clk[2]'
Slack : -2.063
TNS   : -4.126

Type  : Slow 1200mV 0C Model Recovery 'inst7|altpll_component|auto_generated|pll1|clk[1]'
Slack : -1.830
TNS   : -1.830

Type  : Slow 1200mV 0C Model Removal 'inst7|altpll_component|auto_generated|pll1|clk[2]'
Slack : 1.521
TNS   : 0.000

Type  : Slow 1200mV 0C Model Removal 'inst|altpll_component|auto_generated|pll1|clk[1]'
Slack : 1.677
TNS   : 0.000

Type  : Slow 1200mV 0C Model Removal 'inst7|altpll_component|auto_generated|pll1|clk[1]'
Slack : 1.735
TNS   : 0.000

Type  : Slow 1200mV 0C Model Removal 'inst7|altpll_component|auto_generated|pll1|clk[0]'
Slack : 1.837
TNS   : 0.000

Type  : Slow 1200mV 0C Model Removal 'inst|altpll_component|auto_generated|pll1|clk[2]'
Slack : 2.032
TNS   : 0.000

Type  : Slow 1200mV 0C Model Minimum Pulse Width 'RESET'
Slack : -3.000
TNS   : -3.000

Type  : Slow 1200mV 0C Model Minimum Pulse Width 'clock_switch_out:inst5|clk_out'
Slack : -1.487
TNS   : -53.976

Type  : Slow 1200mV 0C Model Minimum Pulse Width 'CLK_24576'
Slack : 20.288
TNS   : 0.000

Type  : Slow 1200mV 0C Model Minimum Pulse Width 'CLK_225792'
Slack : 22.087
TNS   : 0.000

Type  : Slow 1200mV 0C Model Minimum Pulse Width 'inst7|altpll_component|auto_generated|pll1|clk[2]'
Slack : 53.971
TNS   : 0.000

Type  : Slow 1200mV 0C Model Minimum Pulse Width 'inst|altpll_component|auto_generated|pll1|clk[1]'
Slack : 58.769
TNS   : 0.000

Type  : Slow 1200mV 0C Model Minimum Pulse Width 'inst7|altpll_component|auto_generated|pll1|clk[1]'
Slack : 60.752
TNS   : 0.000

Type  : Slow 1200mV 0C Model Minimum Pulse Width 'inst7|altpll_component|auto_generated|pll1|clk[0]'
Slack : 81.098
TNS   : 0.000

Type  : Slow 1200mV 0C Model Minimum Pulse Width 'inst|altpll_component|auto_generated|pll1|clk[2]'
Slack : 88.295
TNS   : 0.000

Type  : Fast 1200mV 0C Model Setup 'RESET'
Slack : -4.220
TNS   : -4.220

Type  : Fast 1200mV 0C Model Setup 'clock_switch_out:inst5|clk_out'
Slack : -0.842
TNS   : -15.705

Type  : Fast 1200mV 0C Model Setup 'inst7|altpll_component|auto_generated|pll1|clk[2]'
Slack : 107.903
TNS   : 0.000

Type  : Fast 1200mV 0C Model Setup 'inst|altpll_component|auto_generated|pll1|clk[1]'
Slack : 117.242
TNS   : 0.000

Type  : Fast 1200mV 0C Model Setup 'inst7|altpll_component|auto_generated|pll1|clk[1]'
Slack : 121.258
TNS   : 0.000

Type  : Fast 1200mV 0C Model Setup 'inst7|altpll_component|auto_generated|pll1|clk[0]'
Slack : 161.968
TNS   : 0.000

Type  : Fast 1200mV 0C Model Setup 'inst|altpll_component|auto_generated|pll1|clk[2]'
Slack : 176.640
TNS   : 0.000

Type  : Fast 1200mV 0C Model Hold 'clock_switch_out:inst5|clk_out'
Slack : 0.185
TNS   : 0.000

Type  : Fast 1200mV 0C Model Hold 'inst7|altpll_component|auto_generated|pll1|clk[0]'
Slack : 0.186
TNS   : 0.000

Type  : Fast 1200mV 0C Model Hold 'inst7|altpll_component|auto_generated|pll1|clk[2]'
Slack : 0.186
TNS   : 0.000

Type  : Fast 1200mV 0C Model Hold 'inst|altpll_component|auto_generated|pll1|clk[1]'
Slack : 0.186
TNS   : 0.000

Type  : Fast 1200mV 0C Model Hold 'inst|altpll_component|auto_generated|pll1|clk[2]'
Slack : 0.186
TNS   : 0.000

Type  : Fast 1200mV 0C Model Hold 'inst7|altpll_component|auto_generated|pll1|clk[1]'
Slack : 0.494
TNS   : 0.000

Type  : Fast 1200mV 0C Model Hold 'RESET'
Slack : 0.758
TNS   : 0.000

Type  : Fast 1200mV 0C Model Recovery 'inst7|altpll_component|auto_generated|pll1|clk[0]'
Slack : -1.901
TNS   : -3.802

Type  : Fast 1200mV 0C Model Recovery 'inst7|altpll_component|auto_generated|pll1|clk[2]'
Slack : -1.750
TNS   : -3.500

Type  : Fast 1200mV 0C Model Recovery 'inst|altpll_component|auto_generated|pll1|clk[1]'
Slack : -1.333
TNS   : -2.499

Type  : Fast 1200mV 0C Model Recovery 'inst|altpll_component|auto_generated|pll1|clk[2]'
Slack : -1.314
TNS   : -2.628

Type  : Fast 1200mV 0C Model Recovery 'inst7|altpll_component|auto_generated|pll1|clk[1]'
Slack : -1.213
TNS   : -1.213

Type  : Fast 1200mV 0C Model Removal 'inst7|altpll_component|auto_generated|pll1|clk[2]'
Slack : 0.817
TNS   : 0.000

Type  : Fast 1200mV 0C Model Removal 'inst|altpll_component|auto_generated|pll1|clk[1]'
Slack : 0.833
TNS   : 0.000

Type  : Fast 1200mV 0C Model Removal 'inst7|altpll_component|auto_generated|pll1|clk[1]'
Slack : 0.839
TNS   : 0.000

Type  : Fast 1200mV 0C Model Removal 'inst7|altpll_component|auto_generated|pll1|clk[0]'
Slack : 0.963
TNS   : 0.000

Type  : Fast 1200mV 0C Model Removal 'inst|altpll_component|auto_generated|pll1|clk[2]'
Slack : 0.999
TNS   : 0.000

Type  : Fast 1200mV 0C Model Minimum Pulse Width 'RESET'
Slack : -3.000
TNS   : -3.006

Type  : Fast 1200mV 0C Model Minimum Pulse Width 'clock_switch_out:inst5|clk_out'
Slack : -1.000
TNS   : -36.000

Type  : Fast 1200mV 0C Model Minimum Pulse Width 'CLK_24576'
Slack : 19.939
TNS   : 0.000

Type  : Fast 1200mV 0C Model Minimum Pulse Width 'CLK_225792'
Slack : 21.738
TNS   : 0.000

Type  : Fast 1200mV 0C Model Minimum Pulse Width 'inst7|altpll_component|auto_generated|pll1|clk[2]'
Slack : 54.051
TNS   : 0.000

Type  : Fast 1200mV 0C Model Minimum Pulse Width 'inst|altpll_component|auto_generated|pll1|clk[1]'
Slack : 58.849
TNS   : 0.000

Type  : Fast 1200mV 0C Model Minimum Pulse Width 'inst7|altpll_component|auto_generated|pll1|clk[1]'
Slack : 60.832
TNS   : 0.000

Type  : Fast 1200mV 0C Model Minimum Pulse Width 'inst7|altpll_component|auto_generated|pll1|clk[0]'
Slack : 81.178
TNS   : 0.000

Type  : Fast 1200mV 0C Model Minimum Pulse Width 'inst|altpll_component|auto_generated|pll1|clk[2]'
Slack : 88.374
TNS   : 0.000

------------------------------------------------------------
